Microchip MPLAB XC8 Compiler V2.10 ()

Linker command line:

-W-3 --edf=C:\Program Files (x86)\Microchip\xc8\v2.10\pic\dat\en_msgs.txt \
  -cs -h+dist/default/production\robouvc.X.production.sym \
  --cmf=dist/default/production\robouvc.X.production.cmf -z -Q18F4431 \
  -oD:\usuarios\Hiro\AppData\Local\Temp\scug.2 --defsym=__MPLAB_BUILD=1 \
  -Mdist/default/production/robouvc.X.production.map -E1 -ver=XC8 \
  --acfsm=1493 -ASTACK=017Eh-02FFh -pstack=STACK -ACODE=00h-03FFFh \
  -ACONST=00h-03FFFh -ASMALLCONST=0300h-03FFhx61 -AMEDIUMCONST=0300h-03FFFh \
  -ACOMRAM=01h-05Fh -AABS1=00h-02FFh -ABIGRAM=01h-02FFh \
  -ARAM=060h-0FFh,0100h-01FFhx2 -ABANK0=060h-0FFh -ABANK1=0100h-01FFh \
  -ABANK2=0200h-02FFh -ASFR=0F60h-0FFFh \
  -preset_vec=00h,intcode=08h,intcodelo,powerup,init -pramtop=0300h \
  -psmallconst=SMALLCONST -pmediumconst=MEDIUMCONST -pconst=CONST \
  -AFARRAM=00h-00h -ACONFIG=0300000h-030000Dh -pconfig=CONFIG \
  -AIDLOC=0200000h-0200007h -pidloc=IDLOC -AEEDATA=0F00000h-0F000FFh \
  -peeprom_data=EEDATA \
  -prdata=COMRAM,nvrram=COMRAM,nvbit=COMRAM,rbss=COMRAM,rbit=COMRAM \
  -pfarbss=FARRAM,fardata=FARRAM,nvFARRAM=FARRAM \
  -pintsave_regs=BIGRAM,bigbss=BIGRAM,bigdata=BIGRAM -pbss=RAM \
  -pidata=CODE,irdata=CODE,ibigdata=CODE,ifardata=CODE -prparam=COMRAM \
  D:\usuarios\Hiro\AppData\Local\Temp\scug.o \
  dist/default/production\robouvc.X.production.o 

Object code version is 3.11

Machine type is 18F4431

Call graph: (short form)




                Name                               Link     Load   Length Selector   Space Scale
D:\usuarios\Hiro\AppData\Local\Temp\scug.o
                init                                2B2      2B2        4        4       0
                reset_vec                             0        0        4        0       0
                idloc                            200000   200000        8   200000       0
                config                           300000   300000        E   300000       0
dist/default/production\robouvc.X.production.o
                intcode                               8        8      2AA        4       0
                temp                                 5F       5F        1        1       1
                smallconst                          300      300       A0      180       0
                text60                             3C9E     3C9E        4     1E4F       0
                text59                             3C8A     3C8A        A      1D0       0
                text58                             2E80     2E80      104      1D0       0
                text57                             2C76     2C76      106      1D0       0
                text56                             38B2     38B2       5A      1D0       0
                text55                             1166     1166      42A      1D0       0
                text54                             20D4     20D4      1B4      1D0       0
                text53                             374E     374E       A8      1D0       0
                text52                             294A     294A      114      1D0       0
                text51                             26E6     26E6      144      1D0       0
                text50                             36A4     36A4       AA      1D0       0
                text49                              87A      87A      4C0      1D0       0
                text48                             39A4     39A4       46      1D0       0
                text47                             3B90     3B90       26      1D0       0
                text46                             3B6A     3B6A       26      1D0       0
                text45                             3B44     3B44       26      1D0       0
                text44                             3B1E     3B1E       26      1D0       0
                text43                             3AF8     3AF8       26      1D0       0
                text42                             3856     3856       5C      1D0       0
                text41                             2A5E     2A5E      110      1D0       0
                text40                             1590     1590      39A      1D0       0
                text39                             2288     2288      192      1D0       0
                text38                             1C52     1C52      2CA      1D0       0
                text37                             3C4C     3C4C       10      1D0       0
                text36                             3C6A     3C6A        C      1D0       0
                text35                             354A     354A       B0      1D0       0
                text33                             3C80     3C80        A      1D0       0
                text32                             3BDA     3BDA       24      1D0       0
                text31                             3CA2     3CA2        2     1E4F       0
                text30                             3BB6     3BB6       24      1D0       0
                text29                             3C1E     3C1E       1E      1D0       0
                text28                             3C76     3C76        A      1D0       0
                text27                             3C3C     3C3C       10      1D0       0
                text26                             3C5C     3C5C        E      1D0       0
                text25                             3248     3248       CC      1D0       0
                text24                             2B6E     2B6E      108      1D0       0
                text23                             37F6     37F6       60      1D0       0
                text22                              D3A      D3A      42C      1D0       0
                text21                             1F1C     1F1C      1B8      1D0       0
                text20                             35FA     35FA       AA      1D0       0
                text19                             282A     282A      120      1D0       0
                text18                             3314     3314       C6      1D0       0
                text17                             3498     3498       B2      1D0       0
                text16                             33DA     33DA       BE      1D0       0
                text15                             192A     192A      328      1D0       0
                text14                             3BFE     3BFE       20      1D0       0
                text13                             2D7C     2D7C      104      1D0       0
                text12                             3076     3076       F2      1D0       0
                text11                             2F84     2F84       F2      1D0       0
                text10                             39EA     39EA       3E      1D0       0
                text9                              3168     3168       E0      1D0       0
                text8                              390C     390C       52      1D0       0
                text7                              25A2     25A2      144      1D0       0
                text6                              3AD0     3AD0       28      1D0       0
                text5                              3AA6     3AA6       2A      1D0       0
                text4                              3A7C     3A7C       2A      1D0       0
                text3                              3A52     3A52       2A      1D0       0
                text2                              3A28     3A28       2A      1D0       0
                text1                               3A0      3A0      4DA      1D0       0
                text0                              241A     241A      188      1D0       0
                cstackCOMRAM                          1        1       5E        1       1
                cstackBANK0                          60       60       55       60       1
                cstackBANK1                         162      162       1C      100       1
                bssBANK1                            100      100       62      100       1
                dataBANK0                            D9       D9        9       60       1
                bssBANK0                             B5       B5       24       60       1
                cinit                              395E     395E       46      1D0       0
                idataBANK0                         3C94     3C94        9      1D0       0

TOTAL           Name                               Link     Load   Length     Space
        CLASS   STACK          

        CLASS   CODE           
                intcode                               8        8      2AA         0
                init                                2B2      2B2        4         0
                reset_vec                             0        0        4         0
                text60                             3C9E     3C9E        4         0
                text59                             3C8A     3C8A        A         0
                text58                             2E80     2E80      104         0
                text57                             2C76     2C76      106         0
                text56                             38B2     38B2       5A         0
                text55                             1166     1166      42A         0
                text54                             20D4     20D4      1B4         0
                text53                             374E     374E       A8         0
                text52                             294A     294A      114         0
                text51                             26E6     26E6      144         0
                text50                             36A4     36A4       AA         0
                text49                              87A      87A      4C0         0
                text48                             39A4     39A4       46         0
                text47                             3B90     3B90       26         0
                text46                             3B6A     3B6A       26         0
                text45                             3B44     3B44       26         0
                text44                             3B1E     3B1E       26         0
                text43                             3AF8     3AF8       26         0
                text42                             3856     3856       5C         0
                text41                             2A5E     2A5E      110         0
                text40                             1590     1590      39A         0
                text39                             2288     2288      192         0
                text38                             1C52     1C52      2CA         0
                text37                             3C4C     3C4C       10         0
                text36                             3C6A     3C6A        C         0
                text35                             354A     354A       B0         0
                text33                             3C80     3C80        A         0
                text32                             3BDA     3BDA       24         0
                text31                             3CA2     3CA2        2         0
                text30                             3BB6     3BB6       24         0
                text29                             3C1E     3C1E       1E         0
                text28                             3C76     3C76        A         0
                text27                             3C3C     3C3C       10         0
                text26                             3C5C     3C5C        E         0
                text25                             3248     3248       CC         0
                text24                             2B6E     2B6E      108         0
                text23                             37F6     37F6       60         0
                text22                              D3A      D3A      42C         0
                text21                             1F1C     1F1C      1B8         0
                text20                             35FA     35FA       AA         0
                text19                             282A     282A      120         0
                text18                             3314     3314       C6         0
                text17                             3498     3498       B2         0
                text16                             33DA     33DA       BE         0
                text15                             192A     192A      328         0
                text14                             3BFE     3BFE       20         0
                text13                             2D7C     2D7C      104         0
                text12                             3076     3076       F2         0
                text11                             2F84     2F84       F2         0
                text10                             39EA     39EA       3E         0
                text9                              3168     3168       E0         0
                text8                              390C     390C       52         0
                text7                              25A2     25A2      144         0
                text6                              3AD0     3AD0       28         0
                text5                              3AA6     3AA6       2A         0
                text4                              3A7C     3A7C       2A         0
                text3                              3A52     3A52       2A         0
                text2                              3A28     3A28       2A         0
                text1                               3A0      3A0      4DA         0
                text0                              241A     241A      188         0
                cinit                              395E     395E       46         0
                idataBANK0                         3C94     3C94        9         0

        CLASS   CONST          

        CLASS   SMALLCONST     
                smallconst                          300      300       A0         0

        CLASS   MEDIUMCONST    

        CLASS   COMRAM         
                temp                                 5F       5F        1         1
                cstackCOMRAM                          1        1       5E         1

        CLASS   ABS1           

        CLASS   BIGRAM         

        CLASS   RAM            

        CLASS   BANK0          
                cstackBANK0                          60       60       55         1
                dataBANK0                            D9       D9        9         1
                bssBANK0                             B5       B5       24         1

        CLASS   BANK1          
                cstackBANK1                         162      162       1C         1
                bssBANK1                            100      100       62         1

        CLASS   BANK2          

        CLASS   SFR            

        CLASS   FARRAM         

        CLASS   CONFIG         
                config                           300000   300000        E         0

        CLASS   IDLOC          
                idloc                            200000   200000        8         0

        CLASS   EEDATA         



SEGMENTS        Name                           Load    Length   Top    Selector   Space  Class

                reset_vec                      000000  000004  000004         0       0  CODE    
                cstackCOMRAM                   000001  00005F  000060         1       1  COMRAM  
                intcode                        000008  0002AE  0002B6         4       0  CODE    
                cstackBANK0                    000060  000082  0000E2        60       1  BANK0   
                bssBANK1                       000100  00007E  00017E       100       1  BANK1   
                smallconst                     000300  0000A0  0003A0       180       0  SMALLCON
                text1                          0003A0  0038FD  003C9D       1D0       0  CODE    
                text60                         003C9E  000006  003CA4      1E4F       0  CODE    
                idloc                          200000  000008  200008    200000       0  IDLOC   
                config                         300000  00000E  30000E    300000       0  CONFIG  


UNUSED ADDRESS RANGES

        Name                Unused          Largest block    Delta
        BANK0            0000E2-0000FF               1E
        BANK1            00017E-0001FF               82
        BANK2            000200-0002FF              100
        BIGRAM           0000E2-0000FF               1E
                         00017E-0002FF              182
        CODE             000004-000007                4
                         0002B6-0002FF               4A
                         003C9D-003C9D                1
                         003CA4-003FFF              35C
        CONST            000004-000007                4
                         0002B6-0002FF               4A
                         003C9D-003C9D                1
                         003CA4-003FFF              35C
        EEDATA           F00000-F000FF              100
        MEDIUMCONST      003C9D-003C9D                1
                         003CA4-003FFF              35C
        RAM              0000E2-0000FF               1E
                         00017E-0002FF               82
        SFR              000F60-000FFF               A0
        SMALLCONST       003C9D-003C9D                1
                         003CA4-003FFF              100
        STACK            00017E-0002FF              182

                                  Symbol Table

?___awdiv                   cstackBANK0  00007E
?___awmod                   cstackBANK0  000086
?___fladd                   cstackCOMRAM 000028
?___fldiv                   cstackCOMRAM 000040
?___flmul                   cstackBANK0  00008C
?___flsub                   cstackCOMRAM 000038
?___fltol                   cstackBANK0  00007E
?___wmul                    cstackBANK0  00007E
?___xxtofl                  cstackBANK0  00007E
?_bitExtract                cstackBANK0  00007E
?_getAD_AN                  cstackBANK0  0000AD
?_getAD_ANbit               cstackBANK0  00008C
?_myStrncmp                 cstackBANK0  00008D
?_posicao                   cstackCOMRAM 000059
?_readAD_AN                 cstackBANK0  0000A5
?_readAD_ANbit              cstackBANK0  00007E
?_strlen                    cstackBANK0  00007E
?_strncmp                   cstackBANK0  000082
?_valorConvUART             cstackBANK0  0000B3
?_valorConvUARTbit          cstackBANK0  000090
?i2___flmul                 cstackCOMRAM 00000F
?i2___fltol                 cstackCOMRAM 000040
?i2___wmul                  cstackCOMRAM 000001
?i2___xxtofl                cstackCOMRAM 000001
?i2_bitExtract              cstackCOMRAM 000001
?i2_getAD_AN                cstackCOMRAM 00004A
?i2_readAD_AN               cstackCOMRAM 000028
UARTReadChar@ler            cstackBANK0  00007E
UARTSendChar@c              cstackBANK0  00007E
UARTSendString@i            cstackBANK1  000175
UARTSendString@max_length   cstackBANK1  000171
UARTSendString@str          cstackBANK1  00016F
_ADCHSbits                  (abs)        000F99
_ADCON0bits                 (abs)        000FC2
_ADCON1bits                 (abs)        000FC1
_ADCON2bits                 (abs)        000FC0
_ADCON3                     (abs)        000F9A
_ADRESH                     (abs)        000FC4
_ADRESL                     (abs)        000FC3
_ANSEL0                     (abs)        000FB8
_ANSEL1                     (abs)        000FB9
_D                          bssBANK1     00015E
_DTCON                      (abs)        000F6D
_I                          bssBANK0     0000B9
_INTCONbits                 (abs)        000FF2
_ISR                        intcode      000008
_OVDCOND                    (abs)        000F6B
_OVDCONS                    (abs)        000F6A
_P                          bssBANK0     0000BD
_PDC0H                      (abs)        000F78
_PDC0L                      (abs)        000F79
_PDC1H                      (abs)        000F76
_PDC1L                      (abs)        000F77
_PDC2H                      (abs)        000F74
_PDC2L                      (abs)        000F75
_PDC3H                      (abs)        000F72
_PDC3L                      (abs)        000F73
_PID                        bssBANK1     00015A
_PIE1bits                   (abs)        000F9D
_PIR1bits                   (abs)        000F9E
_PORTB                      (abs)        000F81
_PORTBbits                  (abs)        000F81
_PORTC                      (abs)        000F82
_PORTD                      (abs)        000F83
_PORTE                      (abs)        000F84
_PTCON0                     (abs)        000F7F
_PTCON1                     (abs)        000F7E
_PTPERH                     (abs)        000F7A
_PTPERL                     (abs)        000F7B
_PWMCON0                    (abs)        000F6F
_PWMCON1                    (abs)        000F6E
_RC0                        (abs)        007C10
_RC1                        (abs)        007C11
_RC2                        (abs)        007C12
_RC3                        (abs)        007C13
_RCREG                      (abs)        000FAE
_RCSTAbits                  (abs)        000FAB
_SPBRG                      (abs)        000FAF
_T0CON                      (abs)        000FD5
_TMR0IF                     (abs)        007F92
_TMR0L                      (abs)        000FD6
_TMR0ON                     (abs)        007EAF
_TRISA                      (abs)        000F92
_TRISB                      (abs)        000F93
_TRISC                      (abs)        000F94
_TRISCbits                  (abs)        000F94
_TRISD                      (abs)        000F95
_TRISE                      (abs)        000F96
_TRMT                       (abs)        007D61
_TXREG                      (abs)        000FAD
_TXSTAbits                  (abs)        000FAC
_UARTReadChar               text33       003C80
_UARTSendChar               text26       003C5C
_UARTSendString             text25       003248
_UARTWriteTest              text27       003C3C
__CFG_BOREN$OFF             (abs)        000000
__CFG_CP0$OFF               (abs)        000000
__CFG_CP1$OFF               (abs)        000000
__CFG_CP2$OFF               (abs)        000000
__CFG_CP3$OFF               (abs)        000000
__CFG_CPB$OFF               (abs)        000000
__CFG_CPD$OFF               (abs)        000000
__CFG_EBTR0$OFF             (abs)        000000
__CFG_EBTR1$OFF             (abs)        000000
__CFG_EBTR2$OFF             (abs)        000000
__CFG_EBTR3$OFF             (abs)        000000
__CFG_EBTRB$OFF             (abs)        000000
__CFG_FCMEN$ON              (abs)        000000
__CFG_HPOL$HIGH             (abs)        000000
__CFG_IESO$ON               (abs)        000000
__CFG_LPOL$HIGH             (abs)        000000
__CFG_LVP$ON                (abs)        000000
__CFG_MCLRE$ON              (abs)        000000
__CFG_OSC$HS                (abs)        000000
__CFG_PWMPIN$OFF            (abs)        000000
__CFG_PWRTEN$OFF            (abs)        000000
__CFG_STVREN$ON             (abs)        000000
__CFG_T1OSCMX$ON            (abs)        000000
__CFG_WDPS$32768            (abs)        000000
__CFG_WDTEN$OFF             (abs)        000000
__CFG_WINEN$OFF             (abs)        000000
__CFG_WRT0$OFF              (abs)        000000
__CFG_WRT1$OFF              (abs)        000000
__CFG_WRT2$OFF              (abs)        000000
__CFG_WRT3$OFF              (abs)        000000
__CFG_WRTB$OFF              (abs)        000000
__CFG_WRTC$OFF              (abs)        000000
__CFG_WRTD$OFF              (abs)        000000
__HRAM                      (abs)        000000
__Habs1                     abs1         000000
__Hbank0                    bank0        000000
__Hbank1                    bank1        000000
__Hbank2                    bank2        000000
__Hbigbss                   bigbss       000000
__Hbigdata                  bigdata      000000
__Hbigram                   bigram       000000
__Hbss                      bss          000000
__HbssBANK0                 bssBANK0     000000
__HbssBANK1                 bssBANK1     000000
__Hcinit                    cinit        000000
__Hclrtext                  clrtext      000000
__Hcomram                   comram       000000
__Hconfig                   config       30000E
__Hconst                    const        000000
__HcstackBANK0              cstackBANK0  000000
__HcstackBANK1              cstackBANK1  000000
__HcstackCOMRAM             cstackCOMRAM 000000
__Hdata                     data         000000
__HdataBANK0                dataBANK0    000000
__Heeprom_data              eeprom_data  000000
__Hfarbss                   farbss       000000
__Hfardata                  fardata      000000
__Hibigdata                 ibigdata     000000
__Hidata                    idata        000000
__HidataBANK0               idataBANK0   000000
__Hidloc                    idloc        200008
__Hifardata                 ifardata     000000
__Hinit                     init         0002B6
__Hintcode                  intcode      0002B2
__Hintcode_body             intcode_body 000000
__Hintcodelo                intcodelo    0002B2
__Hintentry                 intentry     000000
__Hintret                   intret       000000
__Hintsave_regs             intsave_regs 000000
__Hirdata                   irdata       000000
__Hmediumconst              mediumconst  000000
__HnvFARRAM                 nvFARRAM     000000
__Hnvbit                    nvbit        000000
__Hnvrram                   nvrram       000000
__Hparam                    rparam       000000
__Hpowerup                  powerup      0002B2
__Hram                      ram          000000
__Hramtop                   ramtop       000300
__Hrbit                     rbit         000000
__Hrbss                     rbss         000000
__Hrdata                    rdata        000000
__Hreset_vec                reset_vec    000004
__Hrparam                   rparam       000000
__Hsfr                      sfr          000000
__Hsmallconst               smallconst   0003A0
__Hspace_0                  (abs)        30000E
__Hspace_1                  (abs)        00017E
__Hspace_2                  (abs)        000000
__Hstack                    stack        000000
__Hstruct                   struct       000000
__Htemp                     temp         000060
__Htext                     text         000000
__Htext0                    text0        000000
__Htext1                    text1        000000
__Htext10                   text10       000000
__Htext11                   text11       000000
__Htext12                   text12       000000
__Htext13                   text13       000000
__Htext14                   text14       000000
__Htext15                   text15       000000
__Htext16                   text16       000000
__Htext17                   text17       000000
__Htext18                   text18       000000
__Htext19                   text19       000000
__Htext2                    text2        000000
__Htext20                   text20       000000
__Htext21                   text21       000000
__Htext22                   text22       000000
__Htext23                   text23       000000
__Htext24                   text24       000000
__Htext25                   text25       000000
__Htext26                   text26       000000
__Htext27                   text27       000000
__Htext28                   text28       000000
__Htext29                   text29       000000
__Htext3                    text3        000000
__Htext30                   text30       000000
__Htext31                   text31       000000
__Htext32                   text32       000000
__Htext33                   text33       000000
__Htext35                   text35       000000
__Htext36                   text36       000000
__Htext37                   text37       000000
__Htext38                   text38       000000
__Htext39                   text39       000000
__Htext4                    text4        000000
__Htext40                   text40       000000
__Htext41                   text41       000000
__Htext42                   text42       000000
__Htext43                   text43       000000
__Htext44                   text44       000000
__Htext45                   text45       000000
__Htext46                   text46       000000
__Htext47                   text47       000000
__Htext48                   text48       000000
__Htext49                   text49       000000
__Htext5                    text5        000000
__Htext50                   text50       000000
__Htext51                   text51       000000
__Htext52                   text52       000000
__Htext53                   text53       000000
__Htext54                   text54       000000
__Htext55                   text55       000000
__Htext56                   text56       000000
__Htext57                   text57       000000
__Htext58                   text58       000000
__Htext59                   text59       000000
__Htext6                    text6        000000
__Htext60                   text60       000000
__Htext7                    text7        000000
__Htext8                    text8        000000
__Htext9                    text9        000000
__LRAM                      (abs)        000001
__Labs1                     abs1         000000
__Lbank0                    bank0        000000
__Lbank1                    bank1        000000
__Lbank2                    bank2        000000
__Lbigbss                   bigbss       000000
__Lbigdata                  bigdata      000000
__Lbigram                   bigram       000000
__Lbss                      bss          000000
__LbssBANK0                 bssBANK0     000000
__LbssBANK1                 bssBANK1     000000
__Lcinit                    cinit        000000
__Lclrtext                  clrtext      000000
__Lcomram                   comram       000000
__Lconfig                   config       300000
__Lconst                    const        000000
__LcstackBANK0              cstackBANK0  000000
__LcstackBANK1              cstackBANK1  000000
__LcstackCOMRAM             cstackCOMRAM 000000
__Ldata                     data         000000
__LdataBANK0                dataBANK0    000000
__Leeprom_data              eeprom_data  000000
__Lfarbss                   farbss       000000
__Lfardata                  fardata      000000
__Libigdata                 ibigdata     000000
__Lidata                    idata        000000
__LidataBANK0               idataBANK0   000000
__Lidloc                    idloc        200000
__Lifardata                 ifardata     000000
__Linit                     init         0002B2
__Lintcode                  intcode      000008
__Lintcode_body             intcode_body 000000
__Lintcodelo                intcodelo    0002B2
__Lintentry                 intentry     000000
__Lintret                   intret       000000
__Lintsave_regs             intsave_regs 000000
__Lirdata                   irdata       000000
__Lmediumconst              mediumconst  000000
__LnvFARRAM                 nvFARRAM     000000
__Lnvbit                    nvbit        000000
__Lnvrram                   nvrram       000000
__Lparam                    rparam       000000
__Lpowerup                  powerup      0002B2
__Lram                      ram          000000
__Lramtop                   ramtop       000300
__Lrbit                     rbit         000000
__Lrbss                     rbss         000000
__Lrdata                    rdata        000000
__Lreset_vec                reset_vec    000000
__Lrparam                   rparam       000000
__Lsfr                      sfr          000000
__Lsmallconst               smallconst   000300
__Lspace_0                  (abs)        000000
__Lspace_1                  (abs)        000000
__Lspace_2                  (abs)        000000
__Lstack                    stack        000000
__Lstruct                   struct       000000
__Ltemp                     temp         00005F
__Ltext                     text         000000
__Ltext0                    text0        000000
__Ltext1                    text1        000000
__Ltext10                   text10       000000
__Ltext11                   text11       000000
__Ltext12                   text12       000000
__Ltext13                   text13       000000
__Ltext14                   text14       000000
__Ltext15                   text15       000000
__Ltext16                   text16       000000
__Ltext17                   text17       000000
__Ltext18                   text18       000000
__Ltext19                   text19       000000
__Ltext2                    text2        000000
__Ltext20                   text20       000000
__Ltext21                   text21       000000
__Ltext22                   text22       000000
__Ltext23                   text23       000000
__Ltext24                   text24       000000
__Ltext25                   text25       000000
__Ltext26                   text26       000000
__Ltext27                   text27       000000
__Ltext28                   text28       000000
__Ltext29                   text29       000000
__Ltext3                    text3        000000
__Ltext30                   text30       000000
__Ltext31                   text31       000000
__Ltext32                   text32       000000
__Ltext33                   text33       000000
__Ltext35                   text35       000000
__Ltext36                   text36       000000
__Ltext37                   text37       000000
__Ltext38                   text38       000000
__Ltext39                   text39       000000
__Ltext4                    text4        000000
__Ltext40                   text40       000000
__Ltext41                   text41       000000
__Ltext42                   text42       000000
__Ltext43                   text43       000000
__Ltext44                   text44       000000
__Ltext45                   text45       000000
__Ltext46                   text46       000000
__Ltext47                   text47       000000
__Ltext48                   text48       000000
__Ltext49                   text49       000000
__Ltext5                    text5        000000
__Ltext50                   text50       000000
__Ltext51                   text51       000000
__Ltext52                   text52       000000
__Ltext53                   text53       000000
__Ltext54                   text54       000000
__Ltext55                   text55       000000
__Ltext56                   text56       000000
__Ltext57                   text57       000000
__Ltext58                   text58       000000
__Ltext59                   text59       000000
__Ltext6                    text6        000000
__Ltext60                   text60       000000
__Ltext7                    text7        000000
__Ltext8                    text8        000000
__Ltext9                    text9        000000
__S0                        (abs)        30000E
__S1                        (abs)        00017E
__S2                        (abs)        000000
___awdiv                    text18       003314
___awdiv@counter            cstackBANK0  000082
___awdiv@dividend           cstackBANK0  00007E
___awdiv@divisor            cstackBANK0  000080
___awdiv@quotient           cstackBANK0  000084
___awdiv@sign               cstackBANK0  000083
___awmod                    text17       003498
___awmod@counter            cstackBANK0  00008A
___awmod@dividend           cstackBANK0  000086
___awmod@divisor            cstackBANK0  000088
___awmod@sign               cstackBANK0  00008B
___fladd                    text49       00087A
___fladd@a                  cstackCOMRAM 00002C
___fladd@aexp               cstackCOMRAM 000035
___fladd@b                  cstackCOMRAM 000028
___fladd@bexp               cstackCOMRAM 000036
___fladd@grs                cstackCOMRAM 000037
___fladd@signs              cstackCOMRAM 000034
___fldiv                    text40       001590
___fldiv@a                  cstackCOMRAM 000044
___fldiv@aexp               cstackCOMRAM 000058
___fldiv@b                  cstackCOMRAM 000040
___fldiv@bexp               cstackCOMRAM 000057
___fldiv@grs                cstackCOMRAM 000053
___fldiv@new_exp            cstackCOMRAM 000051
___fldiv@rem                cstackCOMRAM 00004C
___fldiv@sign               cstackCOMRAM 000050
___fleq                     text50       0036A4
___fleq@ff1                 cstackCOMRAM 000001
___fleq@ff2                 cstackCOMRAM 000005
___flge                     text58       002E80
___flge@ff1                 cstackCOMRAM 000001
___flge@ff2                 cstackCOMRAM 000005
___flmul                    text22       000D3A
___flmul@a                  cstackBANK0  000090
___flmul@aexp               cstackBANK0  00009D
___flmul@b                  cstackBANK0  00008C
___flmul@bexp               cstackBANK0  00009E
___flmul@grs                cstackBANK0  000099
___flmul@prod               cstackBANK0  00009F
___flmul@sign               cstackBANK0  000098
___flmul@temp               cstackBANK0  0000A3
___flsub                    text48       0039A4
___flsub@a                  cstackCOMRAM 00003C
___flsub@b                  cstackCOMRAM 000038
___fltol                    text24       002B6E
___fltol@exp1               cstackBANK0  000087
___fltol@f1                 cstackBANK0  00007E
___fltol@sign1              cstackBANK0  000086
___inthi_sp                 stack        000000
___intlo_sp                 stack        000000
___param_bank               (abs)        000000
___rparam_used              (abs)        000001
___sp                       stack        000000
___wmul                     text6        003AD0
___wmul@multiplicand        cstackBANK0  000080
___wmul@multiplier          cstackBANK0  00007E
___wmul@product             cstackBANK0  000082
___xxtofl                   text21       001F1C
___xxtofl@arg               cstackBANK0  000088
___xxtofl@exp               cstackBANK0  000087
___xxtofl@sign              cstackBANK0  000086
___xxtofl@val               cstackBANK0  00007E
__accesstop                 (abs)        000060
__activetblptr              (abs)        000002
__end_of_ISR                intcode      0002B2
__end_of_UARTReadChar       text33       003C8A
__end_of_UARTSendChar       text26       003C6A
__end_of_UARTSendString     text25       003314
__end_of_UARTWriteTest      text27       003C4C
__end_of___awdiv            text18       0033DA
__end_of___awmod            text17       00354A
__end_of___fladd            text49       000D3A
__end_of___fldiv            text40       00192A
__end_of___fleq             text50       00374E
__end_of___flge             text58       002F84
__end_of___flmul            text22       001166
__end_of___flsub            text48       0039EA
__end_of___fltol            text24       002C76
__end_of___wmul             text6        003AF8
__end_of___xxtofl           text21       0020D4
__end_of__initialization    cinit        003996
__end_of_bitExtract         text23       003856
__end_of_configAD           text32       003BFE
__end_of_configBits         text31       003CA4
__end_of_configDA           text51       00282A
__end_of_configPWM          text30       003BDA
__end_of_configUSART        text29       003C3C
__end_of_getAD_AN           text19       00294A
__end_of_getAD_ANbit        text13       002E80
__end_of_initTimer0         text28       003C80
__end_of_lados              text42       0038B2
__end_of_ligaTimer0         text60       003CA2
__end_of_main               text0        0025A2
__end_of_moverMotor         text41       002B6E
__end_of_myStrncmp          text8        00395E
__end_of_posicao            text39       00241A
__end_of_readAD_AN          text20       0036A4
__end_of_readAD_ANbit       text14       003C1E
__end_of_setDutyPWM0        text5        003AD0
__end_of_setDutyPWM2        text4        003AA6
__end_of_setDutyPWM4        text3        003A7C
__end_of_setDutyPWM6        text2        003A52
__end_of_setEstrategia      text59       003C94
__end_of_setPID             text38       001F1C
__end_of_strlen             text10       003A28
__end_of_strncmp            text9        003248
__end_of_testeAD            text15       001C52
__end_of_testeADbit         text11       003076
__end_of_testeLampadas      text7        0026E6
__end_of_testeMotores       text1        00087A
__end_of_valorConvUART      text16       003498
__end_of_valorConvUARTbit   text12       003168
__end_ofi2_UARTSendChar     text36       003C76
__end_ofi2_UARTSendString   text35       0035FA
__end_ofi2_UARTWriteTest    text37       003C5C
__end_ofi2___flmul          text55       001590
__end_ofi2___fltol          text57       002D7C
__end_ofi2___wmul           text47       003BB6
__end_ofi2___xxtofl         text54       002288
__end_ofi2_bitExtract       text56       00390C
__end_ofi2_getAD_AN         text52       002A5E
__end_ofi2_readAD_AN        text53       0037F6
__end_ofi2_setDutyPWM0      text46       003B90
__end_ofi2_setDutyPWM2      text45       003B6A
__end_ofi2_setDutyPWM4      text44       003B44
__end_ofi2_setDutyPWM6      text43       003B1E
__initialization            cinit        00395E
__mediumconst               mediumconst  000000
__pbssBANK0                 bssBANK0     0000B5
__pbssBANK1                 bssBANK1     000100
__pcinit                    cinit        00395E
__pcstackBANK0              cstackBANK0  000060
__pcstackBANK1              cstackBANK1  000162
__pcstackCOMRAM             cstackCOMRAM 000001
__pdataBANK0                dataBANK0    0000D9
__pidataBANK0               idataBANK0   003C94
__pintcode                  intcode      000008
__psmallconst               smallconst   000300
__ptext0                    text0        00241A
__ptext1                    text1        0003A0
__ptext10                   text10       0039EA
__ptext11                   text11       002F84
__ptext12                   text12       003076
__ptext13                   text13       002D7C
__ptext14                   text14       003BFE
__ptext15                   text15       00192A
__ptext16                   text16       0033DA
__ptext17                   text17       003498
__ptext18                   text18       003314
__ptext19                   text19       00282A
__ptext2                    text2        003A28
__ptext20                   text20       0035FA
__ptext21                   text21       001F1C
__ptext22                   text22       000D3A
__ptext23                   text23       0037F6
__ptext24                   text24       002B6E
__ptext25                   text25       003248
__ptext26                   text26       003C5C
__ptext27                   text27       003C3C
__ptext28                   text28       003C76
__ptext29                   text29       003C1E
__ptext3                    text3        003A52
__ptext30                   text30       003BB6
__ptext31                   text31       003CA2
__ptext32                   text32       003BDA
__ptext33                   text33       003C80
__ptext35                   text35       00354A
__ptext36                   text36       003C6A
__ptext37                   text37       003C4C
__ptext38                   text38       001C52
__ptext39                   text39       002288
__ptext4                    text4        003A7C
__ptext40                   text40       001590
__ptext41                   text41       002A5E
__ptext42                   text42       003856
__ptext43                   text43       003AF8
__ptext44                   text44       003B1E
__ptext45                   text45       003B44
__ptext46                   text46       003B6A
__ptext47                   text47       003B90
__ptext48                   text48       0039A4
__ptext49                   text49       00087A
__ptext5                    text5        003AA6
__ptext50                   text50       0036A4
__ptext51                   text51       0026E6
__ptext52                   text52       00294A
__ptext53                   text53       00374E
__ptext54                   text54       0020D4
__ptext55                   text55       001166
__ptext56                   text56       0038B2
__ptext57                   text57       002C76
__ptext58                   text58       002E80
__ptext59                   text59       003C8A
__ptext6                    text6        003AD0
__ptext60                   text60       003C9E
__ptext7                    text7        0025A2
__ptext8                    text8        00390C
__ptext9                    text9        003168
__ramtop                    ramtop       000300
__size_of_ISR               (abs)        000000
__size_of_UARTReadChar      (abs)        000000
__size_of_UARTSendChar      (abs)        000000
__size_of_UARTSendString    (abs)        000000
__size_of_UARTWriteTest     (abs)        000000
__size_of___awdiv           (abs)        000000
__size_of___awmod           (abs)        000000
__size_of___fladd           (abs)        000000
__size_of___fldiv           (abs)        000000
__size_of___fleq            (abs)        000000
__size_of___flge            (abs)        000000
__size_of___flmul           (abs)        000000
__size_of___flsub           (abs)        000000
__size_of___fltol           (abs)        000000
__size_of___wmul            (abs)        000000
__size_of___xxtofl          (abs)        000000
__size_of_bitExtract        (abs)        000000
__size_of_configAD          (abs)        000000
__size_of_configBits        (abs)        000000
__size_of_configDA          (abs)        000000
__size_of_configPWM         (abs)        000000
__size_of_configUSART       (abs)        000000
__size_of_getAD_AN          (abs)        000000
__size_of_getAD_ANbit       (abs)        000000
__size_of_initTimer0        (abs)        000000
__size_of_lados             (abs)        000000
__size_of_ligaTimer0        (abs)        000000
__size_of_main              (abs)        000000
__size_of_moverMotor        (abs)        000000
__size_of_myStrncmp         (abs)        000000
__size_of_posicao           (abs)        000000
__size_of_readAD_AN         (abs)        000000
__size_of_readAD_ANbit      (abs)        000000
__size_of_setDutyPWM0       (abs)        000000
__size_of_setDutyPWM2       (abs)        000000
__size_of_setDutyPWM4       (abs)        000000
__size_of_setDutyPWM6       (abs)        000000
__size_of_setEstrategia     (abs)        000000
__size_of_setPID            (abs)        000000
__size_of_strlen            (abs)        000000
__size_of_strncmp           (abs)        000000
__size_of_testeAD           (abs)        000000
__size_of_testeADbit        (abs)        000000
__size_of_testeLampadas     (abs)        000000
__size_of_testeMotores      (abs)        000000
__size_of_valorConvUART     (abs)        000000
__size_of_valorConvUARTbit  (abs)        000000
__size_ofi2_UARTSendChar    (abs)        000000
__size_ofi2_UARTSendString  (abs)        000000
__size_ofi2_UARTWriteTest   (abs)        000000
__size_ofi2___flmul         (abs)        000000
__size_ofi2___fltol         (abs)        000000
__size_ofi2___wmul          (abs)        000000
__size_ofi2___xxtofl        (abs)        000000
__size_ofi2_bitExtract      (abs)        000000
__size_ofi2_getAD_AN        (abs)        000000
__size_ofi2_readAD_AN       (abs)        000000
__size_ofi2_setDutyPWM0     (abs)        000000
__size_ofi2_setDutyPWM2     (abs)        000000
__size_ofi2_setDutyPWM4     (abs)        000000
__size_ofi2_setDutyPWM6     (abs)        000000
__smallconst                smallconst   000300
_bitExtract                 text23       0037F6
_bspeed                     dataBANK0    0000DD
_comando                    dataBANK0    0000DF
_configAD                   text32       003BDA
_configBits                 text31       003CA2
_configDA                   text51       0026E6
_configDA$1691              cstackCOMRAM 000052
_configPWM                  text30       003BB6
_configUSART                text29       003C1E
_de                         bssBANK1     00014A
_dt                         bssBANK0     0000B5
_erro                       bssBANK0     0000C1
_erroi                      bssBANK1     000142
_getAD_AN                   text19       00282A
_getAD_ANbit                text13       002D7C
_initTimer0                 text28       003C76
_kd                         bssBANK1     00014E
_ki                         bssBANK1     000152
_kp                         bssBANK1     000156
_lados                      text42       003856
_leitura                    bssBANK1     000100
_ligaTimer0                 text60       003C9E
_main                       text0        00241A
_millis                     bssBANK0     0000CD
_moverMotor                 text41       002A5E
_myStrncmp                  text8        00390C
_pos                        bssBANK0     0000C5
_posicao                    text39       002288
_posin                      bssBANK0     0000C9
_readAD_AN                  text20       0035FA
_readAD_AN$1570             cstackBANK0  0000A9
_readAD_ANbit               text14       003BFE
_recebido                   dataBANK0    0000E1
_sensor                     bssBANK1     00011C
_setDutyPWM0                text5        003AA6
_setDutyPWM2                text4        003A7C
_setDutyPWM4                text3        003A52
_setDutyPWM6                text2        003A28
_setEstrategia              text59       003C8A
_setPID                     text38       001C52
_setPID$1573                cstackBANK0  00006E
_setPID$1692                cstackBANK0  000072
_setpoint                   dataBANK0    0000D9
_strlen                     text10       0039EA
_strncmp                    text9        003168
_testeAD                    text15       00192A
_testeADbit                 text11       002F84
_testeLampadas              text7        0025A2
_testeMotores               text1        0003A0
_tf                         bssBANK1     000146
_valorConvUART              text16       0033DA
_valorConvUART$1568         cstackBANK1  000168
_valorConvUARTbit           text12       003076
_valorConvUARTbit$1569      cstackBANK0  00009A
_vanal_AN                   bssBANK0     0000D1
_vdig_AN                    bssBANK0     0000D7
bitExtract@k                cstackBANK0  000080
bitExtract@numero           cstackBANK0  00007E
bitExtract@p                cstackBANK0  000082
btemp                       temp         00005F
configDA@i                  cstackCOMRAM 000056
end_of_initialization       cinit        003996
getAD_AN@ANread             cstackBANK0  0000AF
getAD_AN@porta              cstackBANK0  0000AD
getAD_ANbit@ANread          cstackBANK0  00008E
getAD_ANbit@porta           cstackBANK0  00008C
i2UARTSendChar@c            cstackCOMRAM 000001
i2UARTSendString@i          cstackCOMRAM 000008
i2UARTSendString@max_length cstackCOMRAM 000004
i2UARTSendString@str        cstackCOMRAM 000002
i2_UARTSendChar             text36       003C6A
i2_UARTSendString           text35       00354A
i2_UARTWriteTest            text37       003C4C
i2___flmul                  text55       001166
i2___flmul@a                cstackCOMRAM 000013
i2___flmul@aexp             cstackCOMRAM 000020
i2___flmul@b                cstackCOMRAM 00000F
i2___flmul@bexp             cstackCOMRAM 000021
i2___flmul@grs              cstackCOMRAM 00001C
i2___flmul@prod             cstackCOMRAM 000022
i2___flmul@sign             cstackCOMRAM 00001B
i2___flmul@temp             cstackCOMRAM 000026
i2___fltol                  text57       002C76
i2___fltol@exp1             cstackCOMRAM 000049
i2___fltol@f1               cstackCOMRAM 000040
i2___fltol@sign1            cstackCOMRAM 000048
i2___wmul                   text47       003B90
i2___wmul@multiplicand      cstackCOMRAM 000003
i2___wmul@multiplier        cstackCOMRAM 000001
i2___wmul@product           cstackCOMRAM 000005
i2___xxtofl                 text54       0020D4
i2___xxtofl@arg             cstackCOMRAM 00000B
i2___xxtofl@exp             cstackCOMRAM 00000A
i2___xxtofl@sign            cstackCOMRAM 000009
i2___xxtofl@val             cstackCOMRAM 000001
i2_bitExtract               text56       0038B2
i2_getAD_AN                 text52       00294A
i2_readAD_AN                text53       00374E
i2_readAD_AN$1693           cstackCOMRAM 00002C
i2_setDutyPWM0              text46       003B6A
i2_setDutyPWM2              text45       003B44
i2_setDutyPWM4              text44       003B1E
i2_setDutyPWM6              text43       003AF8
i2bitExtract@k              cstackCOMRAM 000003
i2bitExtract@numero         cstackCOMRAM 000001
i2bitExtract@p              cstackCOMRAM 000005
i2getAD_AN@ANread           cstackCOMRAM 00004C
i2getAD_AN@porta            cstackCOMRAM 00004A
i2setDutyPWM0@porcVelo      cstackCOMRAM 000007
i2setDutyPWM0@velo          cstackCOMRAM 000009
i2setDutyPWM2@porcVelo      cstackCOMRAM 000007
i2setDutyPWM2@velo          cstackCOMRAM 000009
i2setDutyPWM4@porcVelo      cstackCOMRAM 000007
i2setDutyPWM4@velo          cstackCOMRAM 000009
i2setDutyPWM6@porcVelo      cstackCOMRAM 000007
i2setDutyPWM6@velo          cstackCOMRAM 000009
initTimer0@tempoInicial     cstackBANK0  00007E
int$flags                   temp         00005F
intlevel0                   text         000000
intlevel1                   text         000000
intlevel2                   text         000000
intlevel3                   text         000000
lados@lado                  cstackCOMRAM 00004C
lados@porcVelo              cstackCOMRAM 00004A
moverMotor@PID              cstackCOMRAM 00004D
myStrncmp@str1              cstackBANK0  00008D
myStrncmp@str2              cstackBANK0  00008F
posicao@i                   cstackBANK0  00006C
posicao@local               cstackBANK0  000060
posicao@pos                 cstackBANK0  000064
posicao@total               cstackBANK0  000068
setDutyPWM0@porcVelo        cstackBANK0  000084
setDutyPWM0@velo            cstackBANK0  000086
setDutyPWM2@porcVelo        cstackBANK0  000084
setDutyPWM2@velo            cstackBANK0  000086
setDutyPWM4@porcVelo        cstackBANK0  000084
setDutyPWM4@velo            cstackBANK0  000086
setDutyPWM6@porcVelo        cstackBANK0  000084
setDutyPWM6@velo            cstackBANK0  000086
setEstrategia@c             cstackCOMRAM 000001
stackhi                     (abs)        0002FF
stacklo                     (abs)        00017E
start                       init         0002B2
start_initialization        cinit        00395E
strlen@a                    cstackBANK0  000080
strlen@s                    cstackBANK0  00007E
strncmp@_l                  cstackBANK0  000082
strncmp@_r                  cstackBANK0  000084
strncmp@l                   cstackBANK0  000089
strncmp@n                   cstackBANK0  000086
strncmp@r                   cstackBANK0  00008B
testeADbit@i                cstackBANK1  00017B
testeADbit@string           cstackBANK1  000179
testeLampadas@i             cstackBANK0  000093
testeMotores@i              cstackBANK1  000178
ttemp5                      temp         000060
ttemp6                      temp         000063
ttemp7                      temp         000067
valorConvUART@centena       cstackBANK1  000162
valorConvUART@dezena        cstackBANK1  000164
valorConvUART@string        cstackBANK1  00016A
valorConvUART@unidade       cstackBANK1  000166
valorConvUART@valor         cstackBANK0  0000B3
valorConvUARTbit@centena    cstackBANK0  000094
valorConvUARTbit@dezena     cstackBANK0  000096
valorConvUARTbit@milhar     cstackBANK0  000092
valorConvUARTbit@string     cstackBANK0  00009C
valorConvUARTbit@unidade    cstackBANK0  000098
valorConvUARTbit@valor      cstackBANK0  000090
wtemp8                      temp         000060


FUNCTION INFORMATION:

 *************** function _main *****************
 Defined at:
		line 94 in file "main.c"
 Parameters:    Size  Location     Type
		None
 Auto vars:     Size  Location     Type
  AN6             2    0        int 
  AN5             2    0        int 
  AN4             2    0        int 
  AN3             2    0        int 
  AN2             2    0        int 
  AN1             2    0        int 
  AN0             2    0        int 
 Return value:  Size  Location     Type
                  1    wreg      void 
 Registers used:
		wreg, fsr2l, fsr2h, status,2, status,0, tblptrl, tblptrh, tblptru, prodl, prodh, cstack
 Tracked objects:
		On entry : 
		On exit  : 
		Unchanged: 
 Data sizes:     COMRAM   BANK0   BANK1   BANK2
      Params:         0       0       0       0
      Locals:         0       0       0       0
      Temps:          0       0       1       0
      Totals:         0       0       1       0
Total ram usage:        1 bytes
 Hardware stack levels required when called:   10
 This function calls:
		_UARTReadChar
		_UARTSendChar
		_UARTSendString
		_configAD
		_configBits
		_configPWM
		_configUSART
		_initTimer0
		_myStrncmp
		_testeAD
		_testeADbit
		_testeLampadas
		_testeMotores
 This function is called by:
		Startup code after reset
 This function uses a non-reentrant model


 *************** function _testeMotores *****************
 Defined at:
		line 115 in file "./geral.h"
 Parameters:    Size  Location     Type
		None
 Auto vars:     Size  Location     Type
  i               2   22[BANK1 ] int 
 Return value:  Size  Location     Type
                  1    wreg      void 
 Registers used:
		wreg, fsr2l, fsr2h, status,2, status,0, tblptrl, tblptrh, tblptru, prodl, prodh, cstack
 Tracked objects:
		On entry : 
		On exit  : 
		Unchanged: 
 Data sizes:     COMRAM   BANK0   BANK1   BANK2
      Params:         0       0       0       0
      Locals:         0       0       2       0
      Temps:          0       0       1       0
      Totals:         0       0       3       0
Total ram usage:        3 bytes
 Hardware stack levels used:    1
 Hardware stack levels required when called:    9
 This function calls:
		_UARTSendString
		_myStrncmp
		_setDutyPWM0
		_setDutyPWM2
		_setDutyPWM4
		_setDutyPWM6
 This function is called by:
		_main
 This function uses a non-reentrant model


 *************** function _setDutyPWM6 *****************
 Defined at:
		line 41 in file "./PWM.h"
 Parameters:    Size  Location     Type
  porcVelo        2   36[BANK0 ] unsigned int 
 Auto vars:     Size  Location     Type
  velo            2   38[BANK0 ] unsigned int 
 Return value:  Size  Location     Type
                  1    wreg      void 
 Registers used:
		wreg, status,2, status,0, prodl, prodh, cstack
 Tracked objects:
		On entry : 
		On exit  : 
		Unchanged: 
 Data sizes:     COMRAM   BANK0   BANK1   BANK2
      Params:         0       2       0       0
      Locals:         0       2       0       0
      Temps:          0       0       0       0
      Totals:         0       4       0       0
Total ram usage:        4 bytes
 Hardware stack levels used:    1
 Hardware stack levels required when called:    7
 This function calls:
		___wmul
 This function is called by:
		_testeMotores
 This function uses a non-reentrant model


 *************** function _setDutyPWM4 *****************
 Defined at:
		line 35 in file "./PWM.h"
 Parameters:    Size  Location     Type
  porcVelo        2   36[BANK0 ] unsigned int 
 Auto vars:     Size  Location     Type
  velo            2   38[BANK0 ] unsigned int 
 Return value:  Size  Location     Type
                  1    wreg      void 
 Registers used:
		wreg, status,2, status,0, prodl, prodh, cstack
 Tracked objects:
		On entry : 
		On exit  : 
		Unchanged: 
 Data sizes:     COMRAM   BANK0   BANK1   BANK2
      Params:         0       2       0       0
      Locals:         0       2       0       0
      Temps:          0       0       0       0
      Totals:         0       4       0       0
Total ram usage:        4 bytes
 Hardware stack levels used:    1
 Hardware stack levels required when called:    7
 This function calls:
		___wmul
 This function is called by:
		_testeMotores
 This function uses a non-reentrant model


 *************** function _setDutyPWM2 *****************
 Defined at:
		line 29 in file "./PWM.h"
 Parameters:    Size  Location     Type
  porcVelo        2   36[BANK0 ] unsigned int 
 Auto vars:     Size  Location     Type
  velo            2   38[BANK0 ] unsigned int 
 Return value:  Size  Location     Type
                  1    wreg      void 
 Registers used:
		wreg, status,2, status,0, prodl, prodh, cstack
 Tracked objects:
		On entry : 
		On exit  : 
		Unchanged: 
 Data sizes:     COMRAM   BANK0   BANK1   BANK2
      Params:         0       2       0       0
      Locals:         0       2       0       0
      Temps:          0       0       0       0
      Totals:         0       4       0       0
Total ram usage:        4 bytes
 Hardware stack levels used:    1
 Hardware stack levels required when called:    7
 This function calls:
		___wmul
 This function is called by:
		_testeMotores
 This function uses a non-reentrant model


 *************** function _setDutyPWM0 *****************
 Defined at:
		line 23 in file "./PWM.h"
 Parameters:    Size  Location     Type
  porcVelo        2   36[BANK0 ] unsigned int 
 Auto vars:     Size  Location     Type
  velo            2   38[BANK0 ] unsigned int 
 Return value:  Size  Location     Type
                  1    wreg      void 
 Registers used:
		wreg, status,2, status,0, prodl, prodh, cstack
 Tracked objects:
		On entry : 
		On exit  : 
		Unchanged: 
 Data sizes:     COMRAM   BANK0   BANK1   BANK2
      Params:         0       2       0       0
      Locals:         0       2       0       0
      Temps:          0       0       0       0
      Totals:         0       4       0       0
Total ram usage:        4 bytes
 Hardware stack levels used:    1
 Hardware stack levels required when called:    7
 This function calls:
		___wmul
 This function is called by:
		_testeMotores
 This function uses a non-reentrant model


 *************** function ___wmul *****************
 Defined at:
		line 15 in file "C:\Program Files (x86)\Microchip\xc8\v2.10\pic\sources\c99\common\Umul16.c"
 Parameters:    Size  Location     Type
  multiplier      2   30[BANK0 ] unsigned int 
  multiplicand    2   32[BANK0 ] unsigned int 
 Auto vars:     Size  Location     Type
  product         2   34[BANK0 ] unsigned int 
 Return value:  Size  Location     Type
                  2   30[BANK0 ] unsigned int 
 Registers used:
		wreg, status,2, status,0, prodl, prodh
 Tracked objects:
		On entry : 
		On exit  : 
		Unchanged: 
 Data sizes:     COMRAM   BANK0   BANK1   BANK2
      Params:         0       4       0       0
      Locals:         0       2       0       0
      Temps:          0       0       0       0
      Totals:         0       6       0       0
Total ram usage:        6 bytes
 Hardware stack levels used:    1
 Hardware stack levels required when called:    6
 This function calls:
		Nothing
 This function is called by:
		_setDutyPWM0
		_setDutyPWM2
		_setDutyPWM4
		_setDutyPWM6
 This function uses a non-reentrant model


 *************** function _testeLampadas *****************
 Defined at:
		line 200 in file "./geral.h"
 Parameters:    Size  Location     Type
		None
 Auto vars:     Size  Location     Type
  i               2   51[BANK0 ] int 
 Return value:  Size  Location     Type
                  1    wreg      void 
 Registers used:
		wreg, status,2, status,0, tblptrl, tblptrh, tblptru, cstack
 Tracked objects:
		On entry : 
		On exit  : 
		Unchanged: 
 Data sizes:     COMRAM   BANK0   BANK1   BANK2
      Params:         0       0       0       0
      Locals:         0       2       0       0
      Temps:          0       2       0       0
      Totals:         0       4       0       0
Total ram usage:        4 bytes
 Hardware stack levels used:    1
 Hardware stack levels required when called:    8
 This function calls:
		_bitExtract
		_myStrncmp
 This function is called by:
		_main
 This function uses a non-reentrant model


 *************** function _myStrncmp *****************
 Defined at:
		line 76 in file "./geral.h"
 Parameters:    Size  Location     Type
  str1            2   45[BANK0 ] PTR const unsigned char 
		 -> STR_52(2), STR_50(5), STR_49(11), STR_47(3), 
		 -> STR_46(14), STR_45(13), STR_1(1), 
  str2            2   47[BANK0 ] PTR const unsigned char 
		 -> STR_62(11), STR_60(3), STR_58(14), STR_56(13), 
		 -> STR_54(5), STR_21(5), STR_19(5), STR_17(5), 
		 -> STR_15(5), STR_13(5), STR_11(5), STR_9(5), 
		 -> STR_7(5), STR_4(5), 
 Auto vars:     Size  Location     Type
		None
 Return value:  Size  Location     Type
                  2   45[BANK0 ] int 
 Registers used:
		wreg, status,2, status,0, tblptrl, tblptrh, tblptru, cstack
 Tracked objects:
		On entry : 
		On exit  : 
		Unchanged: 
 Data sizes:     COMRAM   BANK0   BANK1   BANK2
      Params:         0       4       0       0
      Locals:         0       0       0       0
      Temps:          0       0       0       0
      Totals:         0       4       0       0
Total ram usage:        4 bytes
 Hardware stack levels used:    1
 Hardware stack levels required when called:    7
 This function calls:
		_strlen
		_strncmp
 This function is called by:
		_testeMotores
		_testeLampadas
		_main
 This function uses a non-reentrant model


 *************** function _strncmp *****************
 Defined at:
		line 3 in file "C:\Program Files (x86)\Microchip\xc8\v2.10\pic\sources\c99\common\strncmp.c"
 Parameters:    Size  Location     Type
  _l              2   34[BANK0 ] PTR const unsigned char 
		 -> STR_52(2), STR_50(5), STR_49(11), STR_47(3), 
		 -> STR_46(14), STR_45(13), STR_1(1), 
  _r              2   36[BANK0 ] PTR const unsigned char 
		 -> STR_62(11), STR_60(3), STR_58(14), STR_56(13), 
		 -> STR_54(5), STR_21(5), STR_19(5), STR_17(5), 
		 -> STR_15(5), STR_13(5), STR_11(5), STR_9(5), 
		 -> STR_7(5), STR_4(5), 
  n               2   38[BANK0 ] unsigned int 
 Auto vars:     Size  Location     Type
  r               2   43[BANK0 ] PTR const unsigned char 
		 -> STR_62(11), STR_60(3), STR_58(14), STR_56(13), 
		 -> STR_54(5), STR_21(5), STR_19(5), STR_17(5), 
		 -> STR_15(5), STR_13(5), STR_11(5), STR_9(5), 
		 -> STR_7(5), STR_4(5), 
  l               2   41[BANK0 ] PTR const unsigned char 
		 -> STR_52(2), STR_50(5), STR_49(11), STR_47(3), 
		 -> STR_46(14), STR_45(13), STR_1(1), 
 Return value:  Size  Location     Type
                  2   34[BANK0 ] int 
 Registers used:
		wreg, status,2, status,0, tblptrl, tblptrh, tblptru
 Tracked objects:
		On entry : 
		On exit  : 
		Unchanged: 
 Data sizes:     COMRAM   BANK0   BANK1   BANK2
      Params:         0       6       0       0
      Locals:         0       4       0       0
      Temps:          0       1       0       0
      Totals:         0      11       0       0
Total ram usage:       11 bytes
 Hardware stack levels used:    1
 Hardware stack levels required when called:    6
 This function calls:
		Nothing
 This function is called by:
		_myStrncmp
 This function uses a non-reentrant model


 *************** function _strlen *****************
 Defined at:
		line 5 in file "C:\Program Files (x86)\Microchip\xc8\v2.10\pic\sources\c99\common\strlen.c"
 Parameters:    Size  Location     Type
  s               2   30[BANK0 ] PTR const unsigned char 
		 -> STR_52(2), STR_50(5), STR_49(11), STR_47(3), 
		 -> STR_46(14), STR_45(13), STR_1(1), 
 Auto vars:     Size  Location     Type
  a               2   32[BANK0 ] PTR const unsigned char 
		 -> STR_52(2), STR_50(5), STR_49(11), STR_47(3), 
		 -> STR_46(14), STR_45(13), STR_1(1), 
 Return value:  Size  Location     Type
                  2   30[BANK0 ] unsigned int 
 Registers used:
		wreg, status,2, status,0, tblptrl, tblptrh, tblptru
 Tracked objects:
		On entry : 
		On exit  : 
		Unchanged: 
 Data sizes:     COMRAM   BANK0   BANK1   BANK2
      Params:         0       2       0       0
      Locals:         0       2       0       0
      Temps:          0       0       0       0
      Totals:         0       4       0       0
Total ram usage:        4 bytes
 Hardware stack levels used:    1
 Hardware stack levels required when called:    6
 This function calls:
		Nothing
 This function is called by:
		_myStrncmp
 This function uses a non-reentrant model


 *************** function _testeADbit *****************
 Defined at:
		line 252 in file "./geral.h"
 Parameters:    Size  Location     Type
		None
 Auto vars:     Size  Location     Type
  string          2   23[BANK1 ] unsigned char [2]
  i               2   25[BANK1 ] int 
 Return value:  Size  Location     Type
                  1    wreg      void 
 Registers used:
		wreg, fsr2l, fsr2h, status,2, status,0, tblptrl, tblptrh, tblptru, cstack
 Tracked objects:
		On entry : 
		On exit  : 
		Unchanged: 
 Data sizes:     COMRAM   BANK0   BANK1   BANK2
      Params:         0       0       0       0
      Locals:         0       0       4       0
      Temps:          0       0       2       0
      Totals:         0       0       6       0
Total ram usage:        6 bytes
 Hardware stack levels used:    1
 Hardware stack levels required when called:    9
 This function calls:
		_UARTSendString
		_getAD_ANbit
		_valorConvUARTbit
 This function is called by:
		_main
 This function uses a non-reentrant model


 *************** function _valorConvUARTbit *****************
 Defined at:
		line 48 in file "./ADC.h"
 Parameters:    Size  Location     Type
  valor           2   48[BANK0 ] int 
 Auto vars:     Size  Location     Type
  string          5   60[BANK0 ] unsigned char [5]
  unidade         2   56[BANK0 ] int 
  dezena          2   54[BANK0 ] int 
  centena         2   52[BANK0 ] int 
  milhar          2   50[BANK0 ] int 
 Return value:  Size  Location     Type
                  2   48[BANK0 ] PTR const unsigned char 
 Registers used:
		wreg, fsr2l, fsr2h, status,2, status,0, cstack
 Tracked objects:
		On entry : 
		On exit  : 
		Unchanged: 
 Data sizes:     COMRAM   BANK0   BANK1   BANK2
      Params:         0       2       0       0
      Locals:         0      15       0       0
      Temps:          0       0       0       0
      Totals:         0      17       0       0
Total ram usage:       17 bytes
 Hardware stack levels used:    1
 Hardware stack levels required when called:    7
 This function calls:
		___awdiv
		___awmod
 This function is called by:
		_testeADbit
 This function uses a non-reentrant model


 *************** function _getAD_ANbit *****************
 Defined at:
		line 119 in file "./ADC.h"
 Parameters:    Size  Location     Type
  porta           2   44[BANK0 ] int 
 Auto vars:     Size  Location     Type
  ANread          2   46[BANK0 ] int 
 Return value:  Size  Location     Type
                  2   44[BANK0 ] int 
 Registers used:
		wreg, status,2, status,0, cstack
 Tracked objects:
		On entry : 
		On exit  : 
		Unchanged: 
 Data sizes:     COMRAM   BANK0   BANK1   BANK2
      Params:         0       2       0       0
      Locals:         0       2       0       0
      Temps:          0       0       0       0
      Totals:         0       4       0       0
Total ram usage:        4 bytes
 Hardware stack levels used:    1
 Hardware stack levels required when called:    7
 This function calls:
		_bitExtract
		_readAD_ANbit
 This function is called by:
		_testeADbit
 This function uses a non-reentrant model


 *************** function _readAD_ANbit *****************
 Defined at:
		line 80 in file "./ADC.h"
 Parameters:    Size  Location     Type
		None
 Auto vars:     Size  Location     Type
		None
 Return value:  Size  Location     Type
                  2   30[BANK0 ] int 
 Registers used:
		wreg, status,2, status,0
 Tracked objects:
		On entry : 
		On exit  : 
		Unchanged: 
 Data sizes:     COMRAM   BANK0   BANK1   BANK2
      Params:         0       2       0       0
      Locals:         0       0       0       0
      Temps:          0       0       0       0
      Totals:         0       2       0       0
Total ram usage:        2 bytes
 Hardware stack levels used:    1
 Hardware stack levels required when called:    6
 This function calls:
		Nothing
 This function is called by:
		_getAD_ANbit
 This function uses a non-reentrant model


 *************** function _testeAD *****************
 Defined at:
		line 213 in file "./geral.h"
 Parameters:    Size  Location     Type
		None
 Auto vars:     Size  Location     Type
		None
 Return value:  Size  Location     Type
                  1    wreg      void 
 Registers used:
		wreg, fsr2l, fsr2h, status,2, status,0, tblptrl, tblptrh, tblptru, prodl, prodh, cstack
 Tracked objects:
		On entry : 
		On exit  : 
		Unchanged: 
 Data sizes:     COMRAM   BANK0   BANK1   BANK2
      Params:         0       0       0       0
      Locals:         0       0       0       0
      Temps:          0       0       2       0
      Totals:         0       0       2       0
Total ram usage:        2 bytes
 Hardware stack levels used:    1
 Hardware stack levels required when called:    9
 This function calls:
		_UARTSendString
		_getAD_AN
		_valorConvUART
 This function is called by:
		_main
 This function uses a non-reentrant model


 *************** function _valorConvUART *****************
 Defined at:
		line 32 in file "./ADC.h"
 Parameters:    Size  Location     Type
  valor           2   83[BANK0 ] int 
 Auto vars:     Size  Location     Type
  string          5    8[BANK1 ] unsigned char [5]
  unidade         2    4[BANK1 ] int 
  dezena          2    2[BANK1 ] int 
  centena         2    0[BANK1 ] int 
 Return value:  Size  Location     Type
                  2   83[BANK0 ] PTR const unsigned char 
 Registers used:
		wreg, fsr2l, fsr2h, status,2, status,0, cstack
 Tracked objects:
		On entry : 
		On exit  : 
		Unchanged: 
 Data sizes:     COMRAM   BANK0   BANK1   BANK2
      Params:         0       2       0       0
      Locals:         0       0      13       0
      Temps:          0       0       0       0
      Totals:         0       2      13       0
Total ram usage:       15 bytes
 Hardware stack levels used:    1
 Hardware stack levels required when called:    7
 This function calls:
		___awdiv
		___awmod
 This function is called by:
		_testeAD
 This function uses a non-reentrant model


 *************** function ___awmod *****************
 Defined at:
		line 7 in file "C:\Program Files (x86)\Microchip\xc8\v2.10\pic\sources\c99\common\awmod.c"
 Parameters:    Size  Location     Type
  dividend        2   38[BANK0 ] int 
  divisor         2   40[BANK0 ] int 
 Auto vars:     Size  Location     Type
  sign            1   43[BANK0 ] unsigned char 
  counter         1   42[BANK0 ] unsigned char 
 Return value:  Size  Location     Type
                  2   38[BANK0 ] int 
 Registers used:
		wreg, status,2, status,0
 Tracked objects:
		On entry : 
		On exit  : 
		Unchanged: 
 Data sizes:     COMRAM   BANK0   BANK1   BANK2
      Params:         0       4       0       0
      Locals:         0       2       0       0
      Temps:          0       0       0       0
      Totals:         0       6       0       0
Total ram usage:        6 bytes
 Hardware stack levels used:    1
 Hardware stack levels required when called:    6
 This function calls:
		Nothing
 This function is called by:
		_valorConvUART
		_valorConvUARTbit
 This function uses a non-reentrant model


 *************** function ___awdiv *****************
 Defined at:
		line 7 in file "C:\Program Files (x86)\Microchip\xc8\v2.10\pic\sources\c99\common\awdiv.c"
 Parameters:    Size  Location     Type
  dividend        2   30[BANK0 ] int 
  divisor         2   32[BANK0 ] int 
 Auto vars:     Size  Location     Type
  quotient        2   36[BANK0 ] int 
  sign            1   35[BANK0 ] unsigned char 
  counter         1   34[BANK0 ] unsigned char 
 Return value:  Size  Location     Type
                  2   30[BANK0 ] int 
 Registers used:
		wreg, status,2, status,0
 Tracked objects:
		On entry : 
		On exit  : 
		Unchanged: 
 Data sizes:     COMRAM   BANK0   BANK1   BANK2
      Params:         0       4       0       0
      Locals:         0       4       0       0
      Temps:          0       0       0       0
      Totals:         0       8       0       0
Total ram usage:        8 bytes
 Hardware stack levels used:    1
 Hardware stack levels required when called:    6
 This function calls:
		Nothing
 This function is called by:
		_valorConvUART
		_valorConvUARTbit
 This function uses a non-reentrant model


 *************** function _getAD_AN *****************
 Defined at:
		line 89 in file "./ADC.h"
 Parameters:    Size  Location     Type
  porta           2   77[BANK0 ] int 
 Auto vars:     Size  Location     Type
  ANread          4   79[BANK0 ] float 
 Return value:  Size  Location     Type
                  2   77[BANK0 ] int 
 Registers used:
		wreg, status,2, status,0, prodl, prodh, cstack
 Tracked objects:
		On entry : 
		On exit  : 
		Unchanged: 
 Data sizes:     COMRAM   BANK0   BANK1   BANK2
      Params:         0       2       0       0
      Locals:         0       4       0       0
      Temps:          0       0       0       0
      Totals:         0       6       0       0
Total ram usage:        6 bytes
 Hardware stack levels used:    1
 Hardware stack levels required when called:    8
 This function calls:
		___fltol
		_bitExtract
		_readAD_AN
 This function is called by:
		_testeAD
 This function uses a non-reentrant model


 *************** function _readAD_AN *****************
 Defined at:
		line 69 in file "./ADC.h"
 Parameters:    Size  Location     Type
		None
 Auto vars:     Size  Location     Type
		None
 Return value:  Size  Location     Type
                  4   69[BANK0 ] float 
 Registers used:
		wreg, status,2, status,0, prodl, prodh, cstack
 Tracked objects:
		On entry : 
		On exit  : 
		Unchanged: 
 Data sizes:     COMRAM   BANK0   BANK1   BANK2
      Params:         0       4       0       0
      Locals:         0       4       0       0
      Temps:          0       0       0       0
      Totals:         0       8       0       0
Total ram usage:        8 bytes
 Hardware stack levels used:    1
 Hardware stack levels required when called:    7
 This function calls:
		___flmul
		___xxtofl
 This function is called by:
		_getAD_AN
 This function uses a non-reentrant model


 *************** function ___xxtofl *****************
 Defined at:
		line 10 in file "C:\Program Files (x86)\Microchip\xc8\v2.10\pic\sources\c99\common\xxtofl.c"
 Parameters:    Size  Location     Type
  sign            1    wreg     unsigned char 
  val             4   30[BANK0 ] long 
 Auto vars:     Size  Location     Type
  sign            1   38[BANK0 ] unsigned char 
  arg             4   40[BANK0 ] unsigned long 
  exp             1   39[BANK0 ] unsigned char 
 Return value:  Size  Location     Type
                  4   30[BANK0 ] unsigned char 
 Registers used:
		wreg, status,2, status,0
 Tracked objects:
		On entry : 
		On exit  : 
		Unchanged: 
 Data sizes:     COMRAM   BANK0   BANK1   BANK2
      Params:         0       4       0       0
      Locals:         0       6       0       0
      Temps:          0       4       0       0
      Totals:         0      14       0       0
Total ram usage:       14 bytes
 Hardware stack levels used:    1
 Hardware stack levels required when called:    6
 This function calls:
		Nothing
 This function is called by:
		_readAD_AN
[...]
 Registers used:
		wreg, status,2, status,0, prodl, prodh, cstack
 Tracked objects:
		On entry : 
		On exit  : 
		Unchanged: 
 Data sizes:     COMRAM   BANK0   BANK1   BANK2
      Params:         2       0       0       0
      Locals:         2       0       0       0
      Temps:          0       0       0       0
      Totals:         4       0       0       0
Total ram usage:        4 bytes
 Hardware stack levels used:    1
 Hardware stack levels required when called:    1
 This function calls:
		i2___wmul
 This function is called by:
		_lados
		_ISR
 This function uses a non-reentrant model


 *************** function i2___wmul *****************
 Defined at:
		line 15 in file "C:\Program Files (x86)\Microchip\xc8\v2.10\pic\sources\c99\common\Umul16.c"
 Parameters:    Size  Location     Type
  multiplier      2    0[COMRAM] unsigned int 
  multiplicand    2    2[COMRAM] unsigned int 
 Auto vars:     Size  Location     Type
  __wmul          2    4[COMRAM] unsigned int 
 Return value:  Size  Location     Type
                  2    0[COMRAM] unsigned int 
 Registers used:
		wreg, status,2, status,0, prodl, prodh
 Tracked objects:
		On entry : 
		On exit  : 
		Unchanged: 
 Data sizes:     COMRAM   BANK0   BANK1   BANK2
      Params:         4       0       0       0
      Locals:         2       0       0       0
      Temps:          0       0       0       0
      Totals:         6       0       0       0
Total ram usage:        6 bytes
 Hardware stack levels used:    1
 This function calls:
		Nothing
 This function is called by:
		i2_setDutyPWM0
		i2_setDutyPWM2
		i2_setDutyPWM4
		i2_setDutyPWM6
 This function uses a non-reentrant model


 *************** function ___flsub *****************
 Defined at:
		line 245 in file "C:\Program Files (x86)\Microchip\xc8\v2.10\pic\sources\c99\common\sprcadd.c"
 Parameters:    Size  Location     Type
  b               4   55[COMRAM] unsigned int 
  a               4   59[COMRAM] unsigned int 
 Auto vars:     Size  Location     Type
		None
 Return value:  Size  Location     Type
                  4   55[COMRAM] unsigned int 
 Registers used:
		wreg, status,2, status,0, cstack
 Tracked objects:
		On entry : 
		On exit  : 
		Unchanged: 
 Data sizes:     COMRAM   BANK0   BANK1   BANK2
      Params:         8       0       0       0
      Locals:         0       0       0       0
      Temps:          0       0       0       0
      Totals:         8       0       0       0
Total ram usage:        8 bytes
 Hardware stack levels used:    1
 Hardware stack levels required when called:    1
 This function calls:
		___fladd
 This function is called by:
		_moverMotor
		_setPID
 This function uses a non-reentrant model


 *************** function ___fladd *****************
 Defined at:
		line 10 in file "C:\Program Files (x86)\Microchip\xc8\v2.10\pic\sources\c99\common\sprcadd.c"
 Parameters:    Size  Location     Type
  b               4   39[COMRAM] unsigned int 
  a               4   43[COMRAM] unsigned int 
 Auto vars:     Size  Location     Type
  grs             1   54[COMRAM] unsigned char 
  bexp            1   53[COMRAM] unsigned char 
  aexp            1   52[COMRAM] unsigned char 
  signs           1   51[COMRAM] unsigned char 
 Return value:  Size  Location     Type
                  4   39[COMRAM] unsigned char 
 Registers used:
		wreg, status,2, status,0
 Tracked objects:
		On entry : 
		On exit  : 
		Unchanged: 
 Data sizes:     COMRAM   BANK0   BANK1   BANK2
      Params:         8       0       0       0
      Locals:         4       0       0       0
      Temps:          4       0       0       0
      Totals:        16       0       0       0
Total ram usage:       16 bytes
 Hardware stack levels used:    1
 This function calls:
		Nothing
 This function is called by:
		_posicao
		_moverMotor
		_setPID
		___flsub
 This function uses a non-reentrant model


 *************** function ___fleq *****************
 Defined at:
		line 4 in file "C:\Program Files (x86)\Microchip\xc8\v2.10\pic\sources\c99\common\fleq.c"
 Parameters:    Size  Location     Type
  ff1             4    0[COMRAM] unsigned char 
  ff2             4    4[COMRAM] unsigned char 
 Auto vars:     Size  Location     Type
		None
 Return value:  Size  Location     Type
		None               void
 Registers used:
		wreg, status,2, status,0
 Tracked objects:
		On entry : 
		On exit  : 
		Unchanged: 
 Data sizes:     COMRAM   BANK0   BANK1   BANK2
      Params:         8       0       0       0
      Locals:         0       0       0       0
      Temps:          4       0       0       0
      Totals:        12       0       0       0
Total ram usage:       12 bytes
 Hardware stack levels used:    1
 This function calls:
		Nothing
 This function is called by:
		_posicao
		_moverMotor
 This function uses a non-reentrant model


 *************** function _configDA *****************
 Defined at:
		line 27 in file "./Seguidor.h"
 Parameters:    Size  Location     Type
		None
 Auto vars:     Size  Location     Type
  i               2   85[COMRAM] int 
 Return value:  Size  Location     Type
                  1    wreg      void 
 Registers used:
		wreg, fsr2l, fsr2h, status,2, status,0, prodl, prodh, cstack
 Tracked objects:
		On entry : 
		On exit  : 
		Unchanged: 
 Data sizes:     COMRAM   BANK0   BANK1   BANK2
      Params:         0       0       0       0
      Locals:         6       0       0       0
      Temps:          2       0       0       0
      Totals:         8       0       0       0
Total ram usage:        8 bytes
 Hardware stack levels used:    1
 Hardware stack levels required when called:    3
 This function calls:
		___flge
		i2___xxtofl
		i2_getAD_AN
 This function is called by:
		_setPID
 This function uses a non-reentrant model


 *************** function i2_getAD_AN *****************
 Defined at:
		line 89 in file "./ADC.h"
 Parameters:    Size  Location     Type
  porta           2   73[COMRAM] int 
 Auto vars:     Size  Location     Type
  getAD_AN        4   75[COMRAM] float 
 Return value:  Size  Location     Type
                  2   73[COMRAM] int 
 Registers used:
		wreg, status,2, status,0, prodl, prodh, cstack
 Tracked objects:
		On entry : 
		On exit  : 
		Unchanged: 
 Data sizes:     COMRAM   BANK0   BANK1   BANK2
      Params:         2       0       0       0
      Locals:         4       0       0       0
      Temps:          0       0       0       0
      Totals:         6       0       0       0
Total ram usage:        6 bytes
 Hardware stack levels used:    1
 Hardware stack levels required when called:    2
 This function calls:
		i2___fltol
		i2_bitExtract
		i2_readAD_AN
 This function is called by:
		_configDA
 This function uses a non-reentrant model


 *************** function i2_readAD_AN *****************
 Defined at:
		line 69 in file "./ADC.h"
 Parameters:    Size  Location     Type
		None
 Auto vars:     Size  Location     Type
		None
 Return value:  Size  Location     Type
                  4   39[COMRAM] float 
 Registers used:
		wreg, status,2, status,0, prodl, prodh, cstack
 Tracked objects:
		On entry : 
		On exit  : 
		Unchanged: 
 Data sizes:     COMRAM   BANK0   BANK1   BANK2
      Params:         4       0       0       0
      Locals:         4       0       0       0
      Temps:          0       0       0       0
      Totals:         8       0       0       0
Total ram usage:        8 bytes
 Hardware stack levels used:    1
 Hardware stack levels required when called:    1
 This function calls:
		i2___flmul
		i2___xxtofl
 This function is called by:
		i2_getAD_AN
 This function uses a non-reentrant model


 *************** function i2___xxtofl *****************
 Defined at:
		line 10 in file "C:\Program Files (x86)\Microchip\xc8\v2.10\pic\sources\c99\common\xxtofl.c"
 Parameters:    Size  Location     Type
  sign            1    wreg     unsigned char 
  val             4    0[COMRAM] long 
 Auto vars:     Size  Location     Type
  sign            1    8[COMRAM] unsigned char 
  __xxtofl        4   10[COMRAM] unsigned long 
  __xxtofl        1    9[COMRAM] unsigned char 
 Return value:  Size  Location     Type
                  4    0[COMRAM] unsigned char 
 Registers used:
		wreg, status,2, status,0
 Tracked objects:
		On entry : 
		On exit  : 
		Unchanged: 
 Data sizes:     COMRAM   BANK0   BANK1   BANK2
      Params:         4       0       0       0
      Locals:         6       0       0       0
      Temps:          4       0       0       0
      Totals:        14       0       0       0
Total ram usage:       14 bytes
 Hardware stack levels used:    1
 This function calls:
		Nothing
 This function is called by:
		_configDA
		_moverMotor
		_setPID
		i2_readAD_AN
 This function uses a non-reentrant model


 *************** function i2___flmul *****************
 Defined at:
		line 8 in file "C:\Program Files (x86)\Microchip\xc8\v2.10\pic\sources\c99\common\sprcmul.c"
 Parameters:    Size  Location     Type
  b               4   14[COMRAM] unsigned char 
  a               4   18[COMRAM] unsigned char 
 Auto vars:     Size  Location     Type
  __flmul         4   33[COMRAM] struct .
  __flmul         4   27[COMRAM] unsigned long 
  __flmul         2   37[COMRAM] struct .
  __flmul         1   32[COMRAM] unsigned char 
  __flmul         1   31[COMRAM] unsigned char 
  __flmul         1   26[COMRAM] unsigned char 
 Return value:  Size  Location     Type
                  4   14[COMRAM] unsigned char 
 Registers used:
		wreg, status,2, status,0, prodl, prodh
 Tracked objects:
		On entry : 
		On exit  : 
		Unchanged: 
 Data sizes:     COMRAM   BANK0   BANK1   BANK2
      Params:         8       0       0       0
      Locals:        13       0       0       0
      Temps:          4       0       0       0
      Totals:        25       0       0       0
Total ram usage:       25 bytes
 Hardware stack levels used:    1
 This function calls:
		Nothing
 This function is called by:
		_setPID
		i2_readAD_AN
 This function uses a non-reentrant model


 *************** function i2_bitExtract *****************
 Defined at:
		line 72 in file "./geral.h"
 Parameters:    Size  Location     Type
  numero          2    0[COMRAM] int 
  k               2    2[COMRAM] int 
  p               2    4[COMRAM] int 
 Auto vars:     Size  Location     Type
		None
 Return value:  Size  Location     Type
                  2    0[COMRAM] int 
 Registers used:
		wreg, status,2, status,0
 Tracked objects:
		On entry : 
		On exit  : 
		Unchanged: 
 Data sizes:     COMRAM   BANK0   BANK1   BANK2
      Params:         6       0       0       0
      Locals:         0       0       0       0
      Temps:          8       0       0       0
      Totals:        14       0       0       0
Total ram usage:       14 bytes
 Hardware stack levels used:    1
 This function calls:
		Nothing
 This function is called by:
		i2_getAD_AN
 This function uses a non-reentrant model


 *************** function i2___fltol *****************
 Defined at:
		line 43 in file "C:\Program Files (x86)\Microchip\xc8\v2.10\pic\sources\c99\common\fltol.c"
 Parameters:    Size  Location     Type
  f1              4   63[COMRAM] int 
 Auto vars:     Size  Location     Type
  __fltol         1   72[COMRAM] unsigned char 
  __fltol         1   71[COMRAM] unsigned char 
 Return value:  Size  Location     Type
                  4   63[COMRAM] long 
 Registers used:
		wreg, status,2, status,0
 Tracked objects:
		On entry : 
		On exit  : 
		Unchanged: 
 Data sizes:     COMRAM   BANK0   BANK1   BANK2
      Params:         4       0       0       0
      Locals:         2       0       0       0
      Temps:          4       0       0       0
      Totals:        10       0       0       0
Total ram usage:       10 bytes
 Hardware stack levels used:    1
 This function calls:
		Nothing
 This function is called by:
		_moverMotor
		i2_getAD_AN
 This function uses a non-reentrant model


 *************** function ___flge *****************
 Defined at:
		line 4 in file "C:\Program Files (x86)\Microchip\xc8\v2.10\pic\sources\c99\common\flge.c"
 Parameters:    Size  Location     Type
  ff1             4    0[COMRAM] long 
  ff2             4    4[COMRAM] long 
 Auto vars:     Size  Location     Type
		None
 Return value:  Size  Location     Type
		None               void
 Registers used:
		wreg, status,2, status,0
 Tracked objects:
		On entry : 
		On exit  : 
		Unchanged: 
 Data sizes:     COMRAM   BANK0   BANK1   BANK2
      Params:         8       0       0       0
      Locals:         0       0       0       0
      Temps:          4       0       0       0
      Totals:        12       0       0       0
Total ram usage:       12 bytes
 Hardware stack levels used:    1
 This function calls:
		Nothing
 This function is called by:
		_configDA
 This function uses a non-reentrant model


 *************** function _setEstrategia *****************
 Defined at:
		line 39 in file "./bluetooth.h"
 Parameters:    Size  Location     Type
  c               2    0[COMRAM] PTR unsigned char 
		 -> STR_50(5), STR_49(11), STR_47(3), STR_46(14), 
		 -> STR_45(13), 
 Auto vars:     Size  Location     Type
		None
 Return value:  Size  Location     Type
                  1    wreg      void 
 Registers used:
		wreg, status,2, status,0
 Tracked objects:
		On entry : 
		On exit  : 
		Unchanged: 
 Data sizes:     COMRAM   BANK0   BANK1   BANK2
      Params:         2       0       0       0
      Locals:         0       0       0       0
      Temps:          0       0       0       0
      Totals:         2       0       0       0
Total ram usage:        2 bytes
 Hardware stack levels used:    1
 This function calls:
		Nothing
 This function is called by:
		_ISR
 This function uses a non-reentrant model


 *************** function _ligaTimer0 *****************
 Defined at:
		line 21 in file "./Timer0.h"
 Parameters:    Size  Location     Type
		None
 Auto vars:     Size  Location     Type
		None
 Return value:  Size  Location     Type
                  1    wreg      void 
 Registers used:
		None
 Tracked objects:
		On entry : 
		On exit  : 
		Unchanged: 
 Data sizes:     COMRAM   BANK0   BANK1   BANK2
      Params:         0       0       0       0
      Locals:         0       0       0       0
      Temps:          0       0       0       0
      Totals:         0       0       0       0
Total ram usage:        0 bytes
 Hardware stack levels used:    1
 This function calls:
		Nothing
 This function is called by:
		_ISR
 This function uses a non-reentrant model



MODULE INFORMATION

Module		Function		Class		Link	Load	Size
./Seguidor.h
		_setPID        		CODE           	1C52	0000	715
		_configDA      		CODE           	26E6	0000	325
		_posicao       		CODE           	2288	0000	403
		_moverMotor    		CODE           	2A5E	0000	273
		_lados         		CODE           	3856	0000	93

./Seguidor.h estimated size: 1809

./geral.h
		_bitExtract    		CODE           	37F6	0000	97
		_testeMotores  		CODE           	03A0	0000	1243
		_testeLampadas 		CODE           	25A2	0000	325
		_testeAD       		CODE           	192A	0000	809
		_configBits    		CODE           	3CA2	0000	3
		_testeADbit    		CODE           	2F84	0000	243
		_myStrncmp     		CODE           	390C	0000	83

./geral.h estimated size: 2803

./bluetooth.h
		_configUSART   		CODE           	3C1E	0000	31
		_UARTSendString		CODE           	3248	0000	205
		_setEstrategia 		CODE           	3C8A	0000	11
		_UARTWriteTest 		CODE           	3C3C	0000	17
		_UARTReadChar  		CODE           	3C80	0000	11
		_UARTSendChar  		CODE           	3C5C	0000	15

./bluetooth.h estimated size: 290

C:\Program Files (x86)\Microchip\xc8\v2.10\pic\sources\c99\common\fleq.c
		___fleq        		CODE           	36A4	0000	171

C:\Program Files (x86)\Microchip\xc8\v2.10\pic\sources\c99\common\fleq.c estimated size: 171

./PWM.h
		_configPWM     		CODE           	3BB6	0000	37
		_setDutyPWM0   		CODE           	3AA6	0000	43
		_setDutyPWM2   		CODE           	3A7C	0000	43
		_setDutyPWM4   		CODE           	3A52	0000	43
		_setDutyPWM6   		CODE           	3A28	0000	43

./PWM.h estimated size: 209

C:\Program Files (x86)\Microchip\xc8\v2.10\pic\sources\c99\common\xxtofl.c
		___xxtofl      		CODE           	1F1C	0000	441

C:\Program Files (x86)\Microchip\xc8\v2.10\pic\sources\c99\common\xxtofl.c estimated size: 441

./ADC.h
		_getAD_AN      		CODE           	282A	0000	289
		_getAD_ANbit   		CODE           	2D7C	0000	261
		_readAD_AN     		CODE           	35FA	0000	171
		_configAD      		CODE           	3BDA	0000	37
		_readAD_ANbit  		CODE           	3BFE	0000	33
		_valorConvUART 		CODE           	33DA	0000	191
		_valorConvUARTbit		CODE           	3076	0000	243

./ADC.h estimated size: 1225

C:\Program Files (x86)\Microchip\xc8\v2.10\pic\sources\c99\common\awdiv.c
		___awdiv       		CODE           	3314	0000	199

C:\Program Files (x86)\Microchip\xc8\v2.10\pic\sources\c99\common\awdiv.c estimated size: 199

C:\Program Files (x86)\Microchip\xc8\v2.10\pic\sources\c99\common\strlen.c
		_strlen        		CODE           	39EA	0000	63

C:\Program Files (x86)\Microchip\xc8\v2.10\pic\sources\c99\common\strlen.c estimated size: 63

C:\Program Files (x86)\Microchip\xc8\v2.10\pic\sources\c99\common\fltol.c
		___fltol       		CODE           	2B6E	0000	265

C:\Program Files (x86)\Microchip\xc8\v2.10\pic\sources\c99\common\fltol.c estimated size: 265

C:\Program Files (x86)\Microchip\xc8\v2.10\pic\sources\c99\common\strncmp.c
		_strncmp       		CODE           	3168	0000	225

C:\Program Files (x86)\Microchip\xc8\v2.10\pic\sources\c99\common\strncmp.c estimated size: 225

C:\Program Files (x86)\Microchip\xc8\v2.10\pic\sources\c99\common\sprcmul.c
		___flmul       		CODE           	0D3A	0000	1069

C:\Program Files (x86)\Microchip\xc8\v2.10\pic\sources\c99\common\sprcmul.c estimated size: 1069

C:\Program Files (x86)\Microchip\xc8\v2.10\pic\sources\c99\common\sprcdiv.c
		___fldiv       		CODE           	1590	0000	923

C:\Program Files (x86)\Microchip\xc8\v2.10\pic\sources\c99\common\sprcdiv.c estimated size: 923

./Timer0.h
		_initTimer0    		CODE           	3C76	0000	11
		_ligaTimer0    		CODE           	3C9E	0000	5

./Timer0.h estimated size: 16

C:\Program Files (x86)\Microchip\xc8\v2.10\pic\sources\c99\common\flge.c
		___flge        		CODE           	2E80	0000	261

C:\Program Files (x86)\Microchip\xc8\v2.10\pic\sources\c99\common\flge.c estimated size: 261

shared
		i2_readAD_AN   		CODE           	374E	0000	169
		i2_UARTSendString		CODE           	354A	0000	177
		i2_setDutyPWM0 		CODE           	3B6A	0000	39
		i2_setDutyPWM2 		CODE           	3B44	0000	39
		i2_setDutyPWM4 		CODE           	3B1E	0000	39
		i2_setDutyPWM6 		CODE           	3AF8	0000	39
		i2_bitExtract  		CODE           	38B2	0000	91
		i2_UARTSendChar		CODE           	3C6A	0000	13
		i2_UARTWriteTest		CODE           	3C4C	0000	17
		i2___wmul      		CODE           	3B90	0000	39
		i2___fltol     		CODE           	2C76	0000	263
		__initialization		CODE           	395E	0000	57
		i2___flmul     		CODE           	1166	0000	1067
		i2___xxtofl    		CODE           	20D4	0000	437
		i2_getAD_AN    		CODE           	294A	0000	277

shared estimated size: 2763

C:\Program Files (x86)\Microchip\xc8\v2.10\pic\sources\c99\common\sprcadd.c
		___flsub       		CODE           	39A4	0000	71
		___fladd       		CODE           	087A	0000	1217

C:\Program Files (x86)\Microchip\xc8\v2.10\pic\sources\c99\common\sprcadd.c estimated size: 1288

C:\Program Files (x86)\Microchip\xc8\v2.10\pic\sources\c99\common\Umul16.c
		___wmul        		CODE           	3AD0	0000	41

C:\Program Files (x86)\Microchip\xc8\v2.10\pic\sources\c99\common\Umul16.c estimated size: 41

C:\Program Files (x86)\Microchip\xc8\v2.10\pic\sources\c99\common\awmod.c
		___awmod       		CODE           	3498	0000	179

C:\Program Files (x86)\Microchip\xc8\v2.10\pic\sources\c99\common\awmod.c estimated size: 179

main.c
		_ISR           		CODE           	0008	0000	683
		_main          		CODE           	241A	0000	393

main.c estimated size: 1076

