Microchip MPLAB XC8 Compiler V2.10 ()

Linker command line:

-W-3 --edf=C:\Program Files (x86)\Microchip\xc8\v2.10\pic\dat\en_msgs.txt \
  -cs -h+dist/default/production\robouvc.X.production.sym \
  --cmf=dist/default/production\robouvc.X.production.cmf -z -Q18F4431 \
  -oD:\usuarios\Hiro\AppData\Local\Temp\sd2k.2 --defsym=__MPLAB_BUILD=1 \
  -Mdist/default/production/robouvc.X.production.map -E1 -ver=XC8 \
  --acfsm=1493 -ASTACK=013Eh-02FFh -pstack=STACK -ACODE=00h-03FFFh \
  -ACONST=00h-03FFFh -ASMALLCONST=0300h-03FFhx61 -AMEDIUMCONST=0300h-03FFFh \
  -ACOMRAM=01h-05Fh -AABS1=00h-02FFh -ABIGRAM=01h-02FFh \
  -ARAM=060h-0FFh,0100h-01FFhx2 -ABANK0=060h-0FFh -ABANK1=0100h-01FFh \
  -ABANK2=0200h-02FFh -ASFR=0F60h-0FFFh \
  -preset_vec=00h,intcode=08h,intcodelo,powerup,init -pramtop=0300h \
  -psmallconst=SMALLCONST -pmediumconst=MEDIUMCONST -pconst=CONST \
  -AFARRAM=00h-00h -ACONFIG=0300000h-030000Dh -pconfig=CONFIG \
  -AIDLOC=0200000h-0200007h -pidloc=IDLOC -AEEDATA=0F00000h-0F000FFh \
  -peeprom_data=EEDATA \
  -prdata=COMRAM,nvrram=COMRAM,nvbit=COMRAM,rbss=COMRAM,rbit=COMRAM \
  -pfarbss=FARRAM,fardata=FARRAM,nvFARRAM=FARRAM \
  -pintsave_regs=BIGRAM,bigbss=BIGRAM,bigdata=BIGRAM -pbss=RAM \
  -pidata=CODE,irdata=CODE,ibigdata=CODE,ifardata=CODE -prparam=COMRAM \
  D:\usuarios\Hiro\AppData\Local\Temp\sd2k.o \
  dist/default/production\robouvc.X.production.o 

Object code version is 3.11

Machine type is 18F4431

Call graph: (short form)




                Name                               Link     Load   Length Selector   Space Scale
D:\usuarios\Hiro\AppData\Local\Temp\sd2k.o
                init                                24A      24A        4        4       0
                reset_vec                             0        0        4        0       0
                idloc                            200000   200000        8   200000       0
                config                           300000   300000        E   300000       0
dist/default/production\robouvc.X.production.o
                intcode                               8        8      242        4       0
                temp                                 4D       4D        1        1       1
                smallconst                          300      300       A6      180       0
                text54                             328C     328C        4      1D3       0
                text53                             326A     326A        A      1D3       0
                text52                             3284     3284        8      1D3       0
                text51                             3238     3238       10      1D3       0
                text50                             3254     3254        C      1D3       0
                text49                             2C24     2C24       B0      1D3       0
                text48                             317E     317E       26      1D3       0
                text47                             3158     3158       26      1D3       0
                text46                             3132     3132       26      1D3       0
                text45                             310C     310C       26      1D3       0
                text44                             30E6     30E6       26      1D3       0
                text42                             327C     327C        8      1D3       0
                text41                             31C8     31C8       24      1D3       0
                text40                             3290     3290        2      1D3       0
                text39                             31A4     31A4       24      1D3       0
                text38                             320A     320A       1E      1D3       0
                text37                             3260     3260        A      1D3       0
                text36                              3A6      3A6      4C2      1D3       0
                text35                             2FA4     2FA4       48      1D3       0
                text34                             249E     249E      104      1D3       0
                text33                             2396     2396      108      1D3       0
                text32                             2EF8     2EF8       5A      1D3       0
                text31                              CDA      CDA      42A      1D3       0
                text30                             1CBC     1CBC      1B4      1D3       0
                text29                             2D7E     2D7E       A6      1D3       0
                text28                             2282     2282      114      1D3       0
                text27                             2006     2006      14E      1D3       0
                text26                             1104     1104      39C      1D3       0
                text25                             2CD4     2CD4       AA      1D3       0
                text24                             30C0     30C0       26      1D3       0
                text23                             309A     309A       26      1D3       0
                text22                             3074     3074       26      1D3       0
                text21                             304E     304E       26      1D3       0
                text20                             3028     3028       26      1D3       0
                text19                             2E9C     2E9C       5C      1D3       0
                text18                             2A00     2A00       C2      1D3       0
                text17                             1E70     1E70      196      1D3       0
                text16                             17C8     17C8      2CE      1D3       0
                text15                             3228     3228       10      1D3       0
                text14                             3248     3248        C      1D3       0
                text13                             2870     2870       CC      1D3       0
                text12                             293C     293C       C4      1D3       0
                text11                             2B74     2B74       B0      1D3       0
                text10                             2AC2     2AC2       B2      1D3       0
                text9                              14A0     14A0      328      1D3       0
                text8                              31EC     31EC       1E      1D3       0
                text7                              25A2     25A2       F8      1D3       0
                text6                              278E     278E       E2      1D3       0
                text5                              269A     269A       F4      1D3       0
                text4                              2E24     2E24       78      1D3       0
                text3                              2FEC     2FEC       3C      1D3       0
                text2                              2154     2154      12E      1D3       0
                text1                               868      868      472      1D3       0
                text0                              1A96     1A96      226      1D3       0
                cstackCOMRAM                          1        1       40        1       1
                cstackBANK0                          60       60       53       60       1
                cstackBANK1                         138      138        6      100       1
                bssBANK1                            100      100       38      100       1
                dataBANK0                            F8       F8        8       60       1
                bssBANK0                             B3       B3       45       60       1
                bssCOMRAM                            41       41        C        1       1
                cinit                              2F52     2F52       52      1D3       0
                idataBANK0                         3274     3274        8      1D3       0

TOTAL           Name                               Link     Load   Length     Space
        CLASS   STACK          

        CLASS   CODE           
                intcode                               8        8      242         0
                init                                24A      24A        4         0
                reset_vec                             0        0        4         0
                text54                             328C     328C        4         0
                text53                             326A     326A        A         0
                text52                             3284     3284        8         0
                text51                             3238     3238       10         0
                text50                             3254     3254        C         0
                text49                             2C24     2C24       B0         0
                text48                             317E     317E       26         0
                text47                             3158     3158       26         0
                text46                             3132     3132       26         0
                text45                             310C     310C       26         0
                text44                             30E6     30E6       26         0
                text42                             327C     327C        8         0
                text41                             31C8     31C8       24         0
                text40                             3290     3290        2         0
                text39                             31A4     31A4       24         0
                text38                             320A     320A       1E         0
                text37                             3260     3260        A         0
                text36                              3A6      3A6      4C2         0
                text35                             2FA4     2FA4       48         0
                text34                             249E     249E      104         0
                text33                             2396     2396      108         0
                text32                             2EF8     2EF8       5A         0
                text31                              CDA      CDA      42A         0
                text30                             1CBC     1CBC      1B4         0
                text29                             2D7E     2D7E       A6         0
                text28                             2282     2282      114         0
                text27                             2006     2006      14E         0
                text26                             1104     1104      39C         0
                text25                             2CD4     2CD4       AA         0
                text24                             30C0     30C0       26         0
                text23                             309A     309A       26         0
                text22                             3074     3074       26         0
                text21                             304E     304E       26         0
                text20                             3028     3028       26         0
                text19                             2E9C     2E9C       5C         0
                text18                             2A00     2A00       C2         0
                text17                             1E70     1E70      196         0
                text16                             17C8     17C8      2CE         0
                text15                             3228     3228       10         0
                text14                             3248     3248        C         0
                text13                             2870     2870       CC         0
                text12                             293C     293C       C4         0
                text11                             2B74     2B74       B0         0
                text10                             2AC2     2AC2       B2         0
                text9                              14A0     14A0      328         0
                text8                              31EC     31EC       1E         0
                text7                              25A2     25A2       F8         0
                text6                              278E     278E       E2         0
                text5                              269A     269A       F4         0
                text4                              2E24     2E24       78         0
                text3                              2FEC     2FEC       3C         0
                text2                              2154     2154      12E         0
                text1                               868      868      472         0
                text0                              1A96     1A96      226         0
                cinit                              2F52     2F52       52         0
                idataBANK0                         3274     3274        8         0

        CLASS   CONST          

        CLASS   SMALLCONST     
                smallconst                          300      300       A6         0

        CLASS   MEDIUMCONST    

        CLASS   COMRAM         
                temp                                 4D       4D        1         1
                cstackCOMRAM                          1        1       40         1
                bssCOMRAM                            41       41        C         1

        CLASS   ABS1           

        CLASS   BIGRAM         

        CLASS   RAM            

        CLASS   BANK0          
                cstackBANK0                          60       60       53         1
                dataBANK0                            F8       F8        8         1
                bssBANK0                             B3       B3       45         1

        CLASS   BANK1          
                cstackBANK1                         138      138        6         1
                bssBANK1                            100      100       38         1

        CLASS   BANK2          

        CLASS   SFR            

        CLASS   FARRAM         

        CLASS   CONFIG         
                config                           300000   300000        E         0

        CLASS   IDLOC          
                idloc                            200000   200000        8         0

        CLASS   EEDATA         



SEGMENTS        Name                           Load    Length   Top    Selector   Space  Class

                reset_vec                      000000  000004  000004         0       0  CODE    
                cstackCOMRAM                   000001  00004D  00004E         1       1  COMRAM  
                intcode                        000008  000246  00024E         4       0  CODE    
                cstackBANK0                    000060  0000A0  000100        60       1  BANK0   
                bssBANK1                       000100  00003E  00013E       100       1  BANK1   
                smallconst                     000300  0000A6  0003A6       180       0  SMALLCON
                text36                         0003A6  002EEC  003292       1D3       0  CODE    
                idloc                          200000  000008  200008    200000       0  IDLOC   
                config                         300000  00000E  30000E    300000       0  CONFIG  


UNUSED ADDRESS RANGES

        Name                Unused          Largest block    Delta
        BANK1            00013E-0001FF               C2
        BANK2            000200-0002FF              100
        BIGRAM           00004E-00005F               12
                         00013E-0002FF              1C2
        CODE             000004-000007                4
                         00024E-0002FF               B2
                         003292-003FFF              D6E
        COMRAM           00004E-00005F               12
        CONST            000004-000007                4
                         00024E-0002FF               B2
                         003292-003FFF              D6E
        EEDATA           F00000-F000FF              100
        MEDIUMCONST      003292-003FFF              D6E
        RAM              00013E-0002FF               C2
        SFR              000F60-000FFF               A0
        SMALLCONST       003292-003FFF              100
        STACK            00013E-0002FF              1C2

                                  Symbol Table

?___awdiv                   cstackCOMRAM 000013
?___awmod                   cstackCOMRAM 00001B
?___fladd                   cstackBANK0  000060
?___fldiv                   cstackBANK0  000074
?___flmul                   cstackCOMRAM 000021
?___flsub                   cstackBANK0  00006C
?___fltol                   cstackBANK0  00008D
?___wmul                    cstackCOMRAM 000013
?___xxtofl                  cstackCOMRAM 000013
?_bitExtract                cstackCOMRAM 000013
?_getAD_AN                  cstackBANK0  000095
?_getAD_ANbit               cstackCOMRAM 000021
?_myStrncmp                 cstackCOMRAM 000018
?_posicao                   cstackBANK0  00008D
?_readAD_AN                 cstackCOMRAM 00003A
?_readAD_ANbit              cstackCOMRAM 000013
?_strcmp                    cstackCOMRAM 000013
?_valorConvUART             cstackBANK0  00009B
?_valorConvUARTbit          cstackCOMRAM 000025
?i2___wmul                  cstackCOMRAM 000001
UARTReadChar@ler            cstackCOMRAM 000013
UARTSendChar@c              cstackCOMRAM 000013
UARTSendString@i            cstackBANK0  0000B0
UARTSendString@max_length   cstackBANK0  0000AC
UARTSendString@str          cstackBANK0  0000AA
_ADCHSbits                  (abs)        000F99
_ADCON0bits                 (abs)        000FC2
_ADCON1bits                 (abs)        000FC1
_ADCON2bits                 (abs)        000FC0
_ADCON3                     (abs)        000F9A
_ADRESH                     (abs)        000FC4
_ADRESL                     (abs)        000FC3
_ANSEL0                     (abs)        000FB8
_ANSEL1                     (abs)        000FB9
_D                          bssBANK0     0000D8
_DTCON                      (abs)        000F6D
_I                          bssBANK0     0000DC
_INTCONbits                 (abs)        000FF2
_ISR                        intcode      000008
_OVDCOND                    (abs)        000F6B
_OVDCONS                    (abs)        000F6A
_P                          bssBANK0     0000E0
_PDC0H                      (abs)        000F78
_PDC0L                      (abs)        000F79
_PDC1H                      (abs)        000F76
_PDC1L                      (abs)        000F77
_PDC2H                      (abs)        000F74
_PDC2L                      (abs)        000F75
_PDC3H                      (abs)        000F72
_PDC3L                      (abs)        000F73
_PID                        bssBANK0     0000D4
_PID_int                    bssBANK0     0000F4
_PIE1bits                   (abs)        000F9D
_PIR1bits                   (abs)        000F9E
_PORTB                      (abs)        000F81
_PORTBbits                  (abs)        000F81
_PORTC                      (abs)        000F82
_PORTD                      (abs)        000F83
_PORTE                      (abs)        000F84
_PTCON0                     (abs)        000F7F
_PTCON1                     (abs)        000F7E
_PTPERH                     (abs)        000F7A
_PTPERL                     (abs)        000F7B
_PWMCON0                    (abs)        000F6F
_PWMCON1                    (abs)        000F6E
_RC0                        (abs)        007C10
_RC1                        (abs)        007C11
_RC2                        (abs)        007C12
_RC3                        (abs)        007C13
_RCREG                      (abs)        000FAE
_RCSTAbits                  (abs)        000FAB
_SPBRG                      (abs)        000FAF
_T0CON                      (abs)        000FD5
_TMR0IF                     (abs)        007F92
_TMR0L                      (abs)        000FD6
_TMR0ON                     (abs)        007EAF
_TRISA                      (abs)        000F92
_TRISB                      (abs)        000F93
_TRISC                      (abs)        000F94
_TRISCbits                  (abs)        000F94
_TRISD                      (abs)        000F95
_TRISE                      (abs)        000F96
_TRMT                       (abs)        007D61
_TXREG                      (abs)        000FAD
_TXSTAbits                  (abs)        000FAC
_UARTReadChar               text42       00327C
_UARTSendChar               text14       003248
_UARTSendString             text13       002870
_UARTWriteTest              text15       003228
__CFG_BOREN$OFF             (abs)        000000
__CFG_CP0$OFF               (abs)        000000
__CFG_CP1$OFF               (abs)        000000
__CFG_CP2$OFF               (abs)        000000
__CFG_CP3$OFF               (abs)        000000
__CFG_CPB$OFF               (abs)        000000
__CFG_CPD$OFF               (abs)        000000
__CFG_EBTR0$OFF             (abs)        000000
__CFG_EBTR1$OFF             (abs)        000000
__CFG_EBTR2$OFF             (abs)        000000
__CFG_EBTR3$OFF             (abs)        000000
__CFG_EBTRB$OFF             (abs)        000000
__CFG_FCMEN$ON              (abs)        000000
__CFG_HPOL$HIGH             (abs)        000000
__CFG_IESO$ON               (abs)        000000
__CFG_LPOL$HIGH             (abs)        000000
__CFG_LVP$ON                (abs)        000000
__CFG_MCLRE$ON              (abs)        000000
__CFG_OSC$HS                (abs)        000000
__CFG_PWMPIN$OFF            (abs)        000000
__CFG_PWRTEN$OFF            (abs)        000000
__CFG_STVREN$ON             (abs)        000000
__CFG_T1OSCMX$ON            (abs)        000000
__CFG_WDPS$32768            (abs)        000000
__CFG_WDTEN$OFF             (abs)        000000
__CFG_WINEN$OFF             (abs)        000000
__CFG_WRT0$OFF              (abs)        000000
__CFG_WRT1$OFF              (abs)        000000
__CFG_WRT2$OFF              (abs)        000000
__CFG_WRT3$OFF              (abs)        000000
__CFG_WRTB$OFF              (abs)        000000
__CFG_WRTC$OFF              (abs)        000000
__CFG_WRTD$OFF              (abs)        000000
__HRAM                      (abs)        000000
__Habs1                     abs1         000000
__Hbank0                    bank0        000000
__Hbank1                    bank1        000000
__Hbank2                    bank2        000000
__Hbigbss                   bigbss       000000
__Hbigdata                  bigdata      000000
__Hbigram                   bigram       000000
__Hbss                      bss          000000
__HbssBANK0                 bssBANK0     000000
__HbssBANK1                 bssBANK1     000000
__HbssCOMRAM                bssCOMRAM    000000
__Hcinit                    cinit        000000
__Hclrtext                  clrtext      000000
__Hcomram                   comram       000000
__Hconfig                   config       30000E
__Hconst                    const        000000
__HcstackBANK0              cstackBANK0  000000
__HcstackBANK1              cstackBANK1  000000
__HcstackCOMRAM             cstackCOMRAM 000000
__Hdata                     data         000000
__HdataBANK0                dataBANK0    000000
__Heeprom_data              eeprom_data  000000
__Hfarbss                   farbss       000000
__Hfardata                  fardata      000000
__Hibigdata                 ibigdata     000000
__Hidata                    idata        000000
__HidataBANK0               idataBANK0   000000
__Hidloc                    idloc        200008
__Hifardata                 ifardata     000000
__Hinit                     init         00024E
__Hintcode                  intcode      00024A
__Hintcode_body             intcode_body 000000
__Hintcodelo                intcodelo    00024A
__Hintentry                 intentry     000000
__Hintret                   intret       000000
__Hintsave_regs             intsave_regs 000000
__Hirdata                   irdata       000000
__Hmediumconst              mediumconst  000000
__HnvFARRAM                 nvFARRAM     000000
__Hnvbit                    nvbit        000000
__Hnvrram                   nvrram       000000
__Hparam                    rparam       000000
__Hpowerup                  powerup      00024A
__Hram                      ram          000000
__Hramtop                   ramtop       000300
__Hrbit                     rbit         000000
__Hrbss                     rbss         000000
__Hrdata                    rdata        000000
__Hreset_vec                reset_vec    000004
__Hrparam                   rparam       000000
__Hsfr                      sfr          000000
__Hsmallconst               smallconst   0003A6
__Hspace_0                  (abs)        30000E
__Hspace_1                  (abs)        00013E
__Hspace_2                  (abs)        000000
__Hstack                    stack        000000
__Hstruct                   struct       000000
__Htemp                     temp         00004E
__Htext                     text         000000
__Htext0                    text0        000000
__Htext1                    text1        000000
__Htext10                   text10       000000
__Htext11                   text11       000000
__Htext12                   text12       000000
__Htext13                   text13       000000
__Htext14                   text14       000000
__Htext15                   text15       000000
__Htext16                   text16       000000
__Htext17                   text17       000000
__Htext18                   text18       000000
__Htext19                   text19       000000
__Htext2                    text2        000000
__Htext20                   text20       000000
__Htext21                   text21       000000
__Htext22                   text22       000000
__Htext23                   text23       000000
__Htext24                   text24       000000
__Htext25                   text25       000000
__Htext26                   text26       000000
__Htext27                   text27       000000
__Htext28                   text28       000000
__Htext29                   text29       000000
__Htext3                    text3        000000
__Htext30                   text30       000000
__Htext31                   text31       000000
__Htext32                   text32       000000
__Htext33                   text33       000000
__Htext34                   text34       000000
__Htext35                   text35       000000
__Htext36                   text36       000000
__Htext37                   text37       000000
__Htext38                   text38       000000
__Htext39                   text39       000000
__Htext4                    text4        000000
__Htext40                   text40       000000
__Htext41                   text41       000000
__Htext42                   text42       000000
__Htext44                   text44       000000
__Htext45                   text45       000000
__Htext46                   text46       000000
__Htext47                   text47       000000
__Htext48                   text48       000000
__Htext49                   text49       000000
__Htext5                    text5        000000
__Htext50                   text50       000000
__Htext51                   text51       000000
__Htext52                   text52       000000
__Htext53                   text53       000000
__Htext54                   text54       000000
__Htext6                    text6        000000
__Htext7                    text7        000000
__Htext8                    text8        000000
__Htext9                    text9        000000
__LRAM                      (abs)        000001
__Labs1                     abs1         000000
__Lbank0                    bank0        000000
__Lbank1                    bank1        000000
__Lbank2                    bank2        000000
__Lbigbss                   bigbss       000000
__Lbigdata                  bigdata      000000
__Lbigram                   bigram       000000
__Lbss                      bss          000000
__LbssBANK0                 bssBANK0     000000
__LbssBANK1                 bssBANK1     000000
__LbssCOMRAM                bssCOMRAM    000000
__Lcinit                    cinit        000000
__Lclrtext                  clrtext      000000
__Lcomram                   comram       000000
__Lconfig                   config       300000
__Lconst                    const        000000
__LcstackBANK0              cstackBANK0  000000
__LcstackBANK1              cstackBANK1  000000
__LcstackCOMRAM             cstackCOMRAM 000000
__Ldata                     data         000000
__LdataBANK0                dataBANK0    000000
__Leeprom_data              eeprom_data  000000
__Lfarbss                   farbss       000000
__Lfardata                  fardata      000000
__Libigdata                 ibigdata     000000
__Lidata                    idata        000000
__LidataBANK0               idataBANK0   000000
__Lidloc                    idloc        200000
__Lifardata                 ifardata     000000
__Linit                     init         00024A
__Lintcode                  intcode      000008
__Lintcode_body             intcode_body 000000
__Lintcodelo                intcodelo    00024A
__Lintentry                 intentry     000000
__Lintret                   intret       000000
__Lintsave_regs             intsave_regs 000000
__Lirdata                   irdata       000000
__Lmediumconst              mediumconst  000000
__LnvFARRAM                 nvFARRAM     000000
__Lnvbit                    nvbit        000000
__Lnvrram                   nvrram       000000
__Lparam                    rparam       000000
__Lpowerup                  powerup      00024A
__Lram                      ram          000000
__Lramtop                   ramtop       000300
__Lrbit                     rbit         000000
__Lrbss                     rbss         000000
__Lrdata                    rdata        000000
__Lreset_vec                reset_vec    000000
__Lrparam                   rparam       000000
__Lsfr                      sfr          000000
__Lsmallconst               smallconst   000300
__Lspace_0                  (abs)        000000
__Lspace_1                  (abs)        000000
__Lspace_2                  (abs)        000000
__Lstack                    stack        000000
__Lstruct                   struct       000000
__Ltemp                     temp         00004D
__Ltext                     text         000000
__Ltext0                    text0        000000
__Ltext1                    text1        000000
__Ltext10                   text10       000000
__Ltext11                   text11       000000
__Ltext12                   text12       000000
__Ltext13                   text13       000000
__Ltext14                   text14       000000
__Ltext15                   text15       000000
__Ltext16                   text16       000000
__Ltext17                   text17       000000
__Ltext18                   text18       000000
__Ltext19                   text19       000000
__Ltext2                    text2        000000
__Ltext20                   text20       000000
__Ltext21                   text21       000000
__Ltext22                   text22       000000
__Ltext23                   text23       000000
__Ltext24                   text24       000000
__Ltext25                   text25       000000
__Ltext26                   text26       000000
__Ltext27                   text27       000000
__Ltext28                   text28       000000
__Ltext29                   text29       000000
__Ltext3                    text3        000000
__Ltext30                   text30       000000
__Ltext31                   text31       000000
__Ltext32                   text32       000000
__Ltext33                   text33       000000
__Ltext34                   text34       000000
__Ltext35                   text35       000000
__Ltext36                   text36       000000
__Ltext37                   text37       000000
__Ltext38                   text38       000000
__Ltext39                   text39       000000
__Ltext4                    text4        000000
__Ltext40                   text40       000000
__Ltext41                   text41       000000
__Ltext42                   text42       000000
__Ltext44                   text44       000000
__Ltext45                   text45       000000
__Ltext46                   text46       000000
__Ltext47                   text47       000000
__Ltext48                   text48       000000
__Ltext49                   text49       000000
__Ltext5                    text5        000000
__Ltext50                   text50       000000
__Ltext51                   text51       000000
__Ltext52                   text52       000000
__Ltext53                   text53       000000
__Ltext54                   text54       000000
__Ltext6                    text6        000000
__Ltext7                    text7        000000
__Ltext8                    text8        000000
__Ltext9                    text9        000000
__S0                        (abs)        30000E
__S1                        (abs)        00013E
__S2                        (abs)        000000
___awdiv                    text12       00293C
___awdiv@counter            cstackCOMRAM 000017
___awdiv@dividend           cstackCOMRAM 000013
___awdiv@divisor            cstackCOMRAM 000015
___awdiv@quotient           cstackCOMRAM 000019
___awdiv@sign               cstackCOMRAM 000018
___awmod                    text11       002B74
___awmod@counter            cstackCOMRAM 00001F
___awmod@dividend           cstackCOMRAM 00001B
___awmod@divisor            cstackCOMRAM 00001D
___awmod@sign               cstackCOMRAM 000020
___fladd                    text36       0003A6
___fladd@a                  cstackBANK0  000064
___fladd@aexp               cstackBANK0  000069
___fladd@b                  cstackBANK0  000060
___fladd@bexp               cstackBANK0  00006A
___fladd@grs                cstackBANK0  00006B
___fladd@signs              cstackBANK0  000068
___fldiv                    text26       001104
___fldiv@a                  cstackBANK0  000078
___fldiv@aexp               cstackBANK0  00008C
___fldiv@b                  cstackBANK0  000074
___fldiv@bexp               cstackBANK0  00008B
___fldiv@grs                cstackBANK0  000087
___fldiv@new_exp            cstackBANK0  000085
___fldiv@rem                cstackBANK0  000080
___fldiv@sign               cstackBANK0  000084
___fleq                     text25       002CD4
___fleq@ff1                 cstackCOMRAM 000013
___fleq@ff2                 cstackCOMRAM 000017
___flge                     text34       00249E
___flge@ff1                 cstackCOMRAM 000013
___flge@ff2                 cstackCOMRAM 000017
___flmul                    text31       000CDA
___flmul@a                  cstackCOMRAM 000025
___flmul@aexp               cstackCOMRAM 00002E
___flmul@b                  cstackCOMRAM 000021
___flmul@bexp               cstackCOMRAM 000033
___flmul@grs                cstackCOMRAM 00002F
___flmul@prod               cstackCOMRAM 000034
___flmul@sign               cstackCOMRAM 00002D
___flmul@temp               cstackCOMRAM 000038
___flsub                    text35       002FA4
___flsub@a                  cstackBANK0  000070
___flsub@b                  cstackBANK0  00006C
___fltol                    text33       002396
___fltol@exp1               cstackCOMRAM 00003F
___fltol@f1                 cstackBANK0  00008D
___fltol@sign1              cstackCOMRAM 00003E
___inthi_sp                 stack        000000
___intlo_sp                 stack        000000
___param_bank               (abs)        000000
___rparam_used              (abs)        000001
___sp                       stack        000000
___wmul                     text24       0030C0
___wmul@multiplicand        cstackCOMRAM 000015
___wmul@multiplier          cstackCOMRAM 000013
___wmul@product             cstackCOMRAM 000017
___xxtofl                   text30       001CBC
___xxtofl@arg               cstackCOMRAM 00001D
___xxtofl@exp               cstackCOMRAM 00001C
___xxtofl@sign              cstackCOMRAM 00001B
___xxtofl@val               cstackCOMRAM 000013
__accesstop                 (abs)        000060
__activetblptr              (abs)        000002
__end_of_ISR                intcode      00024A
__end_of_UARTReadChar       text42       003284
__end_of_UARTSendChar       text14       003254
__end_of_UARTSendString     text13       00293C
__end_of_UARTWriteTest      text15       003238
__end_of___awdiv            text12       002A00
__end_of___awmod            text11       002C24
__end_of___fladd            text36       000868
__end_of___fldiv            text26       0014A0
__end_of___fleq             text25       002D7E
__end_of___flge             text34       0025A2
__end_of___flmul            text31       001104
__end_of___flsub            text35       002FEC
__end_of___fltol            text33       00249E
__end_of___wmul             text24       0030E6
__end_of___xxtofl           text30       001E70
__end_of__initialization    cinit        002F96
__end_of_bitExtract         text32       002F52
__end_of_configAD           text41       0031EC
__end_of_configBits         text40       003292
__end_of_configDA           text27       002154
__end_of_configPWM          text39       0031C8
__end_of_configUSART        text38       003228
__end_of_getAD_AN           text28       002396
__end_of_getAD_ANbit        text7        00269A
__end_of_initTimer0         text37       00326A
__end_of_lados              text19       002EF8
__end_of_ligaTimer0         text54       003290
__end_of_main               text0        001CBC
__end_of_moverMotor         text18       002AC2
__end_of_myStrncmp          text3        003028
__end_of_posicao            text17       002006
__end_of_readAD_AN          text29       002E24
__end_of_readAD_ANbit       text8        00320A
__end_of_setComando         text53       003274
__end_of_setDutyPWM0        text23       0030C0
__end_of_setDutyPWM2        text22       00309A
__end_of_setDutyPWM4        text21       003074
__end_of_setDutyPWM6        text20       00304E
__end_of_setPID             text16       001A96
__end_of_strcmp             text4        002E9C
__end_of_testeAD            text9        0017C8
__end_of_testeADbit         text5        00278E
__end_of_testeLampadas      text2        002282
__end_of_testeMotores       text1        000CDA
__end_of_valorConvUART      text10       002B74
__end_of_valorConvUARTbit   text6        002870
__end_ofi2_UARTReadChar     text52       00328C
__end_ofi2_UARTSendChar     text50       003260
__end_ofi2_UARTSendString   text49       002CD4
__end_ofi2_UARTWriteTest    text51       003248
__end_ofi2___wmul           text48       0031A4
__end_ofi2_setDutyPWM0      text47       00317E
__end_ofi2_setDutyPWM2      text46       003158
__end_ofi2_setDutyPWM4      text45       003132
__end_ofi2_setDutyPWM6      text44       00310C
__initialization            cinit        002F52
__mediumconst               mediumconst  000000
__pbssBANK0                 bssBANK0     0000B3
__pbssBANK1                 bssBANK1     000100
__pbssCOMRAM                bssCOMRAM    000041
__pcinit                    cinit        002F52
__pcstackBANK0              cstackBANK0  000060
__pcstackBANK1              cstackBANK1  000138
__pcstackCOMRAM             cstackCOMRAM 000001
__pdataBANK0                dataBANK0    0000F8
__pidataBANK0               idataBANK0   003274
__pintcode                  intcode      000008
__psmallconst               smallconst   000300
__ptext0                    text0        001A96
__ptext1                    text1        000868
__ptext10                   text10       002AC2
__ptext11                   text11       002B74
__ptext12                   text12       00293C
__ptext13                   text13       002870
__ptext14                   text14       003248
__ptext15                   text15       003228
__ptext16                   text16       0017C8
__ptext17                   text17       001E70
__ptext18                   text18       002A00
__ptext19                   text19       002E9C
__ptext2                    text2        002154
__ptext20                   text20       003028
__ptext21                   text21       00304E
__ptext22                   text22       003074
__ptext23                   text23       00309A
__ptext24                   text24       0030C0
__ptext25                   text25       002CD4
__ptext26                   text26       001104
__ptext27                   text27       002006
__ptext28                   text28       002282
__ptext29                   text29       002D7E
__ptext3                    text3        002FEC
__ptext30                   text30       001CBC
__ptext31                   text31       000CDA
__ptext32                   text32       002EF8
__ptext33                   text33       002396
__ptext34                   text34       00249E
__ptext35                   text35       002FA4
__ptext36                   text36       0003A6
__ptext37                   text37       003260
__ptext38                   text38       00320A
__ptext39                   text39       0031A4
__ptext4                    text4        002E24
__ptext40                   text40       003290
__ptext41                   text41       0031C8
__ptext42                   text42       00327C
__ptext44                   text44       0030E6
__ptext45                   text45       00310C
__ptext46                   text46       003132
__ptext47                   text47       003158
__ptext48                   text48       00317E
__ptext49                   text49       002C24
__ptext5                    text5        00269A
__ptext50                   text50       003254
__ptext51                   text51       003238
__ptext52                   text52       003284
__ptext53                   text53       00326A
__ptext54                   text54       00328C
__ptext6                    text6        00278E
__ptext7                    text7        0025A2
__ptext8                    text8        0031EC
__ptext9                    text9        0014A0
__ramtop                    ramtop       000300
__size_of_ISR               (abs)        000000
__size_of_UARTReadChar      (abs)        000000
__size_of_UARTSendChar      (abs)        000000
__size_of_UARTSendString    (abs)        000000
__size_of_UARTWriteTest     (abs)        000000
__size_of___awdiv           (abs)        000000
__size_of___awmod           (abs)        000000
__size_of___fladd           (abs)        000000
__size_of___fldiv           (abs)        000000
__size_of___fleq            (abs)        000000
__size_of___flge            (abs)        000000
__size_of___flmul           (abs)        000000
__size_of___flsub           (abs)        000000
__size_of___fltol           (abs)        000000
__size_of___wmul            (abs)        000000
__size_of___xxtofl          (abs)        000000
__size_of_bitExtract        (abs)        000000
__size_of_configAD          (abs)        000000
__size_of_configBits        (abs)        000000
__size_of_configDA          (abs)        000000
__size_of_configPWM         (abs)        000000
__size_of_configUSART       (abs)        000000
__size_of_getAD_AN          (abs)        000000
__size_of_getAD_ANbit       (abs)        000000
__size_of_initTimer0        (abs)        000000
__size_of_lados             (abs)        000000
__size_of_ligaTimer0        (abs)        000000
__size_of_main              (abs)        000000
__size_of_moverMotor        (abs)        000000
__size_of_myStrncmp         (abs)        000000
__size_of_posicao           (abs)        000000
__size_of_readAD_AN         (abs)        000000
__size_of_readAD_ANbit      (abs)        000000
__size_of_setComando        (abs)        000000
__size_of_setDutyPWM0       (abs)        000000
__size_of_setDutyPWM2       (abs)        000000
__size_of_setDutyPWM4       (abs)        000000
__size_of_setDutyPWM6       (abs)        000000
__size_of_setPID            (abs)        000000
__size_of_strcmp            (abs)        000000
__size_of_testeAD           (abs)        000000
__size_of_testeADbit        (abs)        000000
__size_of_testeLampadas     (abs)        000000
__size_of_testeMotores      (abs)        000000
__size_of_valorConvUART     (abs)        000000
__size_of_valorConvUARTbit  (abs)        000000
__size_ofi2_UARTReadChar    (abs)        000000
__size_ofi2_UARTSendChar    (abs)        000000
__size_ofi2_UARTSendString  (abs)        000000
__size_ofi2_UARTWriteTest   (abs)        000000
__size_ofi2___wmul          (abs)        000000
__size_ofi2_setDutyPWM0     (abs)        000000
__size_ofi2_setDutyPWM2     (abs)        000000
__size_ofi2_setDutyPWM4     (abs)        000000
__size_ofi2_setDutyPWM6     (abs)        000000
__smallconst                smallconst   000300
_bitExtract                 text32       002EF8
_comando                    dataBANK0    0000FE
_configAD                   text41       0031C8
_configBits                 text40       003290
_configDA                   text27       002006
_configDA$1566              cstackBANK0  00009D
_configPWM                  text39       0031A4
_configUSART                text38       00320A
_de                         bssBANK0     0000C0
_dt                         bssBANK0     0000C4
_erro                       bssBANK0     0000E4
_erroi                      bssBANK0     0000B8
_getAD_AN                   text28       002282
_getAD_ANbit                text7        0025A2
_initTimer0                 text37       003260
_kd                         bssBANK0     0000C8
_ki                         bssBANK0     0000CC
_kp                         bssBANK0     0000D0
_lados                      text19       002E9C
_leitura                    bssBANK1     000100
_ligaTimer0                 text54       00328C
_main                       text0        001A96
_millis                     bssBANK0     0000F0
_moverMotor                 text18       002A00
_myStrncmp                  text3        002FEC
_porcVelo                   dataBANK0    0000FC
_pos                        bssBANK0     0000E8
_posicao                    text17       001E70
_posin                      bssBANK0     0000EC
_readAD_AN                  text29       002D7E
_readAD_AN$1565             cstackBANK0  000060
_readAD_ANbit               text8        0031EC
_recebidoChar               bssCOMRAM    00004A
_sensor                     bssBANK1     00011C
_setComando                 text53       00326A
_setDutyPWM0                text23       00309A
_setDutyPWM2                text22       003074
_setDutyPWM4                text21       00304E
_setDutyPWM6                text20       003028
_setPID                     text16       0017C8
_setPID$1567                cstackBANK0  0000A3
_setPID$1568                cstackBANK0  0000A7
_setpoint                   dataBANK0    0000F8
_strcmp                     text4        002E24
_testeAD                    text9        0014A0
_testeADbit                 text5        00269A
_testeLampadas              text2        002154
_testeMotores               text1        000868
_tf                         bssBANK0     0000BC
_valorConvUART              text10       002AC2
_valorConvUART$1563         cstackBANK0  0000A3
_valorConvUARTbit           text6        00278E
_valorConvUARTbit$1564      cstackCOMRAM 00002F
_vanal_AN                   bssCOMRAM    000046
_vdig_AN                    bssCOMRAM    00004B
bitExtract@k                cstackCOMRAM 000015
bitExtract@numero           cstackCOMRAM 000013
bitExtract@p                cstackCOMRAM 000017
btemp                       temp         00004D
configDA@i                  cstackBANK0  0000A1
end_of_initialization       cinit        002F96
getAD_AN@ANread             cstackBANK0  000097
getAD_AN@porta              cstackBANK0  000095
getAD_ANbit@ANread          cstackCOMRAM 000023
getAD_ANbit@porta           cstackCOMRAM 000021
i2UARTReadChar@ler          cstackCOMRAM 000001
i2UARTSendChar@c            cstackCOMRAM 000001
i2UARTSendString@i          cstackCOMRAM 000008
i2UARTSendString@max_length cstackCOMRAM 000004
i2UARTSendString@str        cstackCOMRAM 000002
i2_UARTReadChar             text52       003284
i2_UARTSendChar             text50       003254
i2_UARTSendString           text49       002C24
i2_UARTWriteTest            text51       003238
i2___wmul                   text48       00317E
i2___wmul@multiplicand      cstackCOMRAM 000003
i2___wmul@multiplier        cstackCOMRAM 000001
i2___wmul@product           cstackCOMRAM 000005
i2_setDutyPWM0              text47       003158
i2_setDutyPWM2              text46       003132
i2_setDutyPWM4              text45       00310C
i2_setDutyPWM6              text44       0030E6
i2setDutyPWM0@porcVelo      cstackCOMRAM 000007
i2setDutyPWM0@velo          cstackCOMRAM 000009
i2setDutyPWM2@porcVelo      cstackCOMRAM 000007
i2setDutyPWM2@velo          cstackCOMRAM 000009
i2setDutyPWM4@porcVelo      cstackCOMRAM 000007
i2setDutyPWM4@velo          cstackCOMRAM 000009
i2setDutyPWM6@porcVelo      cstackCOMRAM 000007
i2setDutyPWM6@velo          cstackCOMRAM 000009
initTimer0@tempoInicial     cstackCOMRAM 000013
int$flags                   temp         00004D
intlevel0                   text         000000
intlevel1                   text         000000
intlevel2                   text         000000
intlevel3                   text         000000
lados@lado                  cstackCOMRAM 00001F
lados@porcVelo              cstackCOMRAM 00001D
moverMotor@PID              cstackBANK0  000095
myStrncmp@str1              cstackCOMRAM 000018
myStrncmp@str2              cstackCOMRAM 00001A
posicao@i                   cstackBANK0  00009D
posicao@local               cstackBANK0  000091
posicao@pos                 cstackBANK0  000095
posicao@total               cstackBANK0  000099
setComando@c                cstackCOMRAM 000001
setDutyPWM0@porcVelo        cstackCOMRAM 000019
setDutyPWM0@velo            cstackCOMRAM 00001B
setDutyPWM2@porcVelo        cstackCOMRAM 000019
setDutyPWM2@velo            cstackCOMRAM 00001B
setDutyPWM4@porcVelo        cstackCOMRAM 000019
setDutyPWM4@velo            cstackCOMRAM 00001B
setDutyPWM6@porcVelo        cstackCOMRAM 000019
setDutyPWM6@velo            cstackCOMRAM 00001B
stackhi                     (abs)        0002FF
stacklo                     (abs)        00013E
start                       init         00024A
start_initialization        cinit        002F52
strcmp@l                    cstackCOMRAM 000013
strcmp@r                    cstackCOMRAM 000015
testeADbit@i                cstackBANK1  00013C
testeADbit@string           cstackBANK1  00013A
testeLampadas@i             cstackCOMRAM 000023
testeMotores@i              cstackBANK1  000138
ttemp5                      temp         00004E
ttemp6                      temp         000051
ttemp7                      temp         000055
valorConvUART@centena       cstackBANK0  00009D
valorConvUART@dezena        cstackBANK0  00009F
valorConvUART@string        cstackBANK0  0000A5
valorConvUART@unidade       cstackBANK0  0000A1
valorConvUART@valor         cstackBANK0  00009B
valorConvUARTbit@centena    cstackCOMRAM 000029
valorConvUARTbit@dezena     cstackCOMRAM 00002B
valorConvUARTbit@milhar     cstackCOMRAM 000027
valorConvUARTbit@string     cstackCOMRAM 000031
valorConvUARTbit@unidade    cstackCOMRAM 00002D
valorConvUARTbit@valor      cstackCOMRAM 000025
wtemp8                      temp         00004E


FUNCTION INFORMATION:

 *************** function _main *****************
 Defined at:
		line 91 in file "main.c"
 Parameters:    Size  Location     Type
		None
 Auto vars:     Size  Location     Type
  AN6             2    0        int 
  AN5             2    0        int 
  AN4             2    0        int 
  AN3             2    0        int 
  AN2             2    0        int 
  AN1             2    0        int 
  AN0             2    0        int 
 Return value:  Size  Location     Type
                  1    wreg      void 
 Registers used:
		wreg, fsr0l, fsr0h, fsr2l, fsr2h, status,2, status,0, tblptrl, tblptrh, tblptru, prodl, prodh, cstack
 Tracked objects:
		On entry : 
		On exit  : 
		Unchanged: 
 Data sizes:     COMRAM   BANK0   BANK1   BANK2
      Params:         0       0       0       0
      Locals:         0       0       0       0
      Temps:          0       1       0       0
      Totals:         0       1       0       0
Total ram usage:        1 bytes
 Hardware stack levels required when called:    9
 This function calls:
		_UARTReadChar
		_UARTSendChar
		_UARTSendString
		_configAD
		_configBits
		_configPWM
		_configUSART
		_initTimer0
		_myStrncmp
		_setDutyPWM0
		_setDutyPWM2
		_setDutyPWM4
		_setDutyPWM6
		_setPID
		_testeAD
		_testeADbit
		_testeLampadas
		_testeMotores
 This function is called by:
		Startup code after reset
 This function uses a non-reentrant model


 *************** function _testeMotores *****************
 Defined at:
		line 115 in file "./geral.h"
 Parameters:    Size  Location     Type
		None
 Auto vars:     Size  Location     Type
  i               2    0[BANK1 ] int 
 Return value:  Size  Location     Type
                  1    wreg      void 
 Registers used:
		wreg, fsr0l, fsr0h, status,2, status,0, tblptrl, tblptrh, tblptru, prodl, prodh, cstack
 Tracked objects:
		On entry : 
		On exit  : 
		Unchanged: 
 Data sizes:     COMRAM   BANK0   BANK1   BANK2
      Params:         0       0       0       0
      Locals:         0       0       2       0
      Temps:          1       0       0       0
      Totals:         1       0       2       0
Total ram usage:        3 bytes
 Hardware stack levels used:    1
 Hardware stack levels required when called:    7
 This function calls:
		_UARTSendString
		_myStrncmp
		_setDutyPWM0
		_setDutyPWM2
		_setDutyPWM4
		_setDutyPWM6
 This function is called by:
		_main
 This function uses a non-reentrant model


 *************** function _testeLampadas *****************
 Defined at:
		line 200 in file "./geral.h"
 Parameters:    Size  Location     Type
		None
 Auto vars:     Size  Location     Type
  i               2   34[COMRAM] int 
 Return value:  Size  Location     Type
                  1    wreg      void 
 Registers used:
		wreg, status,2, status,0, tblptrl, tblptrh, tblptru, cstack
 Tracked objects:
		On entry : 
		On exit  : 
		Unchanged: 
 Data sizes:     COMRAM   BANK0   BANK1   BANK2
      Params:         0       0       0       0
      Locals:         2       0       0       0
      Temps:          2       0       0       0
      Totals:         4       0       0       0
Total ram usage:        4 bytes
 Hardware stack levels used:    1
 Hardware stack levels required when called:    6
 This function calls:
		_bitExtract
		_myStrncmp
 This function is called by:
		_main
 This function uses a non-reentrant model


 *************** function _myStrncmp *****************
 Defined at:
		line 76 in file "./geral.h"
 Parameters:    Size  Location     Type
  str1            2   23[COMRAM] PTR const unsigned char 
		 -> STR_68(5), STR_52(2), STR_50(5), STR_49(11), 
		 -> STR_48(4), STR_47(3), STR_46(14), STR_45(13), 
		 -> STR_1(1), 
  str2            2   25[COMRAM] PTR const unsigned char 
		 -> STR_66(6), STR_64(4), STR_62(11), STR_60(3), 
		 -> STR_58(14), STR_56(13), STR_54(5), STR_21(5), 
		 -> STR_19(5), STR_17(5), STR_15(5), STR_13(5), 
		 -> STR_11(5), STR_9(5), STR_7(5), STR_4(5), 
 Auto vars:     Size  Location     Type
		None
 Return value:  Size  Location     Type
                  2   23[COMRAM] int 
 Registers used:
		wreg, status,2, status,0, tblptrl, tblptrh, tblptru, cstack
 Tracked objects:
		On entry : 
		On exit  : 
		Unchanged: 
 Data sizes:     COMRAM   BANK0   BANK1   BANK2
      Params:         4       0       0       0
      Locals:         0       0       0       0
      Temps:          0       0       0       0
      Totals:         4       0       0       0
Total ram usage:        4 bytes
 Hardware stack levels used:    1
 Hardware stack levels required when called:    5
 This function calls:
		_strcmp
 This function is called by:
		_testeMotores
		_testeLampadas
		_main
 This function uses a non-reentrant model


 *************** function _strcmp *****************
 Defined at:
		line 3 in file "C:\Program Files (x86)\Microchip\xc8\v2.10\pic\sources\c99\common\strcmp.c"
 Parameters:    Size  Location     Type
  l               2   18[COMRAM] PTR const unsigned char 
		 -> STR_68(5), STR_52(2), STR_50(5), STR_49(11), 
		 -> STR_48(4), STR_47(3), STR_46(14), STR_45(13), 
		 -> STR_1(1), 
  r               2   20[COMRAM] PTR const unsigned char 
		 -> STR_66(6), STR_64(4), STR_62(11), STR_60(3), 
		 -> STR_58(14), STR_56(13), STR_54(5), STR_21(5), 
		 -> STR_19(5), STR_17(5), STR_15(5), STR_13(5), 
		 -> STR_11(5), STR_9(5), STR_7(5), STR_4(5), 
 Auto vars:     Size  Location     Type
		None
 Return value:  Size  Location     Type
                  2   18[COMRAM] int 
 Registers used:
		wreg, status,2, status,0, tblptrl, tblptrh, tblptru
 Tracked objects:
		On entry : 
		On exit  : 
		Unchanged: 
 Data sizes:     COMRAM   BANK0   BANK1   BANK2
      Params:         4       0       0       0
      Locals:         0       0       0       0
      Temps:          1       0       0       0
      Totals:         5       0       0       0
Total ram usage:        5 bytes
 Hardware stack levels used:    1
 Hardware stack levels required when called:    4
 This function calls:
		Nothing
 This function is called by:
		_myStrncmp
 This function uses a non-reentrant model


 *************** function _testeADbit *****************
 Defined at:
		line 252 in file "./geral.h"
 Parameters:    Size  Location     Type
		None
 Auto vars:     Size  Location     Type
  string          2    2[BANK1 ] unsigned char [2]
  i               2    4[BANK1 ] int 
 Return value:  Size  Location     Type
                  1    wreg      void 
 Registers used:
		wreg, fsr0l, fsr0h, fsr2l, fsr2h, status,2, status,0, tblptrl, tblptrh, tblptru, cstack
 Tracked objects:
		On entry : 
		On exit  : 
		Unchanged: 
 Data sizes:     COMRAM   BANK0   BANK1   BANK2
      Params:         0       0       0       0
      Locals:         0       0       4       0
      Temps:          0       0       2       0
      Totals:         0       0       6       0
Total ram usage:        6 bytes
 Hardware stack levels used:    1
 Hardware stack levels required when called:    7
 This function calls:
		_UARTSendString
		_getAD_ANbit
		_valorConvUARTbit
 This function is called by:
		_main
 This function uses a non-reentrant model


 *************** function _valorConvUARTbit *****************
 Defined at:
		line 48 in file "./ADC.h"
 Parameters:    Size  Location     Type
  valor           2   36[COMRAM] int 
 Auto vars:     Size  Location     Type
  string          5   48[COMRAM] unsigned char [5]
  unidade         2   44[COMRAM] int 
  dezena          2   42[COMRAM] int 
  centena         2   40[COMRAM] int 
  milhar          2   38[COMRAM] int 
 Return value:  Size  Location     Type
                  2   36[COMRAM] PTR const unsigned char 
 Registers used:
		wreg, fsr2l, fsr2h, status,2, status,0, cstack
 Tracked objects:
		On entry : 
		On exit  : 
		Unchanged: 
 Data sizes:     COMRAM   BANK0   BANK1   BANK2
      Params:         2       0       0       0
      Locals:        15       0       0       0
      Temps:          0       0       0       0
      Totals:        17       0       0       0
Total ram usage:       17 bytes
 Hardware stack levels used:    1
 Hardware stack levels required when called:    5
 This function calls:
		___awdiv
		___awmod
 This function is called by:
		_testeADbit
 This function uses a non-reentrant model


 *************** function _getAD_ANbit *****************
 Defined at:
		line 119 in file "./ADC.h"
 Parameters:    Size  Location     Type
  porta           2   32[COMRAM] int 
 Auto vars:     Size  Location     Type
  ANread          2   34[COMRAM] int 
 Return value:  Size  Location     Type
                  2   32[COMRAM] int 
 Registers used:
		wreg, status,2, status,0, cstack
 Tracked objects:
		On entry : 
		On exit  : 
		Unchanged: 
 Data sizes:     COMRAM   BANK0   BANK1   BANK2
      Params:         2       0       0       0
      Locals:         2       0       0       0
      Temps:          0       0       0       0
      Totals:         4       0       0       0
Total ram usage:        4 bytes
 Hardware stack levels used:    1
 Hardware stack levels required when called:    5
 This function calls:
		_bitExtract
		_readAD_ANbit
 This function is called by:
		_testeADbit
 This function uses a non-reentrant model


 *************** function _readAD_ANbit *****************
 Defined at:
		line 80 in file "./ADC.h"
 Parameters:    Size  Location     Type
		None
 Auto vars:     Size  Location     Type
		None
 Return value:  Size  Location     Type
                  2   18[COMRAM] int 
 Registers used:
		wreg, status,2, status,0
 Tracked objects:
		On entry : 
		On exit  : 
		Unchanged: 
 Data sizes:     COMRAM   BANK0   BANK1   BANK2
      Params:         2       0       0       0
      Locals:         0       0       0       0
      Temps:          0       0       0       0
      Totals:         2       0       0       0
Total ram usage:        2 bytes
 Hardware stack levels used:    1
 Hardware stack levels required when called:    4
 This function calls:
		Nothing
 This function is called by:
		_getAD_ANbit
 This function uses a non-reentrant model


 *************** function _testeAD *****************
 Defined at:
		line 213 in file "./geral.h"
 Parameters:    Size  Location     Type
		None
 Auto vars:     Size  Location     Type
		None
 Return value:  Size  Location     Type
                  1    wreg      void 
 Registers used:
		wreg, fsr0l, fsr0h, fsr2l, fsr2h, status,2, status,0, tblptrl, tblptrh, tblptru, prodl, prodh, cstack
 Tracked objects:
		On entry : 
		On exit  : 
		Unchanged: 
 Data sizes:     COMRAM   BANK0   BANK1   BANK2
      Params:         0       0       0       0
      Locals:         0       0       0       0
      Temps:          0       0       2       0
      Totals:         0       0       2       0
Total ram usage:        2 bytes
 Hardware stack levels used:    1
 Hardware stack levels required when called:    7
 This function calls:
		_UARTSendString
		_getAD_AN
		_valorConvUART
 This function is called by:
		_main
 This function uses a non-reentrant model


 *************** function _valorConvUART *****************
 Defined at:
		line 32 in file "./ADC.h"
 Parameters:    Size  Location     Type
  valor           2   59[BANK0 ] int 
 Auto vars:     Size  Location     Type
  string          5   69[BANK0 ] unsigned char [5]
  unidade         2   65[BANK0 ] int 
  dezena          2   63[BANK0 ] int 
  centena         2   61[BANK0 ] int 
 Return value:  Size  Location     Type
                  2   59[BANK0 ] PTR const unsigned char 
 Registers used:
		wreg, fsr2l, fsr2h, status,2, status,0, cstack
 Tracked objects:
		On entry : 
		On exit  : 
		Unchanged: 
 Data sizes:     COMRAM   BANK0   BANK1   BANK2
      Params:         0       2       0       0
      Locals:         0      13       0       0
      Temps:          0       0       0       0
      Totals:         0      15       0       0
Total ram usage:       15 bytes
 Hardware stack levels used:    1
 Hardware stack levels required when called:    5
 This function calls:
		___awdiv
		___awmod
 This function is called by:
		_testeAD
 This function uses a non-reentrant model


 *************** function ___awmod *****************
 Defined at:
		line 7 in file "C:\Program Files (x86)\Microchip\xc8\v2.10\pic\sources\c99\common\awmod.c"
 Parameters:    Size  Location     Type
  dividend        2   26[COMRAM] int 
  divisor         2   28[COMRAM] int 
 Auto vars:     Size  Location     Type
  sign            1   31[COMRAM] unsigned char 
  counter         1   30[COMRAM] unsigned char 
 Return value:  Size  Location     Type
                  2   26[COMRAM] int 
 Registers used:
		wreg, status,2, status,0
 Tracked objects:
		On entry : 
		On exit  : 
		Unchanged: 
 Data sizes:     COMRAM   BANK0   BANK1   BANK2
      Params:         4       0       0       0
      Locals:         2       0       0       0
      Temps:          0       0       0       0
      Totals:         6       0       0       0
Total ram usage:        6 bytes
 Hardware stack levels used:    1
 Hardware stack levels required when called:    4
 This function calls:
		Nothing
 This function is called by:
		_valorConvUART
		_valorConvUARTbit
 This function uses a non-reentrant model


 *************** function ___awdiv *****************
 Defined at:
		line 7 in file "C:\Program Files (x86)\Microchip\xc8\v2.10\pic\sources\c99\common\awdiv.c"
 Parameters:    Size  Location     Type
  dividend        2   18[COMRAM] int 
  divisor         2   20[COMRAM] int 
 Auto vars:     Size  Location     Type
  quotient        2   24[COMRAM] int 
  sign            1   23[COMRAM] unsigned char 
  counter         1   22[COMRAM] unsigned char 
 Return value:  Size  Location     Type
                  2   18[COMRAM] int 
 Registers used:
		wreg, status,2, status,0
 Tracked objects:
		On entry : 
		On exit  : 
		Unchanged: 
 Data sizes:     COMRAM   BANK0   BANK1   BANK2
      Params:         4       0       0       0
      Locals:         4       0       0       0
      Temps:          0       0       0       0
      Totals:         8       0       0       0
Total ram usage:        8 bytes
 Hardware stack levels used:    1
 Hardware stack levels required when called:    4
 This function calls:
		Nothing
 This function is called by:
		_valorConvUART
		_valorConvUARTbit
 This function uses a non-reentrant model


 *************** function _UARTSendString *****************
 Defined at:
		line 57 in file "./bluetooth.h"
 Parameters:    Size  Location     Type
  str             2   74[BANK0 ] PTR unsigned char 
		 -> STR_68(5), STR_67(5), STR_52(2), STR_51(5), 
		 -> STR_50(5), STR_49(11), STR_48(4), STR_47(3), 
		 -> STR_46(14), STR_45(13), STR_44(10), STR_43(2), 
		 -> STR_42(11), STR_41(2), STR_40(2), testeADbit@string(2), 
		 -> STR_39(2), STR_38(11), STR_37(2), STR_36(6), 
		 -> STR_35(2), STR_34(6), STR_33(2), STR_32(6), 
		 -> STR_31(2), STR_30(6), STR_29(2), STR_28(6), 
		 -> STR_27(2), STR_26(6), STR_25(2), STR_24(6), 
		 -> STR_23(2), STR_22(6), STR_5(15), STR_2(14), 
		 -> valorConvUARTbit@string(5), valorConvUART@string(5), STR_1(1), 
  max_length      2   76[BANK0 ] const int 
 Auto vars:     Size  Location     Type
  i               2   80[BANK0 ] int 
 Return value:  Size  Location     Type
                  1    wreg      void 
 Registers used:
		wreg, fsr0l, fsr0h, status,2, status,0, tblptrl, tblptrh, tblptru, cstack
 Tracked objects:
		On entry : 
		On exit  : 
		Unchanged: 
 Data sizes:     COMRAM   BANK0   BANK1   BANK2
      Params:         0       4       0       0
      Locals:         0       2       0       0
      Temps:          0       2       0       0
      Totals:         0       8       0       0
Total ram usage:        8 bytes
 Hardware stack levels used:    1
 Hardware stack levels required when called:    6
 This function calls:
		_UARTSendChar
		_UARTWriteTest
 This function is called by:
		_testeMotores
		_testeAD
		_testeADbit
		_main
 This function uses a non-reentrant model


 *************** function _UARTSendChar *****************
 Defined at:
		line 52 in file "./bluetooth.h"
 Parameters:    Size  Location     Type
  c               1    wreg     unsigned char 
 Auto vars:     Size  Location     Type
  c               1   18[COMRAM] unsigned char 
 Return value:  Size  Location     Type
                  1    wreg      void 
 Registers used:
		wreg, cstack
 Tracked objects:
		On entry : 
		On exit  : 
		Unchanged: 
 Data sizes:     COMRAM   BANK0   BANK1   BANK2
      Params:         0       0       0       0
      Locals:         1       0       0       0
      Temps:          0       0       0       0
      Totals:         1       0       0       0
Total ram usage:        1 bytes
 Hardware stack levels used:    1
 Hardware stack levels required when called:    5
 This function calls:
		_UARTWriteTest
 This function is called by:
		_UARTSendString
		_main
 This function uses a non-reentrant model


 *************** function _UARTWriteTest *****************
 Defined at:
		line 48 in file "./bluetooth.h"
 Parameters:    Size  Location     Type
		None
 Auto vars:     Size  Location     Type
		None
 Return value:  Size  Location     Type
                  1    wreg      void 
 Registers used:
		None
 Tracked objects:
		On entry : 
		On exit  : 
		Unchanged: 
 Data sizes:     COMRAM   BANK0   BANK1   BANK2
      Params:         0       0       0       0
      Locals:         0       0       0       0
      Temps:          0       0       0       0
      Totals:         0       0       0       0
Total ram usage:        0 bytes
 Hardware stack levels used:    1
 Hardware stack levels required when called:    4
 This function calls:
		Nothing
 This function is called by:
		_UARTSendChar
		_UARTSendString
 This function uses a non-reentrant model


 *************** function _setPID *****************
 Defined at:
		line 97 in file "./Seguidor.h"
 Parameters:    Size  Location     Type
		None
 Auto vars:     Size  Location     Type
		None
 Return value:  Size  Location     Type
                  1    wreg      void 
 Registers used:
		wreg, fsr2l, fsr2h, status,2, status,0, prodl, prodh, cstack
 Tracked objects:
		On entry : 
		On exit  : 
		Unchanged: 
 Data sizes:     COMRAM   BANK0   BANK1   BANK2
      Params:         0       0       0       0
      Locals:         0       8       0       0
      Temps:          0       0       0       0
      Totals:         0       8       0       0
Total ram usage:        8 bytes
 Hardware stack levels used:    1
 Hardware stack levels required when called:    8
 This function calls:
		___fladd
		___fldiv
		___flmul
		___flsub
		___xxtofl
		_configDA
		_moverMotor
		_posicao
 This function is called by:
		_main
 This function uses a non-reentrant model


 *************** function _posicao *****************
 Defined at:
		line 49 in file "./Seguidor.h"
 Parameters:    Size  Location     Type
		None
 Auto vars:     Size  Location     Type
  total           4   57[BANK0 ] void 
  pos             4   53[BANK0 ] void 
  local           4   49[BANK0 ] void 
  i               2   61[BANK0 ] int 
 Return value:  Size  Location     Type
                  4   45[BANK0 ] int 
 Registers used:
		wreg, fsr2l, fsr2h, status,2, status,0, cstack
 Tracked objects:
		On entry : 
		On exit  : 
		Unchanged: 
 Data sizes:     COMRAM   BANK0   BANK1   BANK2
      Params:         0       4       0       0
      Locals:         0      14       0       0
      Temps:          2       0       0       0
      Totals:         2      18       0       0
Total ram usage:       20 bytes
 Hardware stack levels used:    1
 Hardware stack levels required when called:    5
 This function calls:
		___fladd
		___fldiv
		___fleq
 This function is called by:
		_setPID
 This function uses a non-reentrant model


 *************** function _moverMotor *****************
 Defined at:
		line 83 in file "./Seguidor.h"
 Parameters:    Size  Location     Type
  PID             4   53[BANK0 ] int 
 Auto vars:     Size  Location     Type
		None
 Return value:  Size  Location     Type
                  1    wreg      void 
 Registers used:
		wreg, status,2, status,0, prodl, prodh, cstack
 Tracked objects:
		On entry : 
		On exit  : 
		Unchanged: 
 Data sizes:     COMRAM   BANK0   BANK1   BANK2
      Params:         0       4       0       0
      Locals:         0       0       0       0
      Temps:          0       0       0       0
      Totals:         0       4       0       0
Total ram usage:        4 bytes
 Hardware stack levels used:    1
 Hardware stack levels required when called:    7
 This function calls:
		___fldiv
		___fleq
		___fltol
		_lados
 This function is called by:
		_setPID
 This function uses a non-reentrant model


 *************** function _lados *****************
 Defined at:
		line 67 in file "./Seguidor.h"
 Parameters:    Size  Location     Type
  lado            1    wreg     unsigned char 
  porcVelo        2   28[COMRAM] int 
 Auto vars:     Size  Location     Type
  lado            1   30[COMRAM] unsigned char 
 Return value:  Size  Location     Type
                  1    wreg      void 
 Registers used:
		wreg, status,2, status,0, prodl, prodh, cstack
 Tracked objects:
		On entry : 
		On exit  : 
		Unchanged: 
 Data sizes:     COMRAM   BANK0   BANK1   BANK2
      Params:         2       0       0       0
      Locals:         1       0       0       0
      Temps:          0       0       0       0
      Totals:         3       0       0       0
Total ram usage:        3 bytes
 Hardware stack levels used:    1
 Hardware stack levels required when called:    6
 This function calls:
		_setDutyPWM0
		_setDutyPWM2
		_setDutyPWM4
		_setDutyPWM6
 This function is called by:
		_moverMotor
 This function uses a non-reentrant model


 *************** function _setDutyPWM6 *****************
 Defined at:
		line 41 in file "./PWM.h"
 Parameters:    Size  Location     Type
  porcVelo        2   24[COMRAM] unsigned int 
 Auto vars:     Size  Location     Type
  velo            2   26[COMRAM] unsigned int 
 Return value:  Size  Location     Type
                  1    wreg      void 
 Registers used:
		wreg, status,2, status,0, prodl, prodh, cstack
 Tracked objects:
		On entry : 
		On exit  : 
		Unchanged: 
 Data sizes:     COMRAM   BANK0   BANK1   BANK2
      Params:         2       0       0       0
      Locals:         2       0       0       0
      Temps:          0       0       0       0
      Totals:         4       0       0       0
Total ram usage:        4 bytes
 Hardware stack levels used:    1
 Hardware stack levels required when called:    5
 This function calls:
		___wmul
 This function is called by:
		_testeMotores
		_lados
		_main
 This function uses a non-reentrant model


 *************** function _setDutyPWM4 *****************
 Defined at:
		line 35 in file "./PWM.h"
 Parameters:    Size  Location     Type
  porcVelo        2   24[COMRAM] unsigned int 
 Auto vars:     Size  Location     Type
  velo            2   26[COMRAM] unsigned int 
 Return value:  Size  Location     Type
                  1    wreg      void 
 Registers used:
		wreg, status,2, status,0, prodl, prodh, cstack
 Tracked objects:
		On entry : 
		On exit  : 
		Unchanged: 
 Data sizes:     COMRAM   BANK0   BANK1   BANK2
      Params:         2       0       0       0
      Locals:         2       0       0       0
      Temps:          0       0       0       0
      Totals:         4       0       0       0
Total ram usage:        4 bytes
 Hardware stack levels used:    1
 Hardware stack levels required when called:    5
 This function calls:
		___wmul
 This function is called by:
		_testeMotores
		_lados
		_main
 This function uses a non-reentrant model


 *************** function _setDutyPWM2 *****************
 Defined at:
		line 29 in file "./PWM.h"
 Parameters:    Size  Location     Type
  porcVelo        2   24[COMRAM] unsigned int 
 Auto vars:     Size  Location     Type
  velo            2   26[COMRAM] unsigned int 
 Return value:  Size  Location     Type
                  1    wreg      void 
 Registers used:
		wreg, status,2, status,0, prodl, prodh, cstack
 Tracked objects:
		On entry : 
		On exit  : 
		Unchanged: 
 Data sizes:     COMRAM   BANK0   BANK1   BANK2
      Params:         2       0       0       0
      Locals:         2       0       0       0
      Temps:          0       0       0       0
      Totals:         4       0       0       0
Total ram usage:        4 bytes
 Hardware stack levels used:    1
 Hardware stack levels required when called:    5
 This function calls:
		___wmul
 This function is called by:
		_testeMotores
		_lados
		_main
 This function uses a non-reentrant model


 *************** function _setDutyPWM0 *****************
 Defined at:
		line 23 in file "./PWM.h"
 Parameters:    Size  Location     Type
  porcVelo        2   24[COMRAM] unsigned int 
 Auto vars:     Size  Location     Type
  velo            2   26[COMRAM] unsigned int 
 Return value:  Size  Location     Type
                  1    wreg      void 
 Registers used:
		wreg, status,2, status,0, prodl, prodh, cstack
 Tracked objects:
		On entry : 
		On exit  : 
		Unchanged: 
 Data sizes:     COMRAM   BANK0   BANK1   BANK2
      Params:         2       0       0       0
      Locals:         2       0       0       0
      Temps:          0       0       0       0
      Totals:         4       0       0       0
Total ram usage:        4 bytes
 Hardware stack levels used:    1
 Hardware stack levels required when called:    5
 This function calls:
		___wmul
 This function is called by:
		_testeMotores
		_lados
		_main
 This function uses a non-reentrant model


 *************** function ___wmul *****************
 Defined at:
		line 15 in file "C:\Program Files (x86)\Microchip\xc8\v2.10\pic\sources\c99\common\Umul16.c"
 Parameters:    Size  Location     Type
  multiplier      2   18[COMRAM] unsigned int 
  multiplicand    2   20[COMRAM] unsigned int 
 Auto vars:     Size  Location     Type
  product         2   22[COMRAM] unsigned int 
 Return value:  Size  Location     Type
                  2   18[COMRAM] unsigned int 
 Registers used:
		wreg, status,2, status,0, prodl, prodh
 Tracked objects:
		On entry : 
		On exit  : 
		Unchanged: 
 Data sizes:     COMRAM   BANK0   BANK1   BANK2
      Params:         4       0       0       0
      Locals:         2       0       0       0
      Temps:          0       0       0       0
      Totals:         6       0       0       0
Total ram usage:        6 bytes
 Hardware stack levels used:    1
 Hardware stack levels required when called:    4
 This function calls:
		Nothing
 This function is called by:
		_setDutyPWM0
		_setDutyPWM2
		_setDutyPWM4
		_setDutyPWM6
 This function uses a non-reentrant model


 *************** function ___fleq *****************
 Defined at:
		line 4 in file "C:\Program Files (x86)\Microchip\xc8\v2.10\pic\sources\c99\common\fleq.c"
 Parameters:    Size  Location     Type
  ff1             4   18[COMRAM] unsigned int 
  ff2             4   22[COMRAM] unsigned int 
 Auto vars:     Size  Location     Type
		None
 Return value:  Size  Location     Type
		None               void
 Registers used:
		wreg, status,2, status,0
 Tracked objects:
		On entry : 
		On exit  : 
		Unchanged: 
 Data sizes:     COMRAM   BANK0   BANK1   BANK2
      Params:         8       0       0       0
      Locals:         0       0       0       0
      Temps:          4       0       0       0
      Totals:        12       0       0       0
Total ram usage:       12 bytes
 Hardware stack levels used:    1
 Hardware stack levels required when called:    4
 This function calls:
		Nothing
 This function is called by:
		_posicao
		_moverMotor
 This function uses a non-reentrant model


 *************** function ___fldiv *****************
 Defined at:
		line 11 in file "C:\Program Files (x86)\Microchip\xc8\v2.10\pic\sources\c99\common\sprcdiv.c"
 Parameters:    Size  Location     Type
  b               4   20[BANK0 ] unsigned int 
[...]
		None
 Return value:  Size  Location     Type
                  1    wreg      void 
 Registers used:
		wreg, status,2
 Tracked objects:
		On entry : 
		On exit  : 
		Unchanged: 
 Data sizes:     COMRAM   BANK0   BANK1   BANK2
      Params:         0       0       0       0
      Locals:         0       0       0       0
      Temps:          0       0       0       0
      Totals:         0       0       0       0
Total ram usage:        0 bytes
 Hardware stack levels used:    1
 Hardware stack levels required when called:    4
 This function calls:
		Nothing
 This function is called by:
		_main
 This function uses a non-reentrant model


 *************** function _configBits *****************
 Defined at:
		line 11 in file "./geral.h"
 Parameters:    Size  Location     Type
		None
 Auto vars:     Size  Location     Type
		None
 Return value:  Size  Location     Type
                  1    wreg      void 
 Registers used:
		None
 Tracked objects:
		On entry : 
		On exit  : 
		Unchanged: 
 Data sizes:     COMRAM   BANK0   BANK1   BANK2
      Params:         0       0       0       0
      Locals:         0       0       0       0
      Temps:          0       0       0       0
      Totals:         0       0       0       0
Total ram usage:        0 bytes
 Hardware stack levels used:    1
 Hardware stack levels required when called:    4
 This function calls:
		Nothing
 This function is called by:
		_main
 This function uses a non-reentrant model


 *************** function _configAD *****************
 Defined at:
		line 8 in file "./ADC.h"
 Parameters:    Size  Location     Type
		None
 Auto vars:     Size  Location     Type
		None
 Return value:  Size  Location     Type
                  1    wreg      void 
 Registers used:
		wreg, status,2
 Tracked objects:
		On entry : 
		On exit  : 
		Unchanged: 
 Data sizes:     COMRAM   BANK0   BANK1   BANK2
      Params:         0       0       0       0
      Locals:         0       0       0       0
      Temps:          0       0       0       0
      Totals:         0       0       0       0
Total ram usage:        0 bytes
 Hardware stack levels used:    1
 Hardware stack levels required when called:    4
 This function calls:
		Nothing
 This function is called by:
		_main
 This function uses a non-reentrant model


 *************** function _UARTReadChar *****************
 Defined at:
		line 43 in file "./bluetooth.h"
 Parameters:    Size  Location     Type
		None
 Auto vars:     Size  Location     Type
  ler             1   18[COMRAM] unsigned char 
 Return value:  Size  Location     Type
                  1    wreg      unsigned char 
 Registers used:
		wreg, status,2
 Tracked objects:
		On entry : 
		On exit  : 
		Unchanged: 
 Data sizes:     COMRAM   BANK0   BANK1   BANK2
      Params:         0       0       0       0
      Locals:         1       0       0       0
      Temps:          0       0       0       0
      Totals:         1       0       0       0
Total ram usage:        1 bytes
 Hardware stack levels used:    1
 Hardware stack levels required when called:    4
 This function calls:
		Nothing
 This function is called by:
		_main
 This function uses a non-reentrant model


 *************** function _ISR *****************
 Defined at:
		line 26 in file "main.c"
 Parameters:    Size  Location     Type
		None
 Auto vars:     Size  Location     Type
		None
 Return value:  Size  Location     Type
                  1    wreg      void 
 Registers used:
		wreg, fsr0l, fsr0h, status,2, status,0, tblptrl, tblptrh, tblptru, prodl, prodh, cstack
 Tracked objects:
		On entry : 
		On exit  : 
		Unchanged: 
 Data sizes:     COMRAM   BANK0   BANK1   BANK2
      Params:         0       0       0       0
      Locals:         0       0       0       0
      Temps:          8       0       0       0
      Totals:         8       0       0       0
Total ram usage:        8 bytes
 Hardware stack levels used:    1
 Hardware stack levels required when called:    3
 This function calls:
		_ligaTimer0
		_setComando
		i2_UARTReadChar
		i2_UARTSendString
		i2_setDutyPWM0
		i2_setDutyPWM2
		i2_setDutyPWM4
		i2_setDutyPWM6
 This function is called by:
		Interrupt level 2
 This function uses a non-reentrant model


 *************** function i2_setDutyPWM6 *****************
 Defined at:
		line 41 in file "./PWM.h"
 Parameters:    Size  Location     Type
  porcVelo        2    6[COMRAM] unsigned int 
 Auto vars:     Size  Location     Type
  setDutyPWM6     2    8[COMRAM] unsigned int 
 Return value:  Size  Location     Type
                  1    wreg      void 
 Registers used:
		wreg, status,2, status,0, prodl, prodh, cstack
 Tracked objects:
		On entry : 
		On exit  : 
		Unchanged: 
 Data sizes:     COMRAM   BANK0   BANK1   BANK2
      Params:         2       0       0       0
      Locals:         2       0       0       0
      Temps:          0       0       0       0
      Totals:         4       0       0       0
Total ram usage:        4 bytes
 Hardware stack levels used:    1
 Hardware stack levels required when called:    1
 This function calls:
		i2___wmul
 This function is called by:
		_ISR
 This function uses a non-reentrant model


 *************** function i2_setDutyPWM4 *****************
 Defined at:
		line 35 in file "./PWM.h"
 Parameters:    Size  Location     Type
  porcVelo        2    6[COMRAM] unsigned int 
 Auto vars:     Size  Location     Type
  setDutyPWM4     2    8[COMRAM] unsigned int 
 Return value:  Size  Location     Type
                  1    wreg      void 
 Registers used:
		wreg, status,2, status,0, prodl, prodh, cstack
 Tracked objects:
		On entry : 
		On exit  : 
		Unchanged: 
 Data sizes:     COMRAM   BANK0   BANK1   BANK2
      Params:         2       0       0       0
      Locals:         2       0       0       0
      Temps:          0       0       0       0
      Totals:         4       0       0       0
Total ram usage:        4 bytes
 Hardware stack levels used:    1
 Hardware stack levels required when called:    1
 This function calls:
		i2___wmul
 This function is called by:
		_ISR
 This function uses a non-reentrant model


 *************** function i2_setDutyPWM2 *****************
 Defined at:
		line 29 in file "./PWM.h"
 Parameters:    Size  Location     Type
  porcVelo        2    6[COMRAM] unsigned int 
 Auto vars:     Size  Location     Type
  setDutyPWM2     2    8[COMRAM] unsigned int 
 Return value:  Size  Location     Type
                  1    wreg      void 
 Registers used:
		wreg, status,2, status,0, prodl, prodh, cstack
 Tracked objects:
		On entry : 
		On exit  : 
		Unchanged: 
 Data sizes:     COMRAM   BANK0   BANK1   BANK2
      Params:         2       0       0       0
      Locals:         2       0       0       0
      Temps:          0       0       0       0
      Totals:         4       0       0       0
Total ram usage:        4 bytes
 Hardware stack levels used:    1
 Hardware stack levels required when called:    1
 This function calls:
		i2___wmul
 This function is called by:
		_ISR
 This function uses a non-reentrant model


 *************** function i2_setDutyPWM0 *****************
 Defined at:
		line 23 in file "./PWM.h"
 Parameters:    Size  Location     Type
  porcVelo        2    6[COMRAM] unsigned int 
 Auto vars:     Size  Location     Type
  setDutyPWM0     2    8[COMRAM] unsigned int 
 Return value:  Size  Location     Type
                  1    wreg      void 
 Registers used:
		wreg, status,2, status,0, prodl, prodh, cstack
 Tracked objects:
		On entry : 
		On exit  : 
		Unchanged: 
 Data sizes:     COMRAM   BANK0   BANK1   BANK2
      Params:         2       0       0       0
      Locals:         2       0       0       0
      Temps:          0       0       0       0
      Totals:         4       0       0       0
Total ram usage:        4 bytes
 Hardware stack levels used:    1
 Hardware stack levels required when called:    1
 This function calls:
		i2___wmul
 This function is called by:
		_ISR
 This function uses a non-reentrant model


 *************** function i2___wmul *****************
 Defined at:
		line 15 in file "C:\Program Files (x86)\Microchip\xc8\v2.10\pic\sources\c99\common\Umul16.c"
 Parameters:    Size  Location     Type
  multiplier      2    0[COMRAM] unsigned int 
  multiplicand    2    2[COMRAM] unsigned int 
 Auto vars:     Size  Location     Type
  __wmul          2    4[COMRAM] unsigned int 
 Return value:  Size  Location     Type
                  2    0[COMRAM] unsigned int 
 Registers used:
		wreg, status,2, status,0, prodl, prodh
 Tracked objects:
		On entry : 
		On exit  : 
		Unchanged: 
 Data sizes:     COMRAM   BANK0   BANK1   BANK2
      Params:         4       0       0       0
      Locals:         2       0       0       0
      Temps:          0       0       0       0
      Totals:         6       0       0       0
Total ram usage:        6 bytes
 Hardware stack levels used:    1
 This function calls:
		Nothing
 This function is called by:
		i2_setDutyPWM0
		i2_setDutyPWM2
		i2_setDutyPWM4
		i2_setDutyPWM6
 This function uses a non-reentrant model


 *************** function i2_UARTSendString *****************
 Defined at:
		line 57 in file "./bluetooth.h"
 Parameters:    Size  Location     Type
  str             2    1[COMRAM] PTR unsigned char 
		 -> STR_68(5), STR_67(5), STR_52(2), STR_51(5), 
		 -> STR_50(5), STR_49(11), STR_48(4), STR_47(3), 
		 -> STR_46(14), STR_45(13), STR_44(10), STR_43(2), 
		 -> STR_42(11), STR_41(2), STR_40(2), testeADbit@string(2), 
		 -> STR_39(2), STR_38(11), STR_37(2), STR_36(6), 
		 -> STR_35(2), STR_34(6), STR_33(2), STR_32(6), 
		 -> STR_31(2), STR_30(6), STR_29(2), STR_28(6), 
		 -> STR_27(2), STR_26(6), STR_25(2), STR_24(6), 
		 -> STR_23(2), STR_22(6), STR_5(15), STR_2(14), 
		 -> valorConvUARTbit@string(5), valorConvUART@string(5), STR_1(1), 
  max_length      2    3[COMRAM] const int 
 Auto vars:     Size  Location     Type
  UARTSendStri    2    7[COMRAM] int 
 Return value:  Size  Location     Type
                  1    wreg      void 
 Registers used:
		wreg, fsr0l, fsr0h, status,2, status,0, tblptrl, tblptrh, tblptru, cstack
 Tracked objects:
		On entry : 
		On exit  : 
		Unchanged: 
 Data sizes:     COMRAM   BANK0   BANK1   BANK2
      Params:         4       0       0       0
      Locals:         2       0       0       0
      Temps:          2       0       0       0
      Totals:         8       0       0       0
Total ram usage:        8 bytes
 Hardware stack levels used:    1
 Hardware stack levels required when called:    2
 This function calls:
		i2_UARTSendChar
		i2_UARTWriteTest
 This function is called by:
		_ISR
 This function uses a non-reentrant model


 *************** function i2_UARTSendChar *****************
 Defined at:
		line 52 in file "./bluetooth.h"
 Parameters:    Size  Location     Type
  c               1    wreg     unsigned char 
 Auto vars:     Size  Location     Type
  c               1    0[COMRAM] unsigned char 
 Return value:  Size  Location     Type
                  1    wreg      void 
 Registers used:
		wreg, cstack
 Tracked objects:
		On entry : 
		On exit  : 
		Unchanged: 
 Data sizes:     COMRAM   BANK0   BANK1   BANK2
      Params:         0       0       0       0
      Locals:         1       0       0       0
      Temps:          0       0       0       0
      Totals:         1       0       0       0
Total ram usage:        1 bytes
 Hardware stack levels used:    1
 Hardware stack levels required when called:    1
 This function calls:
		i2_UARTWriteTest
 This function is called by:
		i2_UARTSendString
 This function uses a non-reentrant model


 *************** function i2_UARTWriteTest *****************
 Defined at:
		line 48 in file "./bluetooth.h"
 Parameters:    Size  Location     Type
		None
 Auto vars:     Size  Location     Type
		None
 Return value:  Size  Location     Type
                  1    wreg      void 
 Registers used:
		None
 Tracked objects:
		On entry : 
		On exit  : 
		Unchanged: 
 Data sizes:     COMRAM   BANK0   BANK1   BANK2
      Params:         0       0       0       0
      Locals:         0       0       0       0
      Temps:          0       0       0       0
      Totals:         0       0       0       0
Total ram usage:        0 bytes
 Hardware stack levels used:    1
 This function calls:
		Nothing
 This function is called by:
		i2_UARTSendChar
		i2_UARTSendString
 This function uses a non-reentrant model


 *************** function i2_UARTReadChar *****************
 Defined at:
		line 43 in file "./bluetooth.h"
 Parameters:    Size  Location     Type
		None
 Auto vars:     Size  Location     Type
  UARTReadChar    1    0[COMRAM] unsigned char 
 Return value:  Size  Location     Type
                  1    wreg      unsigned char 
 Registers used:
		wreg, status,2
 Tracked objects:
		On entry : 
		On exit  : 
		Unchanged: 
 Data sizes:     COMRAM   BANK0   BANK1   BANK2
      Params:         0       0       0       0
      Locals:         1       0       0       0
      Temps:          0       0       0       0
      Totals:         1       0       0       0
Total ram usage:        1 bytes
 Hardware stack levels used:    1
 This function calls:
		Nothing
 This function is called by:
		_ISR
 This function uses a non-reentrant model


 *************** function _setComando *****************
 Defined at:
		line 39 in file "./bluetooth.h"
 Parameters:    Size  Location     Type
  c               2    0[COMRAM] PTR unsigned char 
		 -> STR_50(5), STR_49(11), STR_48(4), STR_47(3), 
		 -> STR_46(14), STR_45(13), 
 Auto vars:     Size  Location     Type
		None
 Return value:  Size  Location     Type
                  1    wreg      void 
 Registers used:
		wreg, status,2, status,0
 Tracked objects:
		On entry : 
		On exit  : 
		Unchanged: 
 Data sizes:     COMRAM   BANK0   BANK1   BANK2
      Params:         2       0       0       0
      Locals:         0       0       0       0
      Temps:          0       0       0       0
      Totals:         2       0       0       0
Total ram usage:        2 bytes
 Hardware stack levels used:    1
 This function calls:
		Nothing
 This function is called by:
		_ISR
 This function uses a non-reentrant model


 *************** function _ligaTimer0 *****************
 Defined at:
		line 21 in file "./Timer0.h"
 Parameters:    Size  Location     Type
		None
 Auto vars:     Size  Location     Type
		None
 Return value:  Size  Location     Type
                  1    wreg      void 
 Registers used:
		None
 Tracked objects:
		On entry : 
		On exit  : 
		Unchanged: 
 Data sizes:     COMRAM   BANK0   BANK1   BANK2
      Params:         0       0       0       0
      Locals:         0       0       0       0
      Temps:          0       0       0       0
      Totals:         0       0       0       0
Total ram usage:        0 bytes
 Hardware stack levels used:    1
 This function calls:
		Nothing
 This function is called by:
		_ISR
 This function uses a non-reentrant model



MODULE INFORMATION

Module		Function		Class		Link	Load	Size
./Seguidor.h
		_setPID        		CODE           	17C8	0000	719
		_configDA      		CODE           	2006	0000	335
		_posicao       		CODE           	1E70	0000	407
		_moverMotor    		CODE           	2A00	0000	195
		_lados         		CODE           	2E9C	0000	93

./Seguidor.h estimated size: 1749

./geral.h
		_bitExtract    		CODE           	2EF8	0000	91
		_testeMotores  		CODE           	0868	0000	1139
		_testeLampadas 		CODE           	2154	0000	303
		_testeAD       		CODE           	14A0	0000	809
		_configBits    		CODE           	3290	0000	3
		_testeADbit    		CODE           	269A	0000	245
		_myStrncmp     		CODE           	2FEC	0000	61

./geral.h estimated size: 2651

./bluetooth.h
		_configUSART   		CODE           	320A	0000	31
		_UARTSendString		CODE           	2870	0000	205
		_setComando    		CODE           	326A	0000	11
		_UARTWriteTest 		CODE           	3228	0000	17
		_UARTReadChar  		CODE           	327C	0000	9
		_UARTSendChar  		CODE           	3248	0000	13

./bluetooth.h estimated size: 286

C:\Program Files (x86)\Microchip\xc8\v2.10\pic\sources\c99\common\fleq.c
		___fleq        		CODE           	2CD4	0000	171

C:\Program Files (x86)\Microchip\xc8\v2.10\pic\sources\c99\common\fleq.c estimated size: 171

./PWM.h
		_configPWM     		CODE           	31A4	0000	37
		_setDutyPWM0   		CODE           	309A	0000	39
		_setDutyPWM2   		CODE           	3074	0000	39
		_setDutyPWM4   		CODE           	304E	0000	39
		_setDutyPWM6   		CODE           	3028	0000	39

./PWM.h estimated size: 193

C:\Program Files (x86)\Microchip\xc8\v2.10\pic\sources\c99\common\xxtofl.c
		___xxtofl      		CODE           	1CBC	0000	437

C:\Program Files (x86)\Microchip\xc8\v2.10\pic\sources\c99\common\xxtofl.c estimated size: 437

./ADC.h
		_getAD_AN      		CODE           	2282	0000	277
		_getAD_ANbit   		CODE           	25A2	0000	249
		_readAD_AN     		CODE           	2D7E	0000	167
		_configAD      		CODE           	31C8	0000	37
		_readAD_ANbit  		CODE           	31EC	0000	31
		_valorConvUART 		CODE           	2AC2	0000	179
		_valorConvUARTbit		CODE           	278E	0000	227

./ADC.h estimated size: 1167

C:\Program Files (x86)\Microchip\xc8\v2.10\pic\sources\c99\common\awdiv.c
		___awdiv       		CODE           	293C	0000	197

C:\Program Files (x86)\Microchip\xc8\v2.10\pic\sources\c99\common\awdiv.c estimated size: 197

C:\Program Files (x86)\Microchip\xc8\v2.10\pic\sources\c99\common\fltol.c
		___fltol       		CODE           	2396	0000	265

C:\Program Files (x86)\Microchip\xc8\v2.10\pic\sources\c99\common\fltol.c estimated size: 265

C:\Program Files (x86)\Microchip\xc8\v2.10\pic\sources\c99\common\strcmp.c
		_strcmp        		CODE           	2E24	0000	121

C:\Program Files (x86)\Microchip\xc8\v2.10\pic\sources\c99\common\strcmp.c estimated size: 121

C:\Program Files (x86)\Microchip\xc8\v2.10\pic\sources\c99\common\sprcmul.c
		___flmul       		CODE           	0CDA	0000	1067

C:\Program Files (x86)\Microchip\xc8\v2.10\pic\sources\c99\common\sprcmul.c estimated size: 1067

C:\Program Files (x86)\Microchip\xc8\v2.10\pic\sources\c99\common\sprcdiv.c
		___fldiv       		CODE           	1104	0000	925

C:\Program Files (x86)\Microchip\xc8\v2.10\pic\sources\c99\common\sprcdiv.c estimated size: 925

./Timer0.h
		_initTimer0    		CODE           	3260	0000	11
		_ligaTimer0    		CODE           	328C	0000	5

./Timer0.h estimated size: 16

C:\Program Files (x86)\Microchip\xc8\v2.10\pic\sources\c99\common\flge.c
		___flge        		CODE           	249E	0000	261

C:\Program Files (x86)\Microchip\xc8\v2.10\pic\sources\c99\common\flge.c estimated size: 261

shared
		i2_UARTSendString		CODE           	2C24	0000	177
		i2_setDutyPWM0 		CODE           	3158	0000	39
		i2_setDutyPWM2 		CODE           	3132	0000	39
		i2_setDutyPWM4 		CODE           	310C	0000	39
		i2_setDutyPWM6 		CODE           	30E6	0000	39
		i2_UARTSendChar		CODE           	3254	0000	13
		i2_UARTWriteTest		CODE           	3238	0000	17
		i2___wmul      		CODE           	317E	0000	39
		__initialization		CODE           	2F52	0000	69
		i2_UARTReadChar		CODE           	3284	0000	9

shared estimated size: 480

C:\Program Files (x86)\Microchip\xc8\v2.10\pic\sources\c99\common\sprcadd.c
		___flsub       		CODE           	2FA4	0000	73
		___fladd       		CODE           	03A6	0000	1219

C:\Program Files (x86)\Microchip\xc8\v2.10\pic\sources\c99\common\sprcadd.c estimated size: 1292

C:\Program Files (x86)\Microchip\xc8\v2.10\pic\sources\c99\common\Umul16.c
		___wmul        		CODE           	30C0	0000	39

C:\Program Files (x86)\Microchip\xc8\v2.10\pic\sources\c99\common\Umul16.c estimated size: 39

C:\Program Files (x86)\Microchip\xc8\v2.10\pic\sources\c99\common\awmod.c
		___awmod       		CODE           	2B74	0000	177

C:\Program Files (x86)\Microchip\xc8\v2.10\pic\sources\c99\common\awmod.c estimated size: 177

main.c
		_ISR           		CODE           	0008	0000	579
		_main          		CODE           	1A96	0000	551

main.c estimated size: 1130

