Microchip MPLAB XC8 Compiler V2.10 ()

Linker command line:

-W-3 --edf=C:\Program Files (x86)\Microchip\xc8\v2.10\pic\dat\en_msgs.txt \
  -cs -h+dist/default/production\robouvc.X.production.sym \
  --cmf=dist/default/production\robouvc.X.production.cmf -z -Q18F4431 \
  -oD:\usuarios\Hiro\AppData\Local\Temp\s23o.2 --defsym=__MPLAB_BUILD=1 \
  -Mdist/default/production/robouvc.X.production.map -E1 -ver=XC8 \
  --acfsm=1493 -ASTACK=080h-02FFh -pstack=STACK -ACODE=00h-03FFFh \
  -ACONST=00h-03FFFh -ASMALLCONST=0300h-03FFhx61 -AMEDIUMCONST=0300h-03FFFh \
  -ACOMRAM=01h-05Fh -AABS1=00h-02FFh -ABIGRAM=01h-02FFh \
  -ARAM=060h-0FFh,0100h-01FFhx2 -ABANK0=060h-0FFh -ABANK1=0100h-01FFh \
  -ABANK2=0200h-02FFh -ASFR=0F60h-0FFFh \
  -preset_vec=00h,intcode=08h,intcodelo,powerup,init -pramtop=0300h \
  -psmallconst=SMALLCONST -pmediumconst=MEDIUMCONST -pconst=CONST \
  -AFARRAM=00h-00h -ACONFIG=0300000h-030000Dh -pconfig=CONFIG \
  -AIDLOC=0200000h-0200007h -pidloc=IDLOC -AEEDATA=0F00000h-0F000FFh \
  -peeprom_data=EEDATA \
  -prdata=COMRAM,nvrram=COMRAM,nvbit=COMRAM,rbss=COMRAM,rbit=COMRAM \
  -pfarbss=FARRAM,fardata=FARRAM,nvFARRAM=FARRAM \
  -pintsave_regs=BIGRAM,bigbss=BIGRAM,bigdata=BIGRAM -pbss=RAM \
  -pidata=CODE,irdata=CODE,ibigdata=CODE,ifardata=CODE -prparam=COMRAM \
  D:\usuarios\Hiro\AppData\Local\Temp\s23o.o \
  dist/default/production\robouvc.X.production.o 

Object code version is 3.11

Machine type is 18F4431

Call graph: (short form)




                Name                               Link     Load   Length Selector   Space Scale
D:\usuarios\Hiro\AppData\Local\Temp\s23o.o
                init                                1EC      1EC        4        4       0
                reset_vec                             0        0        4        0       0
                idloc                            200000   200000        8   200000       0
                config                           300000   300000        E   300000       0
dist/default/production\robouvc.X.production.o
                intcode                               8        8      1E4        4       0
                temp                                 50       50        1        1       1
                smallconst                          300      300       E4      180       0
                text26                             14E8     14E8        8      1F2       0
                text25                             14F4     14F4        4      1F2       0
                text24                             14F0     14F0        4      1F2       0
                text23                             14DE     14DE        A      1F2       0
                text22                             14AC     14AC       10      1F2       0
                text21                             14C8     14C8        C      1F2       0
                text20                             11E6     11E6       B0      1F2       0
                text18                             145A     145A       24      1F2       0
                text17                             14FA     14FA        2      1F2       0
                text16                             1436     1436       24      1F2       0
                text15                             147E     147E       1E      1F2       0
                text14                             14D4     14D4        A      1F2       0
                text13                             149C     149C       10      1F2       0
                text12                             14BC     14BC        C      1F2       0
                text11                              EF4      EF4       CC      1F2       0
                text10                              DEE      DEE      106      1F2       0
                text9                              139E     139E       5A      1F2       0
                text8                               3E4      3E4      42A      1F2       0
                text7                               B26      B26      1B4      1F2       0
                text6                              1296     1296       A6      1F2       0
                text5                               CDA      CDA      114      1F2       0
                text4                               FC0      FC0       C4      1F2       0
                text3                              1136     1136       B0      1F2       0
                text2                              1084     1084       B2      1F2       0
                text1                               80E      80E      318      1F2       0
                text0                              133C     133C       62      1F2       0
                cstackCOMRAM                          1        1       43        1       1
                cstackBANK0                          60       60       1B       60       1
                bssBANK0                             7B       7B        5       60       1
                dataCOMRAM                           4E       4E        2        1       1
                bssCOMRAM                            44       44        A        1       1
                cinit                              13F8     13F8       3E      1F2       0
                idataCOMRAM                        14F8     14F8        2      1F2       0

TOTAL           Name                               Link     Load   Length     Space
        CLASS   STACK          

        CLASS   CODE           
                intcode                               8        8      1E4         0
                init                                1EC      1EC        4         0
                reset_vec                             0        0        4         0
                text26                             14E8     14E8        8         0
                text25                             14F4     14F4        4         0
                text24                             14F0     14F0        4         0
                text23                             14DE     14DE        A         0
                text22                             14AC     14AC       10         0
                text21                             14C8     14C8        C         0
                text20                             11E6     11E6       B0         0
                text18                             145A     145A       24         0
                text17                             14FA     14FA        2         0
                text16                             1436     1436       24         0
                text15                             147E     147E       1E         0
                text14                             14D4     14D4        A         0
                text13                             149C     149C       10         0
                text12                             14BC     14BC        C         0
                text11                              EF4      EF4       CC         0
                text10                              DEE      DEE      106         0
                text9                              139E     139E       5A         0
                text8                               3E4      3E4      42A         0
                text7                               B26      B26      1B4         0
                text6                              1296     1296       A6         0
                text5                               CDA      CDA      114         0
                text4                               FC0      FC0       C4         0
                text3                              1136     1136       B0         0
                text2                              1084     1084       B2         0
                text1                               80E      80E      318         0
                text0                              133C     133C       62         0
                cinit                              13F8     13F8       3E         0
                idataCOMRAM                        14F8     14F8        2         0

        CLASS   CONST          

        CLASS   SMALLCONST     
                smallconst                          300      300       E4         0

        CLASS   MEDIUMCONST    

        CLASS   COMRAM         
                temp                                 50       50        1         1
                cstackCOMRAM                          1        1       43         1
                dataCOMRAM                           4E       4E        2         1
                bssCOMRAM                            44       44        A         1

        CLASS   ABS1           

        CLASS   BIGRAM         

        CLASS   RAM            

        CLASS   BANK0          
                cstackBANK0                          60       60       1B         1
                bssBANK0                             7B       7B        5         1

        CLASS   BANK1          

        CLASS   BANK2          

        CLASS   SFR            

        CLASS   FARRAM         

        CLASS   CONFIG         
                config                           300000   300000        E         0

        CLASS   IDLOC          
                idloc                            200000   200000        8         0

        CLASS   EEDATA         



SEGMENTS        Name                           Load    Length   Top    Selector   Space  Class

                reset_vec                      000000  000004  000004         0       0  CODE    
                cstackCOMRAM                   000001  000050  000051         1       1  COMRAM  
                intcode                        000008  0001E8  0001F0         4       0  CODE    
                cstackBANK0                    000060  000020  000080        60       1  BANK0   
                smallconst                     000300  0000E4  0003E4       180       0  SMALLCON
                text8                          0003E4  001118  0014FC       1F2       0  CODE    
                idloc                          200000  000008  200008    200000       0  IDLOC   
                config                         300000  00000E  30000E    300000       0  CONFIG  


UNUSED ADDRESS RANGES

        Name                Unused          Largest block    Delta
        BANK0            000080-0000FF               80
        BANK1            000100-0001FF              100
        BANK2            000200-0002FF              100
        BIGRAM           000051-00005F                F
                         000080-0002FF              280
        CODE             000004-000007                4
                         0001F0-0002FF              110
                         0014FC-003FFF             2B04
        COMRAM           000051-00005F                F
        CONST            000004-000007                4
                         0001F0-0002FF              110
                         0014FC-003FFF             2B04
        EEDATA           F00000-F000FF              100
        MEDIUMCONST      0014FC-003FFF             2B04
        RAM              000080-0002FF              100
        SFR              000F60-000FFF               A0
        SMALLCONST       0014FC-003FFF              100
        STACK            000080-0002FF              280

                                  Symbol Table

?___awdiv                   cstackCOMRAM 000010
?___awmod                   cstackCOMRAM 000018
?___flmul                   cstackCOMRAM 00001E
?___fltol                   cstackCOMRAM 000010
?___xxtofl                  cstackCOMRAM 000010
?_bitExtract                cstackCOMRAM 000010
?_getAD_AN                  cstackCOMRAM 00003F
?_readAD_AN                 cstackCOMRAM 000037
?_valorConvUART             cstackCOMRAM 000041
UARTReadChar@ler            cstackCOMRAM 000001
UARTSendChar@c              cstackCOMRAM 000010
UARTSendString@i            cstackBANK0  000077
UARTSendString@max_length   cstackBANK0  000073
UARTSendString@str          cstackBANK0  000071
_ADCHSbits                  (abs)        000F99
_ADCON0bits                 (abs)        000FC2
_ADCON1bits                 (abs)        000FC1
_ADCON2bits                 (abs)        000FC0
_ADCON3                     (abs)        000F9A
_ADRESH                     (abs)        000FC4
_ADRESL                     (abs)        000FC3
_ANSEL0                     (abs)        000FB8
_ANSEL1                     (abs)        000FB9
_DTCON                      (abs)        000F6D
_INTCONbits                 (abs)        000FF2
_ISR                        intcode      000008
_OVDCOND                    (abs)        000F6B
_OVDCONS                    (abs)        000F6A
_PDC0H                      (abs)        000F78
_PDC0L                      (abs)        000F79
_PDC1H                      (abs)        000F76
_PDC1L                      (abs)        000F77
_PDC2H                      (abs)        000F74
_PDC2L                      (abs)        000F75
_PDC3H                      (abs)        000F72
_PDC3L                      (abs)        000F73
_PIE1bits                   (abs)        000F9D
_PIR1bits                   (abs)        000F9E
_PORTB                      (abs)        000F81
_PORTBbits                  (abs)        000F81
_PORTC                      (abs)        000F82
_PORTD                      (abs)        000F83
_PORTE                      (abs)        000F84
_PTCON0                     (abs)        000F7F
_PTCON1                     (abs)        000F7E
_PTPERH                     (abs)        000F7A
_PTPERL                     (abs)        000F7B
_PWMCON0                    (abs)        000F6F
_PWMCON1                    (abs)        000F6E
_RC0                        (abs)        007C10
_RC1                        (abs)        007C11
_RC2                        (abs)        007C12
_RC3                        (abs)        007C13
_RCREG                      (abs)        000FAE
_RCSTAbits                  (abs)        000FAB
_SPBRG                      (abs)        000FAF
_T0CON                      (abs)        000FD5
_TMR0IF                     (abs)        007F92
_TMR0L                      (abs)        000FD6
_TMR0ON                     (abs)        007EAF
_TRISA                      (abs)        000F92
_TRISB                      (abs)        000F93
_TRISC                      (abs)        000F94
_TRISCbits                  (abs)        000F94
_TRISD                      (abs)        000F95
_TRISE                      (abs)        000F96
_TRMT                       (abs)        007D61
_TXREG                      (abs)        000FAD
_TXSTAbits                  (abs)        000FAC
_UARTReadChar               text26       0014E8
_UARTSendChar               text12       0014BC
_UARTSendString             text11       000EF4
_UARTWriteTest              text13       00149C
__CFG_BOREN$OFF             (abs)        000000
__CFG_CP0$OFF               (abs)        000000
__CFG_CP1$OFF               (abs)        000000
__CFG_CP2$OFF               (abs)        000000
__CFG_CP3$OFF               (abs)        000000
__CFG_CPB$OFF               (abs)        000000
__CFG_CPD$OFF               (abs)        000000
__CFG_EBTR0$OFF             (abs)        000000
__CFG_EBTR1$OFF             (abs)        000000
__CFG_EBTR2$OFF             (abs)        000000
__CFG_EBTR3$OFF             (abs)        000000
__CFG_EBTRB$OFF             (abs)        000000
__CFG_FCMEN$ON              (abs)        000000
__CFG_HPOL$HIGH             (abs)        000000
__CFG_IESO$ON               (abs)        000000
__CFG_LPOL$HIGH             (abs)        000000
__CFG_LVP$ON                (abs)        000000
__CFG_MCLRE$ON              (abs)        000000
__CFG_OSC$HS                (abs)        000000
__CFG_PWMPIN$OFF            (abs)        000000
__CFG_PWRTEN$OFF            (abs)        000000
__CFG_STVREN$ON             (abs)        000000
__CFG_T1OSCMX$ON            (abs)        000000
__CFG_WDPS$32768            (abs)        000000
__CFG_WDTEN$OFF             (abs)        000000
__CFG_WINEN$OFF             (abs)        000000
__CFG_WRT0$OFF              (abs)        000000
__CFG_WRT1$OFF              (abs)        000000
__CFG_WRT2$OFF              (abs)        000000
__CFG_WRT3$OFF              (abs)        000000
__CFG_WRTB$OFF              (abs)        000000
__CFG_WRTC$OFF              (abs)        000000
__CFG_WRTD$OFF              (abs)        000000
__HRAM                      (abs)        000000
__Habs1                     abs1         000000
__Hbank0                    bank0        000000
__Hbank1                    bank1        000000
__Hbank2                    bank2        000000
__Hbigbss                   bigbss       000000
__Hbigdata                  bigdata      000000
__Hbigram                   bigram       000000
__Hbss                      bss          000000
__HbssBANK0                 bssBANK0     000000
__HbssCOMRAM                bssCOMRAM    000000
__Hcinit                    cinit        000000
__Hclrtext                  clrtext      000000
__Hcomram                   comram       000000
__Hconfig                   config       30000E
__Hconst                    const        000000
__HcstackBANK0              cstackBANK0  000000
__HcstackCOMRAM             cstackCOMRAM 000000
__Hdata                     data         000000
__HdataCOMRAM               dataCOMRAM   000000
__Heeprom_data              eeprom_data  000000
__Hfarbss                   farbss       000000
__Hfardata                  fardata      000000
__Hibigdata                 ibigdata     000000
__Hidata                    idata        000000
__HidataCOMRAM              idataCOMRAM  000000
__Hidloc                    idloc        200008
__Hifardata                 ifardata     000000
__Hinit                     init         0001F0
__Hintcode                  intcode      0001EC
__Hintcode_body             intcode_body 000000
__Hintcodelo                intcodelo    0001EC
__Hintentry                 intentry     000000
__Hintret                   intret       000000
__Hintsave_regs             intsave_regs 000000
__Hirdata                   irdata       000000
__Hmediumconst              mediumconst  000000
__HnvFARRAM                 nvFARRAM     000000
__Hnvbit                    nvbit        000000
__Hnvrram                   nvrram       000000
__Hparam                    rparam       000000
__Hpowerup                  powerup      0001EC
__Hram                      ram          000000
__Hramtop                   ramtop       000300
__Hrbit                     rbit         000000
__Hrbss                     rbss         000000
__Hrdata                    rdata        000000
__Hreset_vec                reset_vec    000004
__Hrparam                   rparam       000000
__Hsfr                      sfr          000000
__Hsmallconst               smallconst   0003E4
__Hspace_0                  (abs)        30000E
__Hspace_1                  (abs)        000080
__Hspace_2                  (abs)        000000
__Hstack                    stack        000000
__Hstruct                   struct       000000
__Htemp                     temp         000051
__Htext                     text         000000
__Htext0                    text0        000000
__Htext1                    text1        000000
__Htext10                   text10       000000
__Htext11                   text11       000000
__Htext12                   text12       000000
__Htext13                   text13       000000
__Htext14                   text14       000000
__Htext15                   text15       000000
__Htext16                   text16       000000
__Htext17                   text17       000000
__Htext18                   text18       000000
__Htext2                    text2        000000
__Htext20                   text20       000000
__Htext21                   text21       000000
__Htext22                   text22       000000
__Htext23                   text23       000000
__Htext24                   text24       000000
__Htext25                   text25       000000
__Htext26                   text26       000000
__Htext3                    text3        000000
__Htext4                    text4        000000
__Htext5                    text5        000000
__Htext6                    text6        000000
__Htext7                    text7        000000
__Htext8                    text8        000000
__Htext9                    text9        000000
__LRAM                      (abs)        000001
__Labs1                     abs1         000000
__Lbank0                    bank0        000000
__Lbank1                    bank1        000000
__Lbank2                    bank2        000000
__Lbigbss                   bigbss       000000
__Lbigdata                  bigdata      000000
__Lbigram                   bigram       000000
__Lbss                      bss          000000
__LbssBANK0                 bssBANK0     000000
__LbssCOMRAM                bssCOMRAM    000000
__Lcinit                    cinit        000000
__Lclrtext                  clrtext      000000
__Lcomram                   comram       000000
__Lconfig                   config       300000
__Lconst                    const        000000
__LcstackBANK0              cstackBANK0  000000
__LcstackCOMRAM             cstackCOMRAM 000000
__Ldata                     data         000000
__LdataCOMRAM               dataCOMRAM   000000
__Leeprom_data              eeprom_data  000000
__Lfarbss                   farbss       000000
__Lfardata                  fardata      000000
__Libigdata                 ibigdata     000000
__Lidata                    idata        000000
__LidataCOMRAM              idataCOMRAM  000000
__Lidloc                    idloc        200000
__Lifardata                 ifardata     000000
__Linit                     init         0001EC
__Lintcode                  intcode      000008
__Lintcode_body             intcode_body 000000
__Lintcodelo                intcodelo    0001EC
__Lintentry                 intentry     000000
__Lintret                   intret       000000
__Lintsave_regs             intsave_regs 000000
__Lirdata                   irdata       000000
__Lmediumconst              mediumconst  000000
__LnvFARRAM                 nvFARRAM     000000
__Lnvbit                    nvbit        000000
__Lnvrram                   nvrram       000000
__Lparam                    rparam       000000
__Lpowerup                  powerup      0001EC
__Lram                      ram          000000
__Lramtop                   ramtop       000300
__Lrbit                     rbit         000000
__Lrbss                     rbss         000000
__Lrdata                    rdata        000000
__Lreset_vec                reset_vec    000000
__Lrparam                   rparam       000000
__Lsfr                      sfr          000000
__Lsmallconst               smallconst   000300
__Lspace_0                  (abs)        000000
__Lspace_1                  (abs)        000000
__Lspace_2                  (abs)        000000
__Lstack                    stack        000000
__Lstruct                   struct       000000
__Ltemp                     temp         000050
__Ltext                     text         000000
__Ltext0                    text0        000000
__Ltext1                    text1        000000
__Ltext10                   text10       000000
__Ltext11                   text11       000000
__Ltext12                   text12       000000
__Ltext13                   text13       000000
__Ltext14                   text14       000000
__Ltext15                   text15       000000
__Ltext16                   text16       000000
__Ltext17                   text17       000000
__Ltext18                   text18       000000
__Ltext2                    text2        000000
__Ltext20                   text20       000000
__Ltext21                   text21       000000
__Ltext22                   text22       000000
__Ltext23                   text23       000000
__Ltext24                   text24       000000
__Ltext25                   text25       000000
__Ltext26                   text26       000000
__Ltext3                    text3        000000
__Ltext4                    text4        000000
__Ltext5                    text5        000000
__Ltext6                    text6        000000
__Ltext7                    text7        000000
__Ltext8                    text8        000000
__Ltext9                    text9        000000
__S0                        (abs)        30000E
__S1                        (abs)        000080
__S2                        (abs)        000000
___awdiv                    text4        000FC0
___awdiv@counter            cstackCOMRAM 000014
___awdiv@dividend           cstackCOMRAM 000010
___awdiv@divisor            cstackCOMRAM 000012
___awdiv@quotient           cstackCOMRAM 000016
___awdiv@sign               cstackCOMRAM 000015
___awmod                    text3        001136
___awmod@counter            cstackCOMRAM 00001C
___awmod@dividend           cstackCOMRAM 000018
___awmod@divisor            cstackCOMRAM 00001A
___awmod@sign               cstackCOMRAM 00001D
___flmul                    text8        0003E4
___flmul@a                  cstackCOMRAM 000022
___flmul@aexp               cstackCOMRAM 00002B
___flmul@b                  cstackCOMRAM 00001E
___flmul@bexp               cstackCOMRAM 000030
___flmul@grs                cstackCOMRAM 00002C
___flmul@prod               cstackCOMRAM 000031
___flmul@sign               cstackCOMRAM 00002A
___flmul@temp               cstackCOMRAM 000035
___fltol                    text10       000DEE
___fltol@exp1               cstackCOMRAM 000019
___fltol@f1                 cstackCOMRAM 000010
___fltol@sign1              cstackCOMRAM 000018
___inthi_sp                 stack        000000
___intlo_sp                 stack        000000
___param_bank               (abs)        000000
___rparam_used              (abs)        000001
___sp                       stack        000000
___xxtofl                   text7        000B26
___xxtofl@arg               cstackCOMRAM 00001A
___xxtofl@exp               cstackCOMRAM 000019
___xxtofl@sign              cstackCOMRAM 000018
___xxtofl@val               cstackCOMRAM 000010
__accesstop                 (abs)        000060
__activetblptr              (abs)        000002
__end_of_ISR                intcode      0001EC
__end_of_UARTReadChar       text26       0014F0
__end_of_UARTSendChar       text12       0014C8
__end_of_UARTSendString     text11       000FC0
__end_of_UARTWriteTest      text13       0014AC
__end_of___awdiv            text4        001084
__end_of___awmod            text3        0011E6
__end_of___flmul            text8        00080E
__end_of___fltol            text10       000EF4
__end_of___xxtofl           text7        000CDA
__end_of__initialization    cinit        001428
__end_of_bitExtract         text9        0013F8
__end_of_configAD           text18       00147E
__end_of_configBits         text17       0014FC
__end_of_configPWM          text16       00145A
__end_of_configUSART        text15       00149C
__end_of_desligaTimer0      text25       0014F8
__end_of_getAD_AN           text5        000DEE
__end_of_initTimer0         text14       0014DE
__end_of_ligaTimer0         text24       0014F4
__end_of_main               text0        00139E
__end_of_readAD_AN          text6        00133C
__end_of_setEstrategia      text23       0014E8
__end_of_testeAD            text1        000B26
__end_of_valorConvUART      text2        001136
__end_ofi2_UARTSendChar     text21       0014D4
__end_ofi2_UARTSendString   text20       001296
__end_ofi2_UARTWriteTest    text22       0014BC
__initialization            cinit        0013F8
__mediumconst               mediumconst  000000
__pbssBANK0                 bssBANK0     00007B
__pbssCOMRAM                bssCOMRAM    000044
__pcinit                    cinit        0013F8
__pcstackBANK0              cstackBANK0  000060
__pcstackCOMRAM             cstackCOMRAM 000001
__pdataCOMRAM               dataCOMRAM   00004E
__pidataCOMRAM              idataCOMRAM  0014F8
__pintcode                  intcode      000008
__psmallconst               smallconst   000300
__ptext0                    text0        00133C
__ptext1                    text1        00080E
__ptext10                   text10       000DEE
__ptext11                   text11       000EF4
__ptext12                   text12       0014BC
__ptext13                   text13       00149C
__ptext14                   text14       0014D4
__ptext15                   text15       00147E
__ptext16                   text16       001436
__ptext17                   text17       0014FA
__ptext18                   text18       00145A
__ptext2                    text2        001084
__ptext20                   text20       0011E6
__ptext21                   text21       0014C8
__ptext22                   text22       0014AC
__ptext23                   text23       0014DE
__ptext24                   text24       0014F0
__ptext25                   text25       0014F4
__ptext26                   text26       0014E8
__ptext3                    text3        001136
__ptext4                    text4        000FC0
__ptext5                    text5        000CDA
__ptext6                    text6        001296
__ptext7                    text7        000B26
__ptext8                    text8        0003E4
__ptext9                    text9        00139E
__ramtop                    ramtop       000300
__size_of_ISR               (abs)        000000
__size_of_UARTReadChar      (abs)        000000
__size_of_UARTSendChar      (abs)        000000
__size_of_UARTSendString    (abs)        000000
__size_of_UARTWriteTest     (abs)        000000
__size_of___awdiv           (abs)        000000
__size_of___awmod           (abs)        000000
__size_of___flmul           (abs)        000000
__size_of___fltol           (abs)        000000
__size_of___xxtofl          (abs)        000000
__size_of_bitExtract        (abs)        000000
__size_of_configAD          (abs)        000000
__size_of_configBits        (abs)        000000
__size_of_configPWM         (abs)        000000
__size_of_configUSART       (abs)        000000
__size_of_desligaTimer0     (abs)        000000
__size_of_getAD_AN          (abs)        000000
__size_of_initTimer0        (abs)        000000
__size_of_ligaTimer0        (abs)        000000
__size_of_main              (abs)        000000
__size_of_readAD_AN         (abs)        000000
__size_of_setEstrategia     (abs)        000000
__size_of_testeAD           (abs)        000000
__size_of_valorConvUART     (abs)        000000
__size_ofi2_UARTSendChar    (abs)        000000
__size_ofi2_UARTSendString  (abs)        000000
__size_ofi2_UARTWriteTest   (abs)        000000
__smallconst                smallconst   000300
_bitExtract                 text9        00139E
_comando                    dataCOMRAM   00004E
_configAD                   text18       00145A
_configBits                 text17       0014FA
_configPWM                  text16       001436
_configUSART                text15       00147E
_desligaTimer0              text25       0014F4
_getAD_AN                   text5        000CDA
_initTimer0                 text14       0014D4
_ligaTimer0                 text24       0014F0
_main                       text0        00133C
_millis                     bssCOMRAM    000044
_readAD_AN                  text6        001296
_readAD_AN$1465             cstackCOMRAM 00003B
_setEstrategia              text23       0014DE
_testeAD                    text1        00080E
_valorConvUART              text2        001084
_valorConvUART$1464         cstackBANK0  00006A
_vanal_AN                   bssCOMRAM    000048
_vdig_AN                    bssCOMRAM    00004C
bitExtract@k                cstackCOMRAM 000012
bitExtract@numero           cstackCOMRAM 000010
bitExtract@p                cstackCOMRAM 000014
btemp                       temp         000050
end_of_initialization       cinit        001428
getAD_AN@ANread             cstackBANK0  000060
getAD_AN@porta              cstackCOMRAM 00003F
i2UARTSendChar@c            cstackCOMRAM 000001
i2UARTSendString@i          cstackCOMRAM 000008
i2UARTSendString@max_length cstackCOMRAM 000004
i2UARTSendString@str        cstackCOMRAM 000002
i2_UARTSendChar             text21       0014C8
i2_UARTSendString           text20       0011E6
i2_UARTWriteTest            text22       0014AC
initTimer0@tempoInicial     cstackCOMRAM 000010
int$flags                   temp         000050
intlevel0                   text         000000
intlevel1                   text         000000
intlevel2                   text         000000
intlevel3                   text         000000
setEstrategia@c             cstackCOMRAM 000001
stackhi                     (abs)        0002FF
stacklo                     (abs)        000080
start                       init         0001EC
start_initialization        cinit        0013F8
ttemp5                      temp         000051
ttemp6                      temp         000054
ttemp7                      temp         000058
valorConvUART@centena       cstackBANK0  000064
valorConvUART@dezena        cstackBANK0  000066
valorConvUART@string        cstackBANK0  00006C
valorConvUART@unidade       cstackBANK0  000068
valorConvUART@valor         cstackCOMRAM 000041
wtemp8                      temp         000051


FUNCTION INFORMATION:

 *************** function _main *****************
 Defined at:
		line 78 in file "main.c"
 Parameters:    Size  Location     Type
		None
 Auto vars:     Size  Location     Type
  AN6             2    0        int 
  AN5             2    0        int 
  AN4             2    0        int 
  AN3             2    0        int 
  AN2             2    0        int 
  AN1             2    0        int 
  AN0             2    0        int 
 Return value:  Size  Location     Type
                  1    wreg      void 
 Registers used:
		wreg, fsr0l, fsr0h, fsr2l, fsr2h, status,2, status,0, tblptrl, tblptrh, tblptru, prodl, prodh, cstack
 Tracked objects:
		On entry : 
		On exit  : 
		Unchanged: 
 Data sizes:     COMRAM   BANK0   BANK1   BANK2
      Params:         0       0       0       0
      Locals:         0       0       0       0
      Temps:          1       0       0       0
      Totals:         1       0       0       0
Total ram usage:        1 bytes
 Hardware stack levels required when called:    8
 This function calls:
		_configAD
		_configBits
		_configPWM
		_configUSART
		_initTimer0
		_testeAD
 This function is called by:
		Startup code after reset
 This function uses a non-reentrant model


 *************** function _testeAD *****************
 Defined at:
		line 205 in file "./geral.h"
 Parameters:    Size  Location     Type
		None
 Auto vars:     Size  Location     Type
		None
 Return value:  Size  Location     Type
                  1    wreg      void 
 Registers used:
		wreg, fsr0l, fsr0h, fsr2l, fsr2h, status,2, status,0, tblptrl, tblptrh, tblptru, prodl, prodh, cstack
 Tracked objects:
		On entry : 
		On exit  : 
		Unchanged: 
 Data sizes:     COMRAM   BANK0   BANK1   BANK2
      Params:         0       0       0       0
      Locals:         0       0       0       0
      Temps:          0       2       0       0
      Totals:         0       2       0       0
Total ram usage:        2 bytes
 Hardware stack levels used:    1
 Hardware stack levels required when called:    7
 This function calls:
		_UARTSendString
		_getAD_AN
		_valorConvUART
 This function is called by:
		_main
 This function uses a non-reentrant model


 *************** function _valorConvUART *****************
 Defined at:
		line 32 in file "./ADC.h"
 Parameters:    Size  Location     Type
  valor           2   64[COMRAM] int 
 Auto vars:     Size  Location     Type
  string          5   12[BANK0 ] unsigned char [5]
  unidade         2    8[BANK0 ] int 
  dezena          2    6[BANK0 ] int 
  centena         2    4[BANK0 ] int 
 Return value:  Size  Location     Type
                  2   64[COMRAM] PTR const unsigned char 
 Registers used:
		wreg, fsr2l, fsr2h, status,2, status,0, cstack
 Tracked objects:
		On entry : 
		On exit  : 
		Unchanged: 
 Data sizes:     COMRAM   BANK0   BANK1   BANK2
      Params:         2       0       0       0
      Locals:         0      13       0       0
      Temps:          0       0       0       0
      Totals:         2      13       0       0
Total ram usage:       15 bytes
 Hardware stack levels used:    1
 Hardware stack levels required when called:    5
 This function calls:
		___awdiv
		___awmod
 This function is called by:
		_testeAD
 This function uses a non-reentrant model


 *************** function ___awmod *****************
 Defined at:
		line 7 in file "C:\Program Files (x86)\Microchip\xc8\v2.10\pic\sources\c99\common\awmod.c"
 Parameters:    Size  Location     Type
  dividend        2   23[COMRAM] int 
  divisor         2   25[COMRAM] int 
 Auto vars:     Size  Location     Type
  sign            1   28[COMRAM] unsigned char 
  counter         1   27[COMRAM] unsigned char 
 Return value:  Size  Location     Type
                  2   23[COMRAM] int 
 Registers used:
		wreg, status,2, status,0
 Tracked objects:
		On entry : 
		On exit  : 
		Unchanged: 
 Data sizes:     COMRAM   BANK0   BANK1   BANK2
      Params:         4       0       0       0
      Locals:         2       0       0       0
      Temps:          0       0       0       0
      Totals:         6       0       0       0
Total ram usage:        6 bytes
 Hardware stack levels used:    1
 Hardware stack levels required when called:    4
 This function calls:
		Nothing
 This function is called by:
		_valorConvUART
 This function uses a non-reentrant model


 *************** function ___awdiv *****************
 Defined at:
		line 7 in file "C:\Program Files (x86)\Microchip\xc8\v2.10\pic\sources\c99\common\awdiv.c"
 Parameters:    Size  Location     Type
  dividend        2   15[COMRAM] int 
  divisor         2   17[COMRAM] int 
 Auto vars:     Size  Location     Type
  quotient        2   21[COMRAM] int 
  sign            1   20[COMRAM] unsigned char 
  counter         1   19[COMRAM] unsigned char 
 Return value:  Size  Location     Type
                  2   15[COMRAM] int 
 Registers used:
		wreg, status,2, status,0
 Tracked objects:
		On entry : 
		On exit  : 
		Unchanged: 
 Data sizes:     COMRAM   BANK0   BANK1   BANK2
      Params:         4       0       0       0
      Locals:         4       0       0       0
      Temps:          0       0       0       0
      Totals:         8       0       0       0
Total ram usage:        8 bytes
 Hardware stack levels used:    1
 Hardware stack levels required when called:    4
 This function calls:
		Nothing
 This function is called by:
		_valorConvUART
 This function uses a non-reentrant model


 *************** function _getAD_AN *****************
 Defined at:
		line 62 in file "./ADC.h"
 Parameters:    Size  Location     Type
  porta           2   62[COMRAM] int 
 Auto vars:     Size  Location     Type
  ANread          4    0[BANK0 ] float 
 Return value:  Size  Location     Type
                  2   62[COMRAM] int 
 Registers used:
		wreg, status,2, status,0, prodl, prodh, cstack
 Tracked objects:
		On entry : 
		On exit  : 
		Unchanged: 
 Data sizes:     COMRAM   BANK0   BANK1   BANK2
      Params:         2       0       0       0
      Locals:         0       4       0       0
      Temps:          0       0       0       0
      Totals:         2       4       0       0
Total ram usage:        6 bytes
 Hardware stack levels used:    1
 Hardware stack levels required when called:    6
 This function calls:
		___fltol
		_bitExtract
		_readAD_AN
 This function is called by:
		_testeAD
 This function uses a non-reentrant model


 *************** function _readAD_AN *****************
 Defined at:
		line 51 in file "./ADC.h"
 Parameters:    Size  Location     Type
		None
 Auto vars:     Size  Location     Type
		None
 Return value:  Size  Location     Type
                  4   54[COMRAM] float 
 Registers used:
		wreg, status,2, status,0, prodl, prodh, cstack
 Tracked objects:
		On entry : 
		On exit  : 
		Unchanged: 
 Data sizes:     COMRAM   BANK0   BANK1   BANK2
      Params:         4       0       0       0
      Locals:         4       0       0       0
      Temps:          0       0       0       0
      Totals:         8       0       0       0
Total ram usage:        8 bytes
 Hardware stack levels used:    1
 Hardware stack levels required when called:    5
 This function calls:
		___flmul
		___xxtofl
 This function is called by:
		_getAD_AN
 This function uses a non-reentrant model


 *************** function ___xxtofl *****************
 Defined at:
		line 10 in file "C:\Program Files (x86)\Microchip\xc8\v2.10\pic\sources\c99\common\xxtofl.c"
 Parameters:    Size  Location     Type
  sign            1    wreg     unsigned char 
  val             4   15[COMRAM] long 
 Auto vars:     Size  Location     Type
  sign            1   23[COMRAM] unsigned char 
  arg             4   25[COMRAM] unsigned long 
  exp             1   24[COMRAM] unsigned char 
 Return value:  Size  Location     Type
                  4   15[COMRAM] unsigned char 
 Registers used:
		wreg, status,2, status,0
 Tracked objects:
		On entry : 
		On exit  : 
		Unchanged: 
 Data sizes:     COMRAM   BANK0   BANK1   BANK2
      Params:         4       0       0       0
      Locals:         6       0       0       0
      Temps:          4       0       0       0
      Totals:        14       0       0       0
Total ram usage:       14 bytes
 Hardware stack levels used:    1
 Hardware stack levels required when called:    4
 This function calls:
		Nothing
 This function is called by:
		_readAD_AN
 This function uses a non-reentrant model


 *************** function ___flmul *****************
 Defined at:
		line 8 in file "C:\Program Files (x86)\Microchip\xc8\v2.10\pic\sources\c99\common\sprcmul.c"
 Parameters:    Size  Location     Type
  b               4   29[COMRAM] unsigned char 
  a               4   33[COMRAM] unsigned char 
 Auto vars:     Size  Location     Type
  prod            4   48[COMRAM] struct .
  grs             4   43[COMRAM] unsigned long 
  temp            2   52[COMRAM] struct .
  bexp            1   47[COMRAM] unsigned char 
  aexp            1   42[COMRAM] unsigned char 
  sign            1   41[COMRAM] unsigned char 
 Return value:  Size  Location     Type
                  4   29[COMRAM] unsigned char 
 Registers used:
		wreg, status,2, status,0, prodl, prodh
 Tracked objects:
		On entry : 
		On exit  : 
		Unchanged: 
 Data sizes:     COMRAM   BANK0   BANK1   BANK2
      Params:         8       0       0       0
      Locals:        13       0       0       0
      Temps:          4       0       0       0
      Totals:        25       0       0       0
Total ram usage:       25 bytes
 Hardware stack levels used:    1
 Hardware stack levels required when called:    4
 This function calls:
		Nothing
 This function is called by:
		_readAD_AN
 This function uses a non-reentrant model


 *************** function _bitExtract *****************
 Defined at:
		line 73 in file "./geral.h"
 Parameters:    Size  Location     Type
  numero          2   15[COMRAM] int 
  k               2   17[COMRAM] int 
  p               2   19[COMRAM] int 
 Auto vars:     Size  Location     Type
		None
 Return value:  Size  Location     Type
                  2   15[COMRAM] int 
 Registers used:
		wreg, status,2, status,0
 Tracked objects:
		On entry : 
		On exit  : 
		Unchanged: 
 Data sizes:     COMRAM   BANK0   BANK1   BANK2
      Params:         6       0       0       0
      Locals:         0       0       0       0
      Temps:          8       0       0       0
      Totals:        14       0       0       0
Total ram usage:       14 bytes
 Hardware stack levels used:    1
 Hardware stack levels required when called:    4
 This function calls:
		Nothing
 This function is called by:
		_getAD_AN
		_testeLampadas
 This function uses a non-reentrant model


 *************** function ___fltol *****************
 Defined at:
		line 43 in file "C:\Program Files (x86)\Microchip\xc8\v2.10\pic\sources\c99\common\fltol.c"
 Parameters:    Size  Location     Type
  f1              4   15[COMRAM] int 
 Auto vars:     Size  Location     Type
  exp1            1   24[COMRAM] unsigned char 
  sign1           1   23[COMRAM] unsigned char 
 Return value:  Size  Location     Type
                  4   15[COMRAM] long 
 Registers used:
		wreg, status,2, status,0
 Tracked objects:
		On entry : 
		On exit  : 
		Unchanged: 
 Data sizes:     COMRAM   BANK0   BANK1   BANK2
      Params:         4       0       0       0
      Locals:         2       0       0       0
      Temps:          4       0       0       0
      Totals:        10       0       0       0
Total ram usage:       10 bytes
 Hardware stack levels used:    1
 Hardware stack levels required when called:    4
 This function calls:
		Nothing
 This function is called by:
		_getAD_AN
 This function uses a non-reentrant model


 *************** function _UARTSendString *****************
 Defined at:
		line 57 in file "./bluetooth.h"
 Parameters:    Size  Location     Type
  str             2   17[BANK0 ] PTR unsigned char 
		 -> STR_33(12), STR_31(12), STR_29(12), STR_27(12), 
		 -> STR_25(19), STR_23(10), STR_22(11), STR_21(2), 
		 -> STR_20(11), STR_19(2), STR_18(6), STR_17(2), 
		 -> STR_16(6), STR_15(2), STR_14(6), STR_13(2), 
		 -> STR_12(6), STR_11(2), STR_10(6), STR_9(2), 
		 -> STR_8(6), STR_7(2), STR_6(6), STR_5(2), 
		 -> STR_4(6), STR_3(15), STR_2(14), valorConvUART@string(5), 
  max_length      2   19[BANK0 ] const int 
 Auto vars:     Size  Location     Type
  i               2   23[BANK0 ] int 
 Return value:  Size  Location     Type
                  1    wreg      void 
 Registers used:
		wreg, fsr0l, fsr0h, status,2, status,0, tblptrl, tblptrh, tblptru, cstack
 Tracked objects:
		On entry : 
		On exit  : 
		Unchanged: 
 Data sizes:     COMRAM   BANK0   BANK1   BANK2
      Params:         0       4       0       0
      Locals:         0       2       0       0
      Temps:          0       2       0       0
      Totals:         0       8       0       0
Total ram usage:        8 bytes
 Hardware stack levels used:    1
 Hardware stack levels required when called:    6
 This function calls:
		_UARTSendChar
		_UARTWriteTest
 This function is called by:
		_testeAD
		_testeMotores
 This function uses a non-reentrant model


 *************** function _UARTSendChar *****************
 Defined at:
		line 52 in file "./bluetooth.h"
 Parameters:    Size  Location     Type
  c               1    wreg     unsigned char 
 Auto vars:     Size  Location     Type
  c               1   15[COMRAM] unsigned char 
 Return value:  Size  Location     Type
                  1    wreg      void 
 Registers used:
		wreg, cstack
 Tracked objects:
		On entry : 
		On exit  : 
		Unchanged: 
 Data sizes:     COMRAM   BANK0   BANK1   BANK2
      Params:         0       0       0       0
      Locals:         1       0       0       0
      Temps:          0       0       0       0
      Totals:         1       0       0       0
Total ram usage:        1 bytes
 Hardware stack levels used:    1
 Hardware stack levels required when called:    5
 This function calls:
		_UARTWriteTest
 This function is called by:
		_UARTSendString
 This function uses a non-reentrant model


 *************** function _UARTWriteTest *****************
 Defined at:
		line 48 in file "./bluetooth.h"
 Parameters:    Size  Location     Type
		None
 Auto vars:     Size  Location     Type
		None
 Return value:  Size  Location     Type
                  1    wreg      void 
 Registers used:
		None
 Tracked objects:
		On entry : 
		On exit  : 
		Unchanged: 
 Data sizes:     COMRAM   BANK0   BANK1   BANK2
      Params:         0       0       0       0
      Locals:         0       0       0       0
      Temps:          0       0       0       0
      Totals:         0       0       0       0
Total ram usage:        0 bytes
 Hardware stack levels used:    1
 Hardware stack levels required when called:    4
 This function calls:
		Nothing
 This function is called by:
		_UARTSendChar
		_UARTSendString
 This function uses a non-reentrant model


 *************** function _initTimer0 *****************
 Defined at:
		line 10 in file "./Timer0.h"
 Parameters:    Size  Location     Type
  tempoInicial    2   15[COMRAM] int 
 Auto vars:     Size  Location     Type
		None
 Return value:  Size  Location     Type
                  1    wreg      void 
 Registers used:
		wreg, status,2
 Tracked objects:
		On entry : 
		On exit  : 
		Unchanged: 
 Data sizes:     COMRAM   BANK0   BANK1   BANK2
      Params:         2       0       0       0
      Locals:         0       0       0       0
      Temps:          0       0       0       0
      Totals:         2       0       0       0
Total ram usage:        2 bytes
 Hardware stack levels used:    1
 Hardware stack levels required when called:    4
 This function calls:
		Nothing
 This function is called by:
		_main
 This function uses a non-reentrant model


 *************** function _configUSART *****************
 Defined at:
		line 9 in file "./bluetooth.h"
 Parameters:    Size  Location     Type
		None
 Auto vars:     Size  Location     Type
		None
 Return value:  Size  Location     Type
                  1    wreg      void 
 Registers used:
		wreg, status,2
 Tracked objects:
		On entry : 
		On exit  : 
		Unchanged: 
 Data sizes:     COMRAM   BANK0   BANK1   BANK2
      Params:         0       0       0       0
      Locals:         0       0       0       0
      Temps:          0       0       0       0
      Totals:         0       0       0       0
Total ram usage:        0 bytes
 Hardware stack levels used:    1
 Hardware stack levels required when called:    4
 This function calls:
		Nothing
 This function is called by:
		_main
 This function uses a non-reentrant model


 *************** function _configPWM *****************
 Defined at:
		line 9 in file "./PWM.h"
 Parameters:    Size  Location     Type
		None
 Auto vars:     Size  Location     Type
		None
 Return value:  Size  Location     Type
                  1    wreg      void 
 Registers used:
		wreg, status,2
 Tracked objects:
		On entry : 
		On exit  : 
		Unchanged: 
 Data sizes:     COMRAM   BANK0   BANK1   BANK2
      Params:         0       0       0       0
      Locals:         0       0       0       0
      Temps:          0       0       0       0
      Totals:         0       0       0       0
Total ram usage:        0 bytes
 Hardware stack levels used:    1
 Hardware stack levels required when called:    4
 This function calls:
		Nothing
 This function is called by:
		_main
 This function uses a non-reentrant model


 *************** function _configBits *****************
 Defined at:
		line 12 in file "./geral.h"
 Parameters:    Size  Location     Type
		None
 Auto vars:     Size  Location     Type
		None
 Return value:  Size  Location     Type
                  1    wreg      void 
 Registers used:
		None
 Tracked objects:
		On entry : 
		On exit  : 
		Unchanged: 
 Data sizes:     COMRAM   BANK0   BANK1   BANK2
      Params:         0       0       0       0
      Locals:         0       0       0       0
      Temps:          0       0       0       0
      Totals:         0       0       0       0
Total ram usage:        0 bytes
 Hardware stack levels used:    1
 Hardware stack levels required when called:    4
 This function calls:
		Nothing
 This function is called by:
		_main
 This function uses a non-reentrant model


 *************** function _configAD *****************
 Defined at:
		line 8 in file "./ADC.h"
 Parameters:    Size  Location     Type
		None
 Auto vars:     Size  Location     Type
		None
 Return value:  Size  Location     Type
                  1    wreg      void 
 Registers used:
		wreg, status,2
 Tracked objects:
		On entry : 
		On exit  : 
		Unchanged: 
 Data sizes:     COMRAM   BANK0   BANK1   BANK2
      Params:         0       0       0       0
      Locals:         0       0       0       0
      Temps:          0       0       0       0
      Totals:         0       0       0       0
Total ram usage:        0 bytes
 Hardware stack levels used:    1
 Hardware stack levels required when called:    4
 This function calls:
		Nothing
 This function is called by:
		_main
 This function uses a non-reentrant model


 *************** function _ISR *****************
 Defined at:
		line 22 in file "main.c"
 Parameters:    Size  Location     Type
		None
 Auto vars:     Size  Location     Type
		None
 Return value:  Size  Location     Type
                  1    wreg      void 
 Registers used:
		wreg, fsr0l, fsr0h, status,2, status,0, tblptrl, tblptrh, tblptru, cstack
 Tracked objects:
		On entry : 
		On exit  : 
		Unchanged: 
 Data sizes:     COMRAM   BANK0   BANK1   BANK2
      Params:         0       0       0       0
      Locals:         0       0       0       0
      Temps:          6       0       0       0
      Totals:         6       0       0       0
Total ram usage:        6 bytes
 Hardware stack levels used:    1
 Hardware stack levels required when called:    3
 This function calls:
		_UARTReadChar
		_desligaTimer0
		_ligaTimer0
		_setEstrategia
		i2_UARTSendString
 This function is called by:
		Interrupt level 2
 This function uses a non-reentrant model


 *************** function i2_UARTSendString *****************
 Defined at:
		line 57 in file "./bluetooth.h"
 Parameters:    Size  Location     Type
  str             2    1[COMRAM] PTR unsigned char 
		 -> STR_33(12), STR_31(12), STR_29(12), STR_27(12), 
		 -> STR_25(19), STR_23(10), STR_22(11), STR_21(2), 
		 -> STR_20(11), STR_19(2), STR_18(6), STR_17(2), 
		 -> STR_16(6), STR_15(2), STR_14(6), STR_13(2), 
		 -> STR_12(6), STR_11(2), STR_10(6), STR_9(2), 
		 -> STR_8(6), STR_7(2), STR_6(6), STR_5(2), 
		 -> STR_4(6), STR_3(15), STR_2(14), valorConvUART@string(5), 
  max_length      2    3[COMRAM] const int 
 Auto vars:     Size  Location     Type
  UARTSendStri    2    7[COMRAM] int 
 Return value:  Size  Location     Type
                  1    wreg      void 
 Registers used:
		wreg, fsr0l, fsr0h, status,2, status,0, tblptrl, tblptrh, tblptru, cstack
 Tracked objects:
		On entry : 
		On exit  : 
		Unchanged: 
 Data sizes:     COMRAM   BANK0   BANK1   BANK2
      Params:         4       0       0       0
      Locals:         2       0       0       0
      Temps:          2       0       0       0
      Totals:         8       0       0       0
Total ram usage:        8 bytes
 Hardware stack levels used:    1
 Hardware stack levels required when called:    2
 This function calls:
		i2_UARTSendChar
		i2_UARTWriteTest
 This function is called by:
		_ISR
 This function uses a non-reentrant model


 *************** function i2_UARTSendChar *****************
 Defined at:
		line 52 in file "./bluetooth.h"
 Parameters:    Size  Location     Type
  c               1    wreg     unsigned char 
 Auto vars:     Size  Location     Type
  c               1    0[COMRAM] unsigned char 
 Return value:  Size  Location     Type
                  1    wreg      void 
 Registers used:
		wreg, cstack
 Tracked objects:
		On entry : 
		On exit  : 
		Unchanged: 
 Data sizes:     COMRAM   BANK0   BANK1   BANK2
      Params:         0       0       0       0
      Locals:         1       0       0       0
      Temps:          0       0       0       0
      Totals:         1       0       0       0
Total ram usage:        1 bytes
 Hardware stack levels used:    1
 Hardware stack levels required when called:    1
 This function calls:
		i2_UARTWriteTest
 This function is called by:
		i2_UARTSendString
 This function uses a non-reentrant model


 *************** function i2_UARTWriteTest *****************
 Defined at:
		line 48 in file "./bluetooth.h"
 Parameters:    Size  Location     Type
		None
 Auto vars:     Size  Location     Type
		None
 Return value:  Size  Location     Type
                  1    wreg      void 
 Registers used:
		None
 Tracked objects:
		On entry : 
		On exit  : 
		Unchanged: 
 Data sizes:     COMRAM   BANK0   BANK1   BANK2
      Params:         0       0       0       0
      Locals:         0       0       0       0
      Temps:          0       0       0       0
      Totals:         0       0       0       0
Total ram usage:        0 bytes
 Hardware stack levels used:    1
 This function calls:
		Nothing
 This function is called by:
		i2_UARTSendChar
		i2_UARTSendString
 This function uses a non-reentrant model


 *************** function _setEstrategia *****************
 Defined at:
		line 39 in file "./bluetooth.h"
 Parameters:    Size  Location     Type
  c               2    0[COMRAM] PTR unsigned char 
		 -> STR_32(9), STR_30(9), STR_28(9), STR_26(9), 
		 -> STR_24(11), 
 Auto vars:     Size  Location     Type
		None
 Return value:  Size  Location     Type
                  1    wreg      void 
 Registers used:
		wreg, status,2, status,0
 Tracked objects:
		On entry : 
		On exit  : 
		Unchanged: 
 Data sizes:     COMRAM   BANK0   BANK1   BANK2
      Params:         2       0       0       0
      Locals:         0       0       0       0
      Temps:          0       0       0       0
      Totals:         2       0       0       0
Total ram usage:        2 bytes
 Hardware stack levels used:    1
 This function calls:
		Nothing
 This function is called by:
		_ISR
 This function uses a non-reentrant model


 *************** function _ligaTimer0 *****************
 Defined at:
		line 21 in file "./Timer0.h"
 Parameters:    Size  Location     Type
		None
 Auto vars:     Size  Location     Type
		None
 Return value:  Size  Location     Type
                  1    wreg      void 
 Registers used:
		None
 Tracked objects:
		On entry : 
		On exit  : 
		Unchanged: 
 Data sizes:     COMRAM   BANK0   BANK1   BANK2
      Params:         0       0       0       0
      Locals:         0       0       0       0
      Temps:          0       0       0       0
      Totals:         0       0       0       0
Total ram usage:        0 bytes
 Hardware stack levels used:    1
 This function calls:
		Nothing
 This function is called by:
		_ISR
 This function uses a non-reentrant model


 *************** function _desligaTimer0 *****************
 Defined at:
		line 17 in file "./Timer0.h"
 Parameters:    Size  Location     Type
		None
 Auto vars:     Size  Location     Type
		None
 Return value:  Size  Location     Type
                  1    wreg      void 
 Registers used:
		None
 Tracked objects:
		On entry : 
		On exit  : 
		Unchanged: 
 Data sizes:     COMRAM   BANK0   BANK1   BANK2
      Params:         0       0       0       0
      Locals:         0       0       0       0
      Temps:          0       0       0       0
      Totals:         0       0       0       0
Total ram usage:        0 bytes
 Hardware stack levels used:    1
 This function calls:
		Nothing
 This function is called by:
		_ISR
 This function uses a non-reentrant model


 *************** function _UARTReadChar *****************
 Defined at:
		line 43 in file "./bluetooth.h"
 Parameters:    Size  Location     Type
		None
 Auto vars:     Size  Location     Type
  ler             1    0[COMRAM] unsigned char 
 Return value:  Size  Location     Type
                  1    wreg      unsigned char 
 Registers used:
		wreg, status,2
 Tracked objects:
		On entry : 
		On exit  : 
		Unchanged: 
 Data sizes:     COMRAM   BANK0   BANK1   BANK2
      Params:         0       0       0       0
      Locals:         1       0       0       0
      Temps:          0       0       0       0
      Totals:         1       0       0       0
Total ram usage:        1 bytes
 Hardware stack levels used:    1
 This function calls:
		Nothing
 This function is called by:
		_ISR
 This function uses a non-reentrant model



MODULE INFORMATION

Module		Function		Class		Link	Load	Size
./geral.h
		_bitExtract    		CODE           	139E	0000	91
		_testeAD       		CODE           	080E	0000	793
		_configBits    		CODE           	14FA	0000	3

./geral.h estimated size: 887

./bluetooth.h
		_configUSART   		CODE           	147E	0000	31
		_UARTSendString		CODE           	0EF4	0000	205
		_setEstrategia 		CODE           	14DE	0000	11
		_UARTWriteTest 		CODE           	149C	0000	17
		_UARTReadChar  		CODE           	14E8	0000	9
		_UARTSendChar  		CODE           	14BC	0000	13

./bluetooth.h estimated size: 286

./PWM.h
		_configPWM     		CODE           	1436	0000	37

./PWM.h estimated size: 37

C:\Program Files (x86)\Microchip\xc8\v2.10\pic\sources\c99\common\xxtofl.c
		___xxtofl      		CODE           	0B26	0000	437

C:\Program Files (x86)\Microchip\xc8\v2.10\pic\sources\c99\common\xxtofl.c estimated size: 437

./ADC.h
		_getAD_AN      		CODE           	0CDA	0000	277
		_readAD_AN     		CODE           	1296	0000	167
		_configAD      		CODE           	145A	0000	37
		_valorConvUART 		CODE           	1084	0000	179

./ADC.h estimated size: 660

C:\Program Files (x86)\Microchip\xc8\v2.10\pic\sources\c99\common\awdiv.c
		___awdiv       		CODE           	0FC0	0000	197

C:\Program Files (x86)\Microchip\xc8\v2.10\pic\sources\c99\common\awdiv.c estimated size: 197

C:\Program Files (x86)\Microchip\xc8\v2.10\pic\sources\c99\common\fltol.c
		___fltol       		CODE           	0DEE	0000	263

C:\Program Files (x86)\Microchip\xc8\v2.10\pic\sources\c99\common\fltol.c estimated size: 263

C:\Program Files (x86)\Microchip\xc8\v2.10\pic\sources\c99\common\sprcmul.c
		___flmul       		CODE           	03E4	0000	1067

C:\Program Files (x86)\Microchip\xc8\v2.10\pic\sources\c99\common\sprcmul.c estimated size: 1067

./Timer0.h
		_initTimer0    		CODE           	14D4	0000	11
		_ligaTimer0    		CODE           	14F0	0000	5
		_desligaTimer0 		CODE           	14F4	0000	5

./Timer0.h estimated size: 21

shared
		i2_UARTSendString		CODE           	11E6	0000	177
		i2_UARTSendChar		CODE           	14C8	0000	13
		i2_UARTWriteTest		CODE           	14AC	0000	17
		__initialization		CODE           	13F8	0000	49

shared estimated size: 256

C:\Program Files (x86)\Microchip\xc8\v2.10\pic\sources\c99\common\awmod.c
		___awmod       		CODE           	1136	0000	177

C:\Program Files (x86)\Microchip\xc8\v2.10\pic\sources\c99\common\awmod.c estimated size: 177

main.c
		_ISR           		CODE           	0008	0000	485
		_main          		CODE           	133C	0000	99

main.c estimated size: 584

