Microchip MPLAB XC8 Compiler V2.10 ()

Linker command line:

-W-3 --edf=C:\Program Files (x86)\Microchip\xc8\v2.10\pic\dat\en_msgs.txt \
  -cs -h+dist/default/production\robouvc.X.production.sym \
  --cmf=dist/default/production\robouvc.X.production.cmf -z -Q18F4431 \
  -oD:\usuarios\Hiro\AppData\Local\Temp\semo.2 --defsym=__MPLAB_BUILD=1 \
  -Mdist/default/production/robouvc.X.production.map -E1 -ver=XC8 \
  --acfsm=1493 -ASTACK=060h-02FFh -pstack=STACK -ACODE=00h-03FFFh \
  -ACONST=00h-03FFFh -ASMALLCONST=0300h-03FFhx61 -AMEDIUMCONST=0300h-03FFFh \
  -ACOMRAM=01h-05Fh -AABS1=00h-02FFh -ABIGRAM=01h-02FFh \
  -ARAM=060h-0FFh,0100h-01FFhx2 -ABANK0=060h-0FFh -ABANK1=0100h-01FFh \
  -ABANK2=0200h-02FFh -ASFR=0F60h-0FFFh \
  -preset_vec=00h,intcode=08h,intcodelo,powerup,init -pramtop=0300h \
  -psmallconst=SMALLCONST -pmediumconst=MEDIUMCONST -pconst=CONST \
  -AFARRAM=00h-00h -ACONFIG=0300000h-030000Dh -pconfig=CONFIG \
  -AIDLOC=0200000h-0200007h -pidloc=IDLOC -AEEDATA=0F00000h-0F000FFh \
  -peeprom_data=EEDATA \
  -prdata=COMRAM,nvrram=COMRAM,nvbit=COMRAM,rbss=COMRAM,rbit=COMRAM \
  -pfarbss=FARRAM,fardata=FARRAM,nvFARRAM=FARRAM \
  -pintsave_regs=BIGRAM,bigbss=BIGRAM,bigdata=BIGRAM -pbss=RAM \
  -pidata=CODE,irdata=CODE,ibigdata=CODE,ifardata=CODE -prparam=COMRAM \
  D:\usuarios\Hiro\AppData\Local\Temp\semo.o \
  dist/default/production\robouvc.X.production.o 

Object code version is 3.11

Machine type is 18F4431

Call graph: (short form)




                Name                               Link     Load   Length Selector   Space Scale
D:\usuarios\Hiro\AppData\Local\Temp\semo.o
                init                                 98       98        4        4       0
                reset_vec                             0        0        4        0       0
                idloc                            200000   200000        8   200000       0
                config                           300000   300000        E   300000       0
dist/default/production\robouvc.X.production.o
                intcode                               8        8       90        4       0
                temp                                 2A       2A        1        1       1
                smallconst                          300      300       6A      180       0
                text18                              9B2      9B2        8      1B5       0
                text17                              98A      98A       10      1B5       0
                text16                              9A6      9A6        C      1B5       0
                text15                              72E      72E       B0      1B5       0
                text13                              91E      91E       24      1B5       0
                text12                              9BA      9BA        2      1B5       0
                text11                              8FA      8FA       24      1B5       0
                text10                              942      942       1E      1B5       0
                text9                               97A      97A       10      1B5       0
                text8                               99A      99A        C      1B5       0
                text7                               668      668       C6      1B5       0
                text6                               8D4      8D4       26      1B5       0
                text5                               8AE      8AE       26      1B5       0
                text4                               888      888       26      1B5       0
                text3                               862      862       26      1B5       0
                text2                               83C      83C       26      1B5       0
                text1                               36A      36A      2FE      1B5       0
                text0                               7DE      7DE       5E      1B5       0
                cstackCOMRAM                          1        1       1E        1       1
                bssCOMRAM                            1F       1F        B        1       1
                cinit                               960      960       1A      1B5       0

TOTAL           Name                               Link     Load   Length     Space
        CLASS   STACK          

        CLASS   CODE           
                intcode                               8        8       90         0
                init                                 98       98        4         0
                reset_vec                             0        0        4         0
                text18                              9B2      9B2        8         0
                text17                              98A      98A       10         0
                text16                              9A6      9A6        C         0
                text15                              72E      72E       B0         0
                text13                              91E      91E       24         0
                text12                              9BA      9BA        2         0
                text11                              8FA      8FA       24         0
                text10                              942      942       1E         0
                text9                               97A      97A       10         0
                text8                               99A      99A        C         0
                text7                               668      668       C6         0
                text6                               8D4      8D4       26         0
                text5                               8AE      8AE       26         0
                text4                               888      888       26         0
                text3                               862      862       26         0
                text2                               83C      83C       26         0
                text1                               36A      36A      2FE         0
                text0                               7DE      7DE       5E         0
                cinit                               960      960       1A         0

        CLASS   CONST          

        CLASS   SMALLCONST     
                smallconst                          300      300       6A         0

        CLASS   MEDIUMCONST    

        CLASS   COMRAM         
                temp                                 2A       2A        1         1
                cstackCOMRAM                          1        1       1E         1
                bssCOMRAM                            1F       1F        B         1

        CLASS   ABS1           

        CLASS   BIGRAM         

        CLASS   RAM            

        CLASS   BANK0          

        CLASS   BANK1          

        CLASS   BANK2          

        CLASS   SFR            

        CLASS   FARRAM         

        CLASS   CONFIG         
                config                           300000   300000        E         0

        CLASS   IDLOC          
                idloc                            200000   200000        8         0

        CLASS   EEDATA         



SEGMENTS        Name                           Load    Length   Top    Selector   Space  Class

                reset_vec                      000000  000004  000004         0       0  CODE    
                cstackCOMRAM                   000001  00002A  00002B         1       1  COMRAM  
                intcode                        000008  000094  00009C         4       0  CODE    
                smallconst                     000300  00006A  00036A       180       0  SMALLCON
                text1                          00036A  000652  0009BC       1B5       0  CODE    
                idloc                          200000  000008  200008    200000       0  IDLOC   
                config                         300000  00000E  30000E    300000       0  CONFIG  


UNUSED ADDRESS RANGES

        Name                Unused          Largest block    Delta
        BANK0            000060-0000FF               A0
        BANK1            000100-0001FF              100
        BANK2            000200-0002FF              100
        BIGRAM           00002B-0002FF              2D5
        CODE             000004-000007                4
                         00009C-0002FF              264
                         0009BC-003FFF             3644
        COMRAM           00002B-00005F               35
        CONST            000004-000007                4
                         00009C-0002FF              264
                         0009BC-003FFF             3644
        EEDATA           F00000-F000FF              100
        MEDIUMCONST      0009BC-003FFF             3644
        RAM              000060-0002FF              100
        SFR              000F60-000FFF               A0
        SMALLCONST       0009BC-003FFF              100
        STACK            000060-0002FF              2A0

                                  Symbol Table

?___wmul                    cstackCOMRAM 000010
UARTReadChar@ler            cstackCOMRAM 000001
UARTSendChar@c              cstackCOMRAM 000010
UARTSendString@i            cstackCOMRAM 000017
UARTSendString@max_length   cstackCOMRAM 000013
UARTSendString@str          cstackCOMRAM 000011
_ADCHSbits                  (abs)        000F99
_ADCON0bits                 (abs)        000FC2
_ADCON1bits                 (abs)        000FC1
_ADCON2bits                 (abs)        000FC0
_ADCON3                     (abs)        000F9A
_ADRESH                     (abs)        000FC4
_ADRESL                     (abs)        000FC3
_ANSEL0                     (abs)        000FB8
_ANSEL1                     (abs)        000FB9
_DTCON                      (abs)        000F6D
_INTCONbits                 (abs)        000FF2
_ISR                        intcode      000008
_OVDCOND                    (abs)        000F6B
_OVDCONS                    (abs)        000F6A
_PDC0H                      (abs)        000F78
_PDC0L                      (abs)        000F79
_PDC1H                      (abs)        000F76
_PDC1L                      (abs)        000F77
_PDC2H                      (abs)        000F74
_PDC2L                      (abs)        000F75
_PDC3H                      (abs)        000F72
_PDC3L                      (abs)        000F73
_PIE1bits                   (abs)        000F9D
_PIR1bits                   (abs)        000F9E
_PORTB                      (abs)        000F81
_PORTBbits                  (abs)        000F81
_PORTC                      (abs)        000F82
_PORTD                      (abs)        000F83
_PORTE                      (abs)        000F84
_PTCON0                     (abs)        000F7F
_PTCON1                     (abs)        000F7E
_PTPERH                     (abs)        000F7A
_PTPERL                     (abs)        000F7B
_PWMCON0                    (abs)        000F6F
_PWMCON1                    (abs)        000F6E
_RC0                        (abs)        007C10
_RC1                        (abs)        007C11
_RC2                        (abs)        007C12
_RC3                        (abs)        007C13
_RCREG                      (abs)        000FAE
_RCSTAbits                  (abs)        000FAB
_SPBRG                      (abs)        000FAF
_TRISA                      (abs)        000F92
_TRISB                      (abs)        000F93
_TRISC                      (abs)        000F94
_TRISCbits                  (abs)        000F94
_TRISD                      (abs)        000F95
_TRISE                      (abs)        000F96
_TRMT                       (abs)        007D61
_TXREG                      (abs)        000FAD
_TXSTAbits                  (abs)        000FAC
_UARTReadChar               text18       0009B2
_UARTSendChar               text8        00099A
_UARTSendString             text7        000668
_UARTWriteTest              text9        00097A
__CFG_BOREN$OFF             (abs)        000000
__CFG_CP0$OFF               (abs)        000000
__CFG_CP1$OFF               (abs)        000000
__CFG_CP2$OFF               (abs)        000000
__CFG_CP3$OFF               (abs)        000000
__CFG_CPB$OFF               (abs)        000000
__CFG_CPD$OFF               (abs)        000000
__CFG_EBTR0$OFF             (abs)        000000
__CFG_EBTR1$OFF             (abs)        000000
__CFG_EBTR2$OFF             (abs)        000000
__CFG_EBTR3$OFF             (abs)        000000
__CFG_EBTRB$OFF             (abs)        000000
__CFG_FCMEN$ON              (abs)        000000
__CFG_HPOL$HIGH             (abs)        000000
__CFG_IESO$ON               (abs)        000000
__CFG_LPOL$HIGH             (abs)        000000
__CFG_LVP$ON                (abs)        000000
__CFG_MCLRE$ON              (abs)        000000
__CFG_OSC$HS                (abs)        000000
__CFG_PWMPIN$OFF            (abs)        000000
__CFG_PWRTEN$OFF            (abs)        000000
__CFG_STVREN$ON             (abs)        000000
__CFG_T1OSCMX$ON            (abs)        000000
__CFG_WDPS$32768            (abs)        000000
__CFG_WDTEN$OFF             (abs)        000000
__CFG_WINEN$OFF             (abs)        000000
__CFG_WRT0$OFF              (abs)        000000
__CFG_WRT1$OFF              (abs)        000000
__CFG_WRT2$OFF              (abs)        000000
__CFG_WRT3$OFF              (abs)        000000
__CFG_WRTB$OFF              (abs)        000000
__CFG_WRTC$OFF              (abs)        000000
__CFG_WRTD$OFF              (abs)        000000
__HRAM                      (abs)        000000
__Habs1                     abs1         000000
__Hbank0                    bank0        000000
__Hbank1                    bank1        000000
__Hbank2                    bank2        000000
__Hbigbss                   bigbss       000000
__Hbigdata                  bigdata      000000
__Hbigram                   bigram       000000
__Hbss                      bss          000000
__HbssCOMRAM                bssCOMRAM    000000
__Hcinit                    cinit        000000
__Hclrtext                  clrtext      000000
__Hcomram                   comram       000000
__Hconfig                   config       30000E
__Hconst                    const        000000
__HcstackCOMRAM             cstackCOMRAM 000000
__Hdata                     data         000000
__Heeprom_data              eeprom_data  000000
__Hfarbss                   farbss       000000
__Hfardata                  fardata      000000
__Hibigdata                 ibigdata     000000
__Hidata                    idata        000000
__Hidloc                    idloc        200008
__Hifardata                 ifardata     000000
__Hinit                     init         00009C
__Hintcode                  intcode      000098
__Hintcode_body             intcode_body 000000
__Hintcodelo                intcodelo    000098
__Hintentry                 intentry     000000
__Hintret                   intret       000000
__Hintsave_regs             intsave_regs 000000
__Hirdata                   irdata       000000
__Hmediumconst              mediumconst  000000
__HnvFARRAM                 nvFARRAM     000000
__Hnvbit                    nvbit        000000
__Hnvrram                   nvrram       000000
__Hparam                    rparam       000000
__Hpowerup                  powerup      000098
__Hram                      ram          000000
__Hramtop                   ramtop       000300
__Hrbit                     rbit         000000
__Hrbss                     rbss         000000
__Hrdata                    rdata        000000
__Hreset_vec                reset_vec    000004
__Hrparam                   rparam       000000
__Hsfr                      sfr          000000
__Hsmallconst               smallconst   00036A
__Hspace_0                  (abs)        30000E
__Hspace_1                  (abs)        00002B
__Hspace_2                  (abs)        000000
__Hstack                    stack        000000
__Hstruct                   struct       000000
__Htemp                     temp         00002B
__Htext                     text         000000
__Htext0                    text0        000000
__Htext1                    text1        000000
__Htext10                   text10       000000
__Htext11                   text11       000000
__Htext12                   text12       000000
__Htext13                   text13       000000
__Htext15                   text15       000000
__Htext16                   text16       000000
__Htext17                   text17       000000
__Htext18                   text18       000000
__Htext2                    text2        000000
__Htext3                    text3        000000
__Htext4                    text4        000000
__Htext5                    text5        000000
__Htext6                    text6        000000
__Htext7                    text7        000000
__Htext8                    text8        000000
__Htext9                    text9        000000
__LRAM                      (abs)        000001
__Labs1                     abs1         000000
__Lbank0                    bank0        000000
__Lbank1                    bank1        000000
__Lbank2                    bank2        000000
__Lbigbss                   bigbss       000000
__Lbigdata                  bigdata      000000
__Lbigram                   bigram       000000
__Lbss                      bss          000000
__LbssCOMRAM                bssCOMRAM    000000
__Lcinit                    cinit        000000
__Lclrtext                  clrtext      000000
__Lcomram                   comram       000000
__Lconfig                   config       300000
__Lconst                    const        000000
__LcstackCOMRAM             cstackCOMRAM 000000
__Ldata                     data         000000
__Leeprom_data              eeprom_data  000000
__Lfarbss                   farbss       000000
__Lfardata                  fardata      000000
__Libigdata                 ibigdata     000000
__Lidata                    idata        000000
__Lidloc                    idloc        200000
__Lifardata                 ifardata     000000
__Linit                     init         000098
__Lintcode                  intcode      000008
__Lintcode_body             intcode_body 000000
__Lintcodelo                intcodelo    000098
__Lintentry                 intentry     000000
__Lintret                   intret       000000
__Lintsave_regs             intsave_regs 000000
__Lirdata                   irdata       000000
__Lmediumconst              mediumconst  000000
__LnvFARRAM                 nvFARRAM     000000
__Lnvbit                    nvbit        000000
__Lnvrram                   nvrram       000000
__Lparam                    rparam       000000
__Lpowerup                  powerup      000098
__Lram                      ram          000000
__Lramtop                   ramtop       000300
__Lrbit                     rbit         000000
__Lrbss                     rbss         000000
__Lrdata                    rdata        000000
__Lreset_vec                reset_vec    000000
__Lrparam                   rparam       000000
__Lsfr                      sfr          000000
__Lsmallconst               smallconst   000300
__Lspace_0                  (abs)        000000
__Lspace_1                  (abs)        000000
__Lspace_2                  (abs)        000000
__Lstack                    stack        000000
__Lstruct                   struct       000000
__Ltemp                     temp         00002A
__Ltext                     text         000000
__Ltext0                    text0        000000
__Ltext1                    text1        000000
__Ltext10                   text10       000000
__Ltext11                   text11       000000
__Ltext12                   text12       000000
__Ltext13                   text13       000000
__Ltext15                   text15       000000
__Ltext16                   text16       000000
__Ltext17                   text17       000000
__Ltext18                   text18       000000
__Ltext2                    text2        000000
__Ltext3                    text3        000000
__Ltext4                    text4        000000
__Ltext5                    text5        000000
__Ltext6                    text6        000000
__Ltext7                    text7        000000
__Ltext8                    text8        000000
__Ltext9                    text9        000000
__S0                        (abs)        30000E
__S1                        (abs)        00002B
__S2                        (abs)        000000
___inthi_sp                 stack        000000
___intlo_sp                 stack        000000
___param_bank               (abs)        000000
___rparam_used              (abs)        000001
___sp                       stack        000000
___wmul                     text6        0008D4
___wmul@multiplicand        cstackCOMRAM 000012
___wmul@multiplier          cstackCOMRAM 000010
___wmul@product             cstackCOMRAM 000014
__accesstop                 (abs)        000060
__activetblptr              (abs)        000002
__end_of_ISR                intcode      000098
__end_of_UARTReadChar       text18       0009BA
__end_of_UARTSendChar       text8        0009A6
__end_of_UARTSendString     text7        00072E
__end_of_UARTWriteTest      text9        00098A
__end_of___wmul             text6        0008FA
__end_of__initialization    cinit        00096C
__end_of_configAD           text13       000942
__end_of_configBits         text12       0009BC
__end_of_configPWM          text11       00091E
__end_of_configUSART        text10       000960
__end_of_main               text0        00083C
__end_of_setDutyPWM0        text5        0008D4
__end_of_setDutyPWM2        text4        0008AE
__end_of_setDutyPWM4        text3        000888
__end_of_setDutyPWM6        text2        000862
__end_of_testeMotores       text1        000668
__end_ofi2_UARTSendChar     text16       0009B2
__end_ofi2_UARTSendString   text15       0007DE
__end_ofi2_UARTWriteTest    text17       00099A
__initialization            cinit        000960
__mediumconst               mediumconst  000000
__pbssCOMRAM                bssCOMRAM    00001F
__pcinit                    cinit        000960
__pcstackCOMRAM             cstackCOMRAM 000001
__pintcode                  intcode      000008
__psmallconst               smallconst   000300
__ptext0                    text0        0007DE
__ptext1                    text1        00036A
__ptext10                   text10       000942
__ptext11                   text11       0008FA
__ptext12                   text12       0009BA
__ptext13                   text13       00091E
__ptext15                   text15       00072E
__ptext16                   text16       0009A6
__ptext17                   text17       00098A
__ptext18                   text18       0009B2
__ptext2                    text2        00083C
__ptext3                    text3        000862
__ptext4                    text4        000888
__ptext5                    text5        0008AE
__ptext6                    text6        0008D4
__ptext7                    text7        000668
__ptext8                    text8        00099A
__ptext9                    text9        00097A
__ramtop                    ramtop       000300
__size_of_ISR               (abs)        000000
__size_of_UARTReadChar      (abs)        000000
__size_of_UARTSendChar      (abs)        000000
__size_of_UARTSendString    (abs)        000000
__size_of_UARTWriteTest     (abs)        000000
__size_of___wmul            (abs)        000000
__size_of_configAD          (abs)        000000
__size_of_configBits        (abs)        000000
__size_of_configPWM         (abs)        000000
__size_of_configUSART       (abs)        000000
__size_of_main              (abs)        000000
__size_of_setDutyPWM0       (abs)        000000
__size_of_setDutyPWM2       (abs)        000000
__size_of_setDutyPWM4       (abs)        000000
__size_of_setDutyPWM6       (abs)        000000
__size_of_testeMotores      (abs)        000000
__size_ofi2_UARTSendChar    (abs)        000000
__size_ofi2_UARTSendString  (abs)        000000
__size_ofi2_UARTWriteTest   (abs)        000000
__smallconst                smallconst   000300
_configAD                   text13       00091E
_configBits                 text12       0009BA
_configPWM                  text11       0008FA
_configUSART                text10       000942
_main                       text0        0007DE
_setDutyPWM0                text5        0008AE
_setDutyPWM2                text4        000888
_setDutyPWM4                text3        000862
_setDutyPWM6                text2        00083C
_testeMotores               text1        00036A
_vanal_AN                   bssCOMRAM    000024
_vdig_AN                    bssCOMRAM    000028
btemp                       temp         00002A
end_of_initialization       cinit        00096C
i2UARTSendChar@c            cstackCOMRAM 000001
i2UARTSendString@i          cstackCOMRAM 000008
i2UARTSendString@max_length cstackCOMRAM 000004
i2UARTSendString@str        cstackCOMRAM 000002
i2_UARTSendChar             text16       0009A6
i2_UARTSendString           text15       00072E
i2_UARTWriteTest            text17       00098A
int$flags                   temp         00002A
intlevel0                   text         000000
intlevel1                   text         000000
intlevel2                   text         000000
intlevel3                   text         000000
setDutyPWM0@porcVelo        cstackCOMRAM 000016
setDutyPWM0@velo            cstackCOMRAM 000018
setDutyPWM2@porcVelo        cstackCOMRAM 000016
setDutyPWM2@velo            cstackCOMRAM 000018
setDutyPWM4@porcVelo        cstackCOMRAM 000016
setDutyPWM4@velo            cstackCOMRAM 000018
setDutyPWM6@porcVelo        cstackCOMRAM 000016
setDutyPWM6@velo            cstackCOMRAM 000018
stackhi                     (abs)        0002FF
stacklo                     (abs)        000060
start                       init         000098
start_initialization        cinit        000960
testeMotores@i              cstackCOMRAM 00001B
ttemp5                      temp         00002B
ttemp6                      temp         00002E
ttemp7                      temp         000032
wtemp8                      temp         00002B


FUNCTION INFORMATION:

 *************** function _main *****************
 Defined at:
		line 39 in file "main.c"
 Parameters:    Size  Location     Type
		None
 Auto vars:     Size  Location     Type
  AN6             2    0        int 
  AN5             2    0        int 
  AN4             2    0        int 
  AN3             2    0        int 
  AN2             2    0        int 
  AN1             2    0        int 
  AN0             2    0        int 
 Return value:  Size  Location     Type
                  1    wreg      void 
 Registers used:
		wreg, fsr0l, fsr0h, status,2, status,0, tblptrl, tblptrh, tblptru, prodl, prodh, cstack
 Tracked objects:
		On entry : 
		On exit  : 
		Unchanged: 
 Data sizes:     COMRAM   BANK0   BANK1   BANK2
      Params:         0       0       0       0
      Locals:         0       0       0       0
      Temps:          2       0       0       0
      Totals:         2       0       0       0
Total ram usage:        2 bytes
 Hardware stack levels required when called:    8
 This function calls:
		_configAD
		_configBits
		_configPWM
		_configUSART
		_testeMotores
 This function is called by:
		Startup code after reset
 This function uses a non-reentrant model


 *************** function _testeMotores *****************
 Defined at:
		line 81 in file "./geral.h"
 Parameters:    Size  Location     Type
		None
 Auto vars:     Size  Location     Type
  i               2   26[COMRAM] int 
 Return value:  Size  Location     Type
                  1    wreg      void 
 Registers used:
		wreg, fsr0l, fsr0h, status,2, status,0, tblptrl, tblptrh, tblptru, prodl, prodh, cstack
 Tracked objects:
		On entry : 
		On exit  : 
		Unchanged: 
 Data sizes:     COMRAM   BANK0   BANK1   BANK2
      Params:         0       0       0       0
      Locals:         2       0       0       0
      Temps:          1       0       0       0
      Totals:         3       0       0       0
Total ram usage:        3 bytes
 Hardware stack levels used:    1
 Hardware stack levels required when called:    7
 This function calls:
		_UARTSendString
		_setDutyPWM0
		_setDutyPWM2
		_setDutyPWM4
		_setDutyPWM6
 This function is called by:
		_main
 This function uses a non-reentrant model


 *************** function _setDutyPWM6 *****************
 Defined at:
		line 41 in file "./PWM.h"
 Parameters:    Size  Location     Type
  porcVelo        2   21[COMRAM] unsigned int 
 Auto vars:     Size  Location     Type
  velo            2   23[COMRAM] unsigned int 
 Return value:  Size  Location     Type
                  1    wreg      void 
 Registers used:
		wreg, status,2, status,0, prodl, prodh, cstack
 Tracked objects:
		On entry : 
		On exit  : 
		Unchanged: 
 Data sizes:     COMRAM   BANK0   BANK1   BANK2
      Params:         2       0       0       0
      Locals:         2       0       0       0
      Temps:          0       0       0       0
      Totals:         4       0       0       0
Total ram usage:        4 bytes
 Hardware stack levels used:    1
 Hardware stack levels required when called:    5
 This function calls:
		___wmul
 This function is called by:
		_testeMotores
 This function uses a non-reentrant model


 *************** function _setDutyPWM4 *****************
 Defined at:
		line 35 in file "./PWM.h"
 Parameters:    Size  Location     Type
  porcVelo        2   21[COMRAM] unsigned int 
 Auto vars:     Size  Location     Type
  velo            2   23[COMRAM] unsigned int 
 Return value:  Size  Location     Type
                  1    wreg      void 
 Registers used:
		wreg, status,2, status,0, prodl, prodh, cstack
 Tracked objects:
		On entry : 
		On exit  : 
		Unchanged: 
 Data sizes:     COMRAM   BANK0   BANK1   BANK2
      Params:         2       0       0       0
      Locals:         2       0       0       0
      Temps:          0       0       0       0
      Totals:         4       0       0       0
Total ram usage:        4 bytes
 Hardware stack levels used:    1
 Hardware stack levels required when called:    5
 This function calls:
		___wmul
 This function is called by:
		_testeMotores
 This function uses a non-reentrant model


 *************** function _setDutyPWM2 *****************
 Defined at:
		line 29 in file "./PWM.h"
 Parameters:    Size  Location     Type
  porcVelo        2   21[COMRAM] unsigned int 
 Auto vars:     Size  Location     Type
  velo            2   23[COMRAM] unsigned int 
 Return value:  Size  Location     Type
                  1    wreg      void 
 Registers used:
		wreg, status,2, status,0, prodl, prodh, cstack
 Tracked objects:
		On entry : 
		On exit  : 
		Unchanged: 
 Data sizes:     COMRAM   BANK0   BANK1   BANK2
      Params:         2       0       0       0
      Locals:         2       0       0       0
      Temps:          0       0       0       0
      Totals:         4       0       0       0
Total ram usage:        4 bytes
 Hardware stack levels used:    1
 Hardware stack levels required when called:    5
 This function calls:
		___wmul
 This function is called by:
		_testeMotores
 This function uses a non-reentrant model


 *************** function _setDutyPWM0 *****************
 Defined at:
		line 23 in file "./PWM.h"
 Parameters:    Size  Location     Type
  porcVelo        2   21[COMRAM] unsigned int 
 Auto vars:     Size  Location     Type
  velo            2   23[COMRAM] unsigned int 
 Return value:  Size  Location     Type
                  1    wreg      void 
 Registers used:
		wreg, status,2, status,0, prodl, prodh, cstack
 Tracked objects:
		On entry : 
		On exit  : 
		Unchanged: 
 Data sizes:     COMRAM   BANK0   BANK1   BANK2
      Params:         2       0       0       0
      Locals:         2       0       0       0
      Temps:          0       0       0       0
      Totals:         4       0       0       0
Total ram usage:        4 bytes
 Hardware stack levels used:    1
 Hardware stack levels required when called:    5
 This function calls:
		___wmul
 This function is called by:
		_testeMotores
 This function uses a non-reentrant model


 *************** function ___wmul *****************
 Defined at:
		line 15 in file "C:\Program Files (x86)\Microchip\xc8\v2.10\pic\sources\c99\common\Umul16.c"
 Parameters:    Size  Location     Type
  multiplier      2   15[COMRAM] unsigned int 
  multiplicand    2   17[COMRAM] unsigned int 
 Auto vars:     Size  Location     Type
  product         2   19[COMRAM] unsigned int 
 Return value:  Size  Location     Type
                  2   15[COMRAM] unsigned int 
 Registers used:
		wreg, status,2, status,0, prodl, prodh
 Tracked objects:
		On entry : 
		On exit  : 
		Unchanged: 
 Data sizes:     COMRAM   BANK0   BANK1   BANK2
      Params:         4       0       0       0
      Locals:         2       0       0       0
      Temps:          0       0       0       0
      Totals:         6       0       0       0
Total ram usage:        6 bytes
 Hardware stack levels used:    1
 Hardware stack levels required when called:    4
 This function calls:
		Nothing
 This function is called by:
		_setDutyPWM0
		_setDutyPWM2
		_setDutyPWM4
		_setDutyPWM6
 This function uses a non-reentrant model


 *************** function _UARTSendString *****************
 Defined at:
		line 53 in file "./bluetooth.h"
 Parameters:    Size  Location     Type
  str             2   16[COMRAM] PTR unsigned char 
		 -> STR_21(7), STR_20(2), STR_19(11), STR_18(2), 
		 -> STR_17(6), STR_16(2), STR_15(6), STR_14(2), 
		 -> STR_13(6), STR_12(2), STR_11(6), STR_10(2), 
		 -> STR_9(6), STR_8(2), STR_7(6), STR_6(2), 
		 -> STR_5(6), STR_4(2), STR_3(6), STR_2(22), 
		 -> STR_1(14), valorConvUART@string(5), 
  max_length      2   18[COMRAM] const int 
 Auto vars:     Size  Location     Type
  i               2   22[COMRAM] int 
 Return value:  Size  Location     Type
                  1    wreg      void 
 Registers used:
		wreg, fsr0l, fsr0h, status,2, status,0, tblptrl, tblptrh, tblptru, cstack
 Tracked objects:
		On entry : 
		On exit  : 
		Unchanged: 
 Data sizes:     COMRAM   BANK0   BANK1   BANK2
      Params:         4       0       0       0
      Locals:         2       0       0       0
      Temps:          2       0       0       0
      Totals:         8       0       0       0
Total ram usage:        8 bytes
 Hardware stack levels used:    1
 Hardware stack levels required when called:    6
 This function calls:
		_UARTSendChar
		_UARTWriteTest
 This function is called by:
		_testeMotores
		_testeAD
 This function uses a non-reentrant model


 *************** function _UARTSendChar *****************
 Defined at:
		line 48 in file "./bluetooth.h"
 Parameters:    Size  Location     Type
  c               1    wreg     unsigned char 
 Auto vars:     Size  Location     Type
  c               1   15[COMRAM] unsigned char 
 Return value:  Size  Location     Type
                  1    wreg      void 
 Registers used:
		wreg, cstack
 Tracked objects:
		On entry : 
		On exit  : 
		Unchanged: 
 Data sizes:     COMRAM   BANK0   BANK1   BANK2
      Params:         0       0       0       0
      Locals:         1       0       0       0
      Temps:          0       0       0       0
      Totals:         1       0       0       0
Total ram usage:        1 bytes
 Hardware stack levels used:    1
 Hardware stack levels required when called:    5
 This function calls:
		_UARTWriteTest
 This function is called by:
		_UARTSendString
 This function uses a non-reentrant model


 *************** function _UARTWriteTest *****************
 Defined at:
		line 44 in file "./bluetooth.h"
 Parameters:    Size  Location     Type
		None
 Auto vars:     Size  Location     Type
		None
 Return value:  Size  Location     Type
                  1    wreg      void 
 Registers used:
		None
 Tracked objects:
		On entry : 
		On exit  : 
		Unchanged: 
 Data sizes:     COMRAM   BANK0   BANK1   BANK2
      Params:         0       0       0       0
      Locals:         0       0       0       0
      Temps:          0       0       0       0
      Totals:         0       0       0       0
Total ram usage:        0 bytes
 Hardware stack levels used:    1
 Hardware stack levels required when called:    4
 This function calls:
		Nothing
 This function is called by:
		_UARTSendChar
		_UARTSendString
 This function uses a non-reentrant model


 *************** function _configUSART *****************
 Defined at:
		line 9 in file "./bluetooth.h"
 Parameters:    Size  Location     Type
		None
 Auto vars:     Size  Location     Type
		None
 Return value:  Size  Location     Type
                  1    wreg      void 
 Registers used:
		wreg, status,2
 Tracked objects:
		On entry : 
		On exit  : 
		Unchanged: 
 Data sizes:     COMRAM   BANK0   BANK1   BANK2
      Params:         0       0       0       0
      Locals:         0       0       0       0
      Temps:          0       0       0       0
      Totals:         0       0       0       0
Total ram usage:        0 bytes
 Hardware stack levels used:    1
 Hardware stack levels required when called:    4
 This function calls:
		Nothing
 This function is called by:
		_main
 This function uses a non-reentrant model


 *************** function _configPWM *****************
 Defined at:
		line 9 in file "./PWM.h"
 Parameters:    Size  Location     Type
		None
 Auto vars:     Size  Location     Type
		None
 Return value:  Size  Location     Type
                  1    wreg      void 
 Registers used:
		wreg, status,2
 Tracked objects:
		On entry : 
		On exit  : 
		Unchanged: 
 Data sizes:     COMRAM   BANK0   BANK1   BANK2
      Params:         0       0       0       0
      Locals:         0       0       0       0
      Temps:          0       0       0       0
      Totals:         0       0       0       0
Total ram usage:        0 bytes
 Hardware stack levels used:    1
 Hardware stack levels required when called:    4
 This function calls:
		Nothing
 This function is called by:
		_main
 This function uses a non-reentrant model


 *************** function _configBits *****************
 Defined at:
		line 10 in file "./geral.h"
 Parameters:    Size  Location     Type
		None
 Auto vars:     Size  Location     Type
		None
 Return value:  Size  Location     Type
                  1    wreg      void 
 Registers used:
		None
 Tracked objects:
		On entry : 
		On exit  : 
		Unchanged: 
 Data sizes:     COMRAM   BANK0   BANK1   BANK2
      Params:         0       0       0       0
      Locals:         0       0       0       0
      Temps:          0       0       0       0
      Totals:         0       0       0       0
Total ram usage:        0 bytes
 Hardware stack levels used:    1
 Hardware stack levels required when called:    4
 This function calls:
		Nothing
 This function is called by:
		_main
 This function uses a non-reentrant model


 *************** function _configAD *****************
 Defined at:
		line 8 in file "./ADC.h"
 Parameters:    Size  Location     Type
		None
 Auto vars:     Size  Location     Type
		None
 Return value:  Size  Location     Type
                  1    wreg      void 
 Registers used:
		wreg, status,2
 Tracked objects:
		On entry : 
		On exit  : 
		Unchanged: 
 Data sizes:     COMRAM   BANK0   BANK1   BANK2
      Params:         0       0       0       0
      Locals:         0       0       0       0
      Temps:          0       0       0       0
      Totals:         0       0       0       0
Total ram usage:        0 bytes
 Hardware stack levels used:    1
 Hardware stack levels required when called:    4
 This function calls:
		Nothing
 This function is called by:
		_main
 This function uses a non-reentrant model


 *************** function _ISR *****************
 Defined at:
		line 17 in file "main.c"
 Parameters:    Size  Location     Type
		None
 Auto vars:     Size  Location     Type
		None
 Return value:  Size  Location     Type
                  1    wreg      void 
 Registers used:
		wreg, fsr0l, fsr0h, status,2, status,0, tblptrl, tblptrh, tblptru, cstack
 Tracked objects:
		On entry : 
		On exit  : 
		Unchanged: 
 Data sizes:     COMRAM   BANK0   BANK1   BANK2
      Params:         0       0       0       0
      Locals:         0       0       0       0
      Temps:          6       0       0       0
      Totals:         6       0       0       0
Total ram usage:        6 bytes
 Hardware stack levels used:    1
 Hardware stack levels required when called:    3
 This function calls:
		_UARTReadChar
		i2_UARTSendString
 This function is called by:
		Interrupt level 2
 This function uses a non-reentrant model


 *************** function i2_UARTSendString *****************
 Defined at:
		line 53 in file "./bluetooth.h"
 Parameters:    Size  Location     Type
  str             2    1[COMRAM] PTR unsigned char 
		 -> STR_21(7), STR_20(2), STR_19(11), STR_18(2), 
		 -> STR_17(6), STR_16(2), STR_15(6), STR_14(2), 
		 -> STR_13(6), STR_12(2), STR_11(6), STR_10(2), 
		 -> STR_9(6), STR_8(2), STR_7(6), STR_6(2), 
		 -> STR_5(6), STR_4(2), STR_3(6), STR_2(22), 
		 -> STR_1(14), valorConvUART@string(5), 
  max_length      2    3[COMRAM] const int 
 Auto vars:     Size  Location     Type
  UARTSendStri    2    7[COMRAM] int 
 Return value:  Size  Location     Type
                  1    wreg      void 
 Registers used:
		wreg, fsr0l, fsr0h, status,2, status,0, tblptrl, tblptrh, tblptru, cstack
 Tracked objects:
		On entry : 
		On exit  : 
		Unchanged: 
 Data sizes:     COMRAM   BANK0   BANK1   BANK2
      Params:         4       0       0       0
      Locals:         2       0       0       0
      Temps:          2       0       0       0
      Totals:         8       0       0       0
Total ram usage:        8 bytes
 Hardware stack levels used:    1
 Hardware stack levels required when called:    2
 This function calls:
		i2_UARTSendChar
		i2_UARTWriteTest
 This function is called by:
		_ISR
 This function uses a non-reentrant model


 *************** function i2_UARTSendChar *****************
 Defined at:
		line 48 in file "./bluetooth.h"
 Parameters:    Size  Location     Type
  c               1    wreg     unsigned char 
 Auto vars:     Size  Location     Type
  c               1    0[COMRAM] unsigned char 
 Return value:  Size  Location     Type
                  1    wreg      void 
 Registers used:
		wreg, cstack
 Tracked objects:
		On entry : 
		On exit  : 
		Unchanged: 
 Data sizes:     COMRAM   BANK0   BANK1   BANK2
      Params:         0       0       0       0
      Locals:         1       0       0       0
      Temps:          0       0       0       0
      Totals:         1       0       0       0
Total ram usage:        1 bytes
 Hardware stack levels used:    1
 Hardware stack levels required when called:    1
 This function calls:
		i2_UARTWriteTest
 This function is called by:
		i2_UARTSendString
 This function uses a non-reentrant model


 *************** function i2_UARTWriteTest *****************
 Defined at:
		line 44 in file "./bluetooth.h"
 Parameters:    Size  Location     Type
		None
 Auto vars:     Size  Location     Type
		None
 Return value:  Size  Location     Type
                  1    wreg      void 
 Registers used:
		None
 Tracked objects:
		On entry : 
		On exit  : 
		Unchanged: 
 Data sizes:     COMRAM   BANK0   BANK1   BANK2
      Params:         0       0       0       0
      Locals:         0       0       0       0
      Temps:          0       0       0       0
      Totals:         0       0       0       0
Total ram usage:        0 bytes
 Hardware stack levels used:    1
 This function calls:
		Nothing
 This function is called by:
		i2_UARTSendChar
		i2_UARTSendString
 This function uses a non-reentrant model


 *************** function _UARTReadChar *****************
 Defined at:
		line 39 in file "./bluetooth.h"
 Parameters:    Size  Location     Type
		None
 Auto vars:     Size  Location     Type
  ler             1    0[COMRAM] unsigned char 
 Return value:  Size  Location     Type
                  1    wreg      unsigned char 
 Registers used:
		wreg, status,2
 Tracked objects:
		On entry : 
		On exit  : 
		Unchanged: 
 Data sizes:     COMRAM   BANK0   BANK1   BANK2
      Params:         0       0       0       0
      Locals:         1       0       0       0
      Temps:          0       0       0       0
      Totals:         1       0       0       0
Total ram usage:        1 bytes
 Hardware stack levels used:    1
 This function calls:
		Nothing
 This function is called by:
		_ISR
 This function uses a non-reentrant model



MODULE INFORMATION

Module		Function		Class		Link	Load	Size
./geral.h
		_testeMotores  		CODE           	036A	0000	767
		_configBits    		CODE           	09BA	0000	3

./geral.h estimated size: 770

./bluetooth.h
		_configUSART   		CODE           	0942	0000	31
		_UARTSendString		CODE           	0668	0000	199
		_UARTWriteTest 		CODE           	097A	0000	17
		_UARTReadChar  		CODE           	09B2	0000	9
		_UARTSendChar  		CODE           	099A	0000	13

./bluetooth.h estimated size: 269

./PWM.h
		_configPWM     		CODE           	08FA	0000	37
		_setDutyPWM0   		CODE           	08AE	0000	39
		_setDutyPWM2   		CODE           	0888	0000	39
		_setDutyPWM4   		CODE           	0862	0000	39
		_setDutyPWM6   		CODE           	083C	0000	39

./PWM.h estimated size: 193

./ADC.h
		_configAD      		CODE           	091E	0000	37

./ADC.h estimated size: 37

shared
		i2_UARTSendString		CODE           	072E	0000	177
		i2_UARTSendChar		CODE           	09A6	0000	13
		i2_UARTWriteTest		CODE           	098A	0000	17
		__initialization		CODE           	0960	0000	13

shared estimated size: 220

C:\Program Files (x86)\Microchip\xc8\v2.10\pic\sources\c99\common\Umul16.c
		___wmul        		CODE           	08D4	0000	39

C:\Program Files (x86)\Microchip\xc8\v2.10\pic\sources\c99\common\Umul16.c estimated size: 39

main.c
		_ISR           		CODE           	0008	0000	145
		_main          		CODE           	07DE	0000	95

main.c estimated size: 240

