Microchip MPLAB XC8 Compiler V2.10 ()

Linker command line:

-W-3 --edf=C:\Program Files (x86)\Microchip\xc8\v2.10\pic\dat\en_msgs.txt \
  -cs -h+dist/default/production\robouvc.X.production.sym \
  --cmf=dist/default/production\robouvc.X.production.cmf -z -Q18F4431 \
  -oD:\usuarios\Hiro\AppData\Local\Temp\s3nk.2 --defsym=__MPLAB_BUILD=1 \
  -Mdist/default/production/robouvc.X.production.map -E1 -ver=XC8 \
  --acfsm=1493 -ASTACK=07Bh-02FFh -pstack=STACK -ACODE=00h-03FFFh \
  -ACONST=00h-03FFFh -ASMALLCONST=0300h-03FFhx61 -AMEDIUMCONST=0300h-03FFFh \
  -ACOMRAM=01h-05Fh -AABS1=00h-02FFh -ABIGRAM=01h-02FFh \
  -ARAM=060h-0FFh,0100h-01FFhx2 -ABANK0=060h-0FFh -ABANK1=0100h-01FFh \
  -ABANK2=0200h-02FFh -ASFR=0F60h-0FFFh \
  -preset_vec=00h,intcode=08h,intcodelo,powerup,init -pramtop=0300h \
  -psmallconst=SMALLCONST -pmediumconst=MEDIUMCONST -pconst=CONST \
  -AFARRAM=00h-00h -ACONFIG=0300000h-030000Dh -pconfig=CONFIG \
  -AIDLOC=0200000h-0200007h -pidloc=IDLOC -AEEDATA=0F00000h-0F000FFh \
  -peeprom_data=EEDATA \
  -prdata=COMRAM,nvrram=COMRAM,nvbit=COMRAM,rbss=COMRAM,rbit=COMRAM \
  -pfarbss=FARRAM,fardata=FARRAM,nvFARRAM=FARRAM \
  -pintsave_regs=BIGRAM,bigbss=BIGRAM,bigdata=BIGRAM -pbss=RAM \
  -pidata=CODE,irdata=CODE,ibigdata=CODE,ifardata=CODE -prparam=COMRAM \
  D:\usuarios\Hiro\AppData\Local\Temp\s3nk.o \
  dist/default/production\robouvc.X.production.o 

Object code version is 3.11

Machine type is 18F4431

Call graph: (short form)




                Name                               Link     Load   Length Selector   Space Scale
D:\usuarios\Hiro\AppData\Local\Temp\s3nk.o
                init                                 98       98        4        4       0
                reset_vec                             0        0        4        0       0
                idloc                            200000   200000        8   200000       0
                config                           300000   300000        E   300000       0
dist/default/production\robouvc.X.production.o
                intcode                               8        8       90        4       0
                temp                                 50       50        1        1       1
                smallconst                          300      300       46      180       0
                text22                             1414     1414        8      1A3       0
                text21                             13EC     13EC       10      1A3       0
                text20                             1408     1408        C      1A3       0
                text19                             1148     1148       B0      1A3       0
                text17                             1380     1380       24      1A3       0
                text16                             141C     141C        2      1A3       0
                text15                             135C     135C       24      1A3       0
                text14                             13A4     13A4       1E      1A3       0
                text13                             13DC     13DC       10      1A3       0
                text12                             13FC     13FC        C      1A3       0
                text11                              E56      E56       CC      1A3       0
                text10                              D50      D50      106      1A3       0
                text9                              1302     1302       5A      1A3       0
                text8                               346      346      42A      1A3       0
                text7                               A88      A88      1B4      1A3       0
                text6                              11F8     11F8       A6      1A3       0
                text5                               C3C      C3C      114      1A3       0
                text4                               F22      F22       C4      1A3       0
                text3                              1098     1098       B0      1A3       0
                text2                               FE6      FE6       B2      1A3       0
                text1                               770      770      318      1A3       0
                text0                              129E     129E       64      1A3       0
                cstackCOMRAM                          1        1       44        1       1
                cstackBANK0                          60       60       1B       60       1
                bssCOMRAM                            45       45        B        1       1
                cinit                              13C2     13C2       1A      1A3       0

TOTAL           Name                               Link     Load   Length     Space
        CLASS   STACK          

        CLASS   CODE           
                intcode                               8        8       90         0
                init                                 98       98        4         0
                reset_vec                             0        0        4         0
                text22                             1414     1414        8         0
                text21                             13EC     13EC       10         0
                text20                             1408     1408        C         0
                text19                             1148     1148       B0         0
                text17                             1380     1380       24         0
                text16                             141C     141C        2         0
                text15                             135C     135C       24         0
                text14                             13A4     13A4       1E         0
                text13                             13DC     13DC       10         0
                text12                             13FC     13FC        C         0
                text11                              E56      E56       CC         0
                text10                              D50      D50      106         0
                text9                              1302     1302       5A         0
                text8                               346      346      42A         0
                text7                               A88      A88      1B4         0
                text6                              11F8     11F8       A6         0
                text5                               C3C      C3C      114         0
                text4                               F22      F22       C4         0
                text3                              1098     1098       B0         0
                text2                               FE6      FE6       B2         0
                text1                               770      770      318         0
                text0                              129E     129E       64         0
                cinit                              13C2     13C2       1A         0

        CLASS   CONST          

        CLASS   SMALLCONST     
                smallconst                          300      300       46         0

        CLASS   MEDIUMCONST    

        CLASS   COMRAM         
                temp                                 50       50        1         1
                cstackCOMRAM                          1        1       44         1
                bssCOMRAM                            45       45        B         1

        CLASS   ABS1           

        CLASS   BIGRAM         

        CLASS   RAM            

        CLASS   BANK0          
                cstackBANK0                          60       60       1B         1

        CLASS   BANK1          

        CLASS   BANK2          

        CLASS   SFR            

        CLASS   FARRAM         

        CLASS   CONFIG         
                config                           300000   300000        E         0

        CLASS   IDLOC          
                idloc                            200000   200000        8         0

        CLASS   EEDATA         



SEGMENTS        Name                           Load    Length   Top    Selector   Space  Class

                reset_vec                      000000  000004  000004         0       0  CODE    
                cstackCOMRAM                   000001  000050  000051         1       1  COMRAM  
                intcode                        000008  000094  00009C         4       0  CODE    
                cstackBANK0                    000060  00001B  00007B        60       1  BANK0   
                smallconst                     000300  000046  000346       180       0  SMALLCON
                text8                          000346  0010D8  00141E       1A3       0  CODE    
                idloc                          200000  000008  200008    200000       0  IDLOC   
                config                         300000  00000E  30000E    300000       0  CONFIG  


UNUSED ADDRESS RANGES

        Name                Unused          Largest block    Delta
        BANK0            00007B-0000FF               85
        BANK1            000100-0001FF              100
        BANK2            000200-0002FF              100
        BIGRAM           000051-00005F                F
                         00007B-0002FF              285
        CODE             000004-000007                4
                         00009C-0002FF              264
                         00141E-003FFF             2BE2
        COMRAM           000051-00005F                F
        CONST            000004-000007                4
                         00009C-0002FF              264
                         00141E-003FFF             2BE2
        EEDATA           F00000-F000FF              100
        MEDIUMCONST      00141E-003FFF             2BE2
        RAM              00007B-0002FF              100
        SFR              000F60-000FFF               A0
        SMALLCONST       00141E-003FFF              100
        STACK            00007B-0002FF              285

                                  Symbol Table

?___awdiv                   cstackCOMRAM 000010
?___awmod                   cstackCOMRAM 000018
?___flmul                   cstackCOMRAM 00001E
?___fltol                   cstackCOMRAM 000010
?___xxtofl                  cstackCOMRAM 000010
?_bitExtract                cstackCOMRAM 000010
?_getAD_AN                  cstackCOMRAM 00003F
?_readAD_AN                 cstackCOMRAM 000037
?_valorConvUART             cstackBANK0  000060
UARTReadChar@ler            cstackCOMRAM 000001
UARTSendChar@c              cstackCOMRAM 000010
UARTSendString@i            cstackBANK0  000075
UARTSendString@max_length   cstackBANK0  000071
UARTSendString@str          cstackBANK0  00006F
_ADCHSbits                  (abs)        000F99
_ADCON0bits                 (abs)        000FC2
_ADCON1bits                 (abs)        000FC1
_ADCON2bits                 (abs)        000FC0
_ADCON3                     (abs)        000F9A
_ADRESH                     (abs)        000FC4
_ADRESL                     (abs)        000FC3
_ANSEL0                     (abs)        000FB8
_ANSEL1                     (abs)        000FB9
_DTCON                      (abs)        000F6D
_INTCONbits                 (abs)        000FF2
_ISR                        intcode      000008
_OVDCOND                    (abs)        000F6B
_OVDCONS                    (abs)        000F6A
_PDC0H                      (abs)        000F78
_PDC0L                      (abs)        000F79
_PDC1H                      (abs)        000F76
_PDC1L                      (abs)        000F77
_PDC2H                      (abs)        000F74
_PDC2L                      (abs)        000F75
_PDC3H                      (abs)        000F72
_PDC3L                      (abs)        000F73
_PIE1bits                   (abs)        000F9D
_PIR1bits                   (abs)        000F9E
_PORTB                      (abs)        000F81
_PORTBbits                  (abs)        000F81
_PORTC                      (abs)        000F82
_PORTD                      (abs)        000F83
_PORTE                      (abs)        000F84
_PTCON0                     (abs)        000F7F
_PTCON1                     (abs)        000F7E
_PTPERH                     (abs)        000F7A
_PTPERL                     (abs)        000F7B
_PWMCON0                    (abs)        000F6F
_PWMCON1                    (abs)        000F6E
_RC0                        (abs)        007C10
_RC1                        (abs)        007C11
_RC2                        (abs)        007C12
_RC3                        (abs)        007C13
_RCREG                      (abs)        000FAE
_RCSTAbits                  (abs)        000FAB
_SPBRG                      (abs)        000FAF
_TRISA                      (abs)        000F92
_TRISB                      (abs)        000F93
_TRISC                      (abs)        000F94
_TRISCbits                  (abs)        000F94
_TRISD                      (abs)        000F95
_TRISE                      (abs)        000F96
_TRMT                       (abs)        007D61
_TXREG                      (abs)        000FAD
_TXSTAbits                  (abs)        000FAC
_UARTReadChar               text22       001414
_UARTSendChar               text12       0013FC
_UARTSendString             text11       000E56
_UARTWriteTest              text13       0013DC
__CFG_BOREN$OFF             (abs)        000000
__CFG_CP0$OFF               (abs)        000000
__CFG_CP1$OFF               (abs)        000000
__CFG_CP2$OFF               (abs)        000000
__CFG_CP3$OFF               (abs)        000000
__CFG_CPB$OFF               (abs)        000000
__CFG_CPD$OFF               (abs)        000000
__CFG_EBTR0$OFF             (abs)        000000
__CFG_EBTR1$OFF             (abs)        000000
__CFG_EBTR2$OFF             (abs)        000000
__CFG_EBTR3$OFF             (abs)        000000
__CFG_EBTRB$OFF             (abs)        000000
__CFG_FCMEN$ON              (abs)        000000
__CFG_HPOL$HIGH             (abs)        000000
__CFG_IESO$ON               (abs)        000000
__CFG_LPOL$HIGH             (abs)        000000
__CFG_LVP$ON                (abs)        000000
__CFG_MCLRE$ON              (abs)        000000
__CFG_OSC$HS                (abs)        000000
__CFG_PWMPIN$OFF            (abs)        000000
__CFG_PWRTEN$OFF            (abs)        000000
__CFG_STVREN$ON             (abs)        000000
__CFG_T1OSCMX$ON            (abs)        000000
__CFG_WDPS$32768            (abs)        000000
__CFG_WDTEN$OFF             (abs)        000000
__CFG_WINEN$OFF             (abs)        000000
__CFG_WRT0$OFF              (abs)        000000
__CFG_WRT1$OFF              (abs)        000000
__CFG_WRT2$OFF              (abs)        000000
__CFG_WRT3$OFF              (abs)        000000
__CFG_WRTB$OFF              (abs)        000000
__CFG_WRTC$OFF              (abs)        000000
__CFG_WRTD$OFF              (abs)        000000
__HRAM                      (abs)        000000
__Habs1                     abs1         000000
__Hbank0                    bank0        000000
__Hbank1                    bank1        000000
__Hbank2                    bank2        000000
__Hbigbss                   bigbss       000000
__Hbigdata                  bigdata      000000
__Hbigram                   bigram       000000
__Hbss                      bss          000000
__HbssCOMRAM                bssCOMRAM    000000
__Hcinit                    cinit        000000
__Hclrtext                  clrtext      000000
__Hcomram                   comram       000000
__Hconfig                   config       30000E
__Hconst                    const        000000
__HcstackBANK0              cstackBANK0  000000
__HcstackCOMRAM             cstackCOMRAM 000000
__Hdata                     data         000000
__Heeprom_data              eeprom_data  000000
__Hfarbss                   farbss       000000
__Hfardata                  fardata      000000
__Hibigdata                 ibigdata     000000
__Hidata                    idata        000000
__Hidloc                    idloc        200008
__Hifardata                 ifardata     000000
__Hinit                     init         00009C
__Hintcode                  intcode      000098
__Hintcode_body             intcode_body 000000
__Hintcodelo                intcodelo    000098
__Hintentry                 intentry     000000
__Hintret                   intret       000000
__Hintsave_regs             intsave_regs 000000
__Hirdata                   irdata       000000
__Hmediumconst              mediumconst  000000
__HnvFARRAM                 nvFARRAM     000000
__Hnvbit                    nvbit        000000
__Hnvrram                   nvrram       000000
__Hparam                    rparam       000000
__Hpowerup                  powerup      000098
__Hram                      ram          000000
__Hramtop                   ramtop       000300
__Hrbit                     rbit         000000
__Hrbss                     rbss         000000
__Hrdata                    rdata        000000
__Hreset_vec                reset_vec    000004
__Hrparam                   rparam       000000
__Hsfr                      sfr          000000
__Hsmallconst               smallconst   000346
__Hspace_0                  (abs)        30000E
__Hspace_1                  (abs)        00007B
__Hspace_2                  (abs)        000000
__Hstack                    stack        000000
__Hstruct                   struct       000000
__Htemp                     temp         000051
__Htext                     text         000000
__Htext0                    text0        000000
__Htext1                    text1        000000
__Htext10                   text10       000000
__Htext11                   text11       000000
__Htext12                   text12       000000
__Htext13                   text13       000000
__Htext14                   text14       000000
__Htext15                   text15       000000
__Htext16                   text16       000000
__Htext17                   text17       000000
__Htext19                   text19       000000
__Htext2                    text2        000000
__Htext20                   text20       000000
__Htext21                   text21       000000
__Htext22                   text22       000000
__Htext3                    text3        000000
__Htext4                    text4        000000
__Htext5                    text5        000000
__Htext6                    text6        000000
__Htext7                    text7        000000
__Htext8                    text8        000000
__Htext9                    text9        000000
__LRAM                      (abs)        000001
__Labs1                     abs1         000000
__Lbank0                    bank0        000000
__Lbank1                    bank1        000000
__Lbank2                    bank2        000000
__Lbigbss                   bigbss       000000
__Lbigdata                  bigdata      000000
__Lbigram                   bigram       000000
__Lbss                      bss          000000
__LbssCOMRAM                bssCOMRAM    000000
__Lcinit                    cinit        000000
__Lclrtext                  clrtext      000000
__Lcomram                   comram       000000
__Lconfig                   config       300000
__Lconst                    const        000000
__LcstackBANK0              cstackBANK0  000000
__LcstackCOMRAM             cstackCOMRAM 000000
__Ldata                     data         000000
__Leeprom_data              eeprom_data  000000
__Lfarbss                   farbss       000000
__Lfardata                  fardata      000000
__Libigdata                 ibigdata     000000
__Lidata                    idata        000000
__Lidloc                    idloc        200000
__Lifardata                 ifardata     000000
__Linit                     init         000098
__Lintcode                  intcode      000008
__Lintcode_body             intcode_body 000000
__Lintcodelo                intcodelo    000098
__Lintentry                 intentry     000000
__Lintret                   intret       000000
__Lintsave_regs             intsave_regs 000000
__Lirdata                   irdata       000000
__Lmediumconst              mediumconst  000000
__LnvFARRAM                 nvFARRAM     000000
__Lnvbit                    nvbit        000000
__Lnvrram                   nvrram       000000
__Lparam                    rparam       000000
__Lpowerup                  powerup      000098
__Lram                      ram          000000
__Lramtop                   ramtop       000300
__Lrbit                     rbit         000000
__Lrbss                     rbss         000000
__Lrdata                    rdata        000000
__Lreset_vec                reset_vec    000000
__Lrparam                   rparam       000000
__Lsfr                      sfr          000000
__Lsmallconst               smallconst   000300
__Lspace_0                  (abs)        000000
__Lspace_1                  (abs)        000000
__Lspace_2                  (abs)        000000
__Lstack                    stack        000000
__Lstruct                   struct       000000
__Ltemp                     temp         000050
__Ltext                     text         000000
__Ltext0                    text0        000000
__Ltext1                    text1        000000
__Ltext10                   text10       000000
__Ltext11                   text11       000000
__Ltext12                   text12       000000
__Ltext13                   text13       000000
__Ltext14                   text14       000000
__Ltext15                   text15       000000
__Ltext16                   text16       000000
__Ltext17                   text17       000000
__Ltext19                   text19       000000
__Ltext2                    text2        000000
__Ltext20                   text20       000000
__Ltext21                   text21       000000
__Ltext22                   text22       000000
__Ltext3                    text3        000000
__Ltext4                    text4        000000
__Ltext5                    text5        000000
__Ltext6                    text6        000000
__Ltext7                    text7        000000
__Ltext8                    text8        000000
__Ltext9                    text9        000000
__S0                        (abs)        30000E
__S1                        (abs)        00007B
__S2                        (abs)        000000
___awdiv                    text4        000F22
___awdiv@counter            cstackCOMRAM 000014
___awdiv@dividend           cstackCOMRAM 000010
___awdiv@divisor            cstackCOMRAM 000012
___awdiv@quotient           cstackCOMRAM 000016
___awdiv@sign               cstackCOMRAM 000015
___awmod                    text3        001098
___awmod@counter            cstackCOMRAM 00001C
___awmod@dividend           cstackCOMRAM 000018
___awmod@divisor            cstackCOMRAM 00001A
___awmod@sign               cstackCOMRAM 00001D
___flmul                    text8        000346
___flmul@a                  cstackCOMRAM 000022
___flmul@aexp               cstackCOMRAM 00002F
___flmul@b                  cstackCOMRAM 00001E
___flmul@bexp               cstackCOMRAM 000030
___flmul@grs                cstackCOMRAM 00002B
___flmul@prod               cstackCOMRAM 000031
___flmul@sign               cstackCOMRAM 00002A
___flmul@temp               cstackCOMRAM 000035
___fltol                    text10       000D50
___fltol@exp1               cstackCOMRAM 000019
___fltol@f1                 cstackCOMRAM 000010
___fltol@sign1              cstackCOMRAM 000018
___inthi_sp                 stack        000000
___intlo_sp                 stack        000000
___param_bank               (abs)        000000
___rparam_used              (abs)        000001
___sp                       stack        000000
___xxtofl                   text7        000A88
___xxtofl@arg               cstackCOMRAM 00001A
___xxtofl@exp               cstackCOMRAM 000019
___xxtofl@sign              cstackCOMRAM 000018
___xxtofl@val               cstackCOMRAM 000010
__accesstop                 (abs)        000060
__activetblptr              (abs)        000002
__end_of_ISR                intcode      000098
__end_of_UARTReadChar       text22       00141C
__end_of_UARTSendChar       text12       001408
__end_of_UARTSendString     text11       000F22
__end_of_UARTWriteTest      text13       0013EC
__end_of___awdiv            text4        000FE6
__end_of___awmod            text3        001148
__end_of___flmul            text8        000770
__end_of___fltol            text10       000E56
__end_of___xxtofl           text7        000C3C
__end_of__initialization    cinit        0013CE
__end_of_bitExtract         text9        00135C
__end_of_configAD           text17       0013A4
__end_of_configBits         text16       00141E
__end_of_configPWM          text15       001380
__end_of_configUSART        text14       0013C2
__end_of_getAD_AN           text5        000D50
__end_of_main               text0        001302
__end_of_readAD_AN          text6        00129E
__end_of_testeAD            text1        000A88
__end_of_valorConvUART      text2        001098
__end_ofi2_UARTSendChar     text20       001414
__end_ofi2_UARTSendString   text19       0011F8
__end_ofi2_UARTWriteTest    text21       0013FC
__initialization            cinit        0013C2
__mediumconst               mediumconst  000000
__pbssCOMRAM                bssCOMRAM    000045
__pcinit                    cinit        0013C2
__pcstackBANK0              cstackBANK0  000060
__pcstackCOMRAM             cstackCOMRAM 000001
__pintcode                  intcode      000008
__psmallconst               smallconst   000300
__ptext0                    text0        00129E
__ptext1                    text1        000770
__ptext10                   text10       000D50
__ptext11                   text11       000E56
__ptext12                   text12       0013FC
__ptext13                   text13       0013DC
__ptext14                   text14       0013A4
__ptext15                   text15       00135C
__ptext16                   text16       00141C
__ptext17                   text17       001380
__ptext19                   text19       001148
__ptext2                    text2        000FE6
__ptext20                   text20       001408
__ptext21                   text21       0013EC
__ptext22                   text22       001414
__ptext3                    text3        001098
__ptext4                    text4        000F22
__ptext5                    text5        000C3C
__ptext6                    text6        0011F8
__ptext7                    text7        000A88
__ptext8                    text8        000346
__ptext9                    text9        001302
__ramtop                    ramtop       000300
__size_of_ISR               (abs)        000000
__size_of_UARTReadChar      (abs)        000000
__size_of_UARTSendChar      (abs)        000000
__size_of_UARTSendString    (abs)        000000
__size_of_UARTWriteTest     (abs)        000000
__size_of___awdiv           (abs)        000000
__size_of___awmod           (abs)        000000
__size_of___flmul           (abs)        000000
__size_of___fltol           (abs)        000000
__size_of___xxtofl          (abs)        000000
__size_of_bitExtract        (abs)        000000
__size_of_configAD          (abs)        000000
__size_of_configBits        (abs)        000000
__size_of_configPWM         (abs)        000000
__size_of_configUSART       (abs)        000000
__size_of_getAD_AN          (abs)        000000
__size_of_main              (abs)        000000
__size_of_readAD_AN         (abs)        000000
__size_of_testeAD           (abs)        000000
__size_of_valorConvUART     (abs)        000000
__size_ofi2_UARTSendChar    (abs)        000000
__size_ofi2_UARTSendString  (abs)        000000
__size_ofi2_UARTWriteTest   (abs)        000000
__smallconst                smallconst   000300
_bitExtract                 text9        001302
_configAD                   text17       001380
_configBits                 text16       00141C
_configPWM                  text15       00135C
_configUSART                text14       0013A4
_getAD_AN                   text5        000C3C
_main                       text0        00129E
_readAD_AN                  text6        0011F8
_readAD_AN$1383             cstackCOMRAM 00003B
_testeAD                    text1        000770
_valorConvUART              text2        000FE6
_valorConvUART$1382         cstackBANK0  000068
_vanal_AN                   bssCOMRAM    00004A
_vdig_AN                    bssCOMRAM    00004E
bitExtract@k                cstackCOMRAM 000012
bitExtract@numero           cstackCOMRAM 000010
bitExtract@p                cstackCOMRAM 000014
btemp                       temp         000050
end_of_initialization       cinit        0013CE
getAD_AN@ANread             cstackCOMRAM 000041
getAD_AN@porta              cstackCOMRAM 00003F
i2UARTSendChar@c            cstackCOMRAM 000001
i2UARTSendString@i          cstackCOMRAM 000008
i2UARTSendString@max_length cstackCOMRAM 000004
i2UARTSendString@str        cstackCOMRAM 000002
i2_UARTSendChar             text20       001408
i2_UARTSendString           text19       001148
i2_UARTWriteTest            text21       0013EC
int$flags                   temp         000050
intlevel0                   text         000000
intlevel1                   text         000000
intlevel2                   text         000000
intlevel3                   text         000000
stackhi                     (abs)        0002FF
stacklo                     (abs)        00007B
start                       init         000098
start_initialization        cinit        0013C2
ttemp5                      temp         000051
ttemp6                      temp         000054
ttemp7                      temp         000058
valorConvUART@centena       cstackBANK0  000062
valorConvUART@dezena        cstackBANK0  000064
valorConvUART@string        cstackBANK0  00006A
valorConvUART@unidade       cstackBANK0  000066
valorConvUART@valor         cstackBANK0  000060
wtemp8                      temp         000051


FUNCTION INFORMATION:

 *************** function _main *****************
 Defined at:
		line 39 in file "main.c"
 Parameters:    Size  Location     Type
		None
 Auto vars:     Size  Location     Type
  AN6             2    0        int 
  AN5             2    0        int 
  AN4             2    0        int 
  AN3             2    0        int 
  AN2             2    0        int 
  AN1             2    0        int 
  AN0             2    0        int 
 Return value:  Size  Location     Type
                  1    wreg      void 
 Registers used:
		wreg, fsr0l, fsr0h, fsr2l, fsr2h, status,2, status,0, tblptrl, tblptrh, tblptru, prodl, prodh, cstack
 Tracked objects:
		On entry : 
		On exit  : 
		Unchanged: 
 Data sizes:     COMRAM   BANK0   BANK1   BANK2
      Params:         0       0       0       0
      Locals:         0       0       0       0
      Temps:          0       2       0       0
      Totals:         0       2       0       0
Total ram usage:        2 bytes
 Hardware stack levels required when called:    8
 This function calls:
		_configAD
		_configBits
		_configPWM
		_configUSART
		_testeAD
 This function is called by:
		Startup code after reset
 This function uses a non-reentrant model


 *************** function _testeAD *****************
 Defined at:
		line 167 in file "./geral.h"
 Parameters:    Size  Location     Type
		None
 Auto vars:     Size  Location     Type
		None
 Return value:  Size  Location     Type
                  1    wreg      void 
 Registers used:
		wreg, fsr0l, fsr0h, fsr2l, fsr2h, status,2, status,0, tblptrl, tblptrh, tblptru, prodl, prodh, cstack
 Tracked objects:
		On entry : 
		On exit  : 
		Unchanged: 
 Data sizes:     COMRAM   BANK0   BANK1   BANK2
      Params:         0       0       0       0
      Locals:         0       0       0       0
      Temps:          0       2       0       0
      Totals:         0       2       0       0
Total ram usage:        2 bytes
 Hardware stack levels used:    1
 Hardware stack levels required when called:    7
 This function calls:
		_UARTSendString
		_getAD_AN
		_valorConvUART
 This function is called by:
		_main
 This function uses a non-reentrant model


 *************** function _valorConvUART *****************
 Defined at:
		line 32 in file "./ADC.h"
 Parameters:    Size  Location     Type
  valor           2    0[BANK0 ] int 
 Auto vars:     Size  Location     Type
  string          5   10[BANK0 ] unsigned char [5]
  unidade         2    6[BANK0 ] int 
  dezena          2    4[BANK0 ] int 
  centena         2    2[BANK0 ] int 
 Return value:  Size  Location     Type
                  2    0[BANK0 ] PTR const unsigned char 
 Registers used:
		wreg, fsr2l, fsr2h, status,2, status,0, cstack
 Tracked objects:
		On entry : 
		On exit  : 
		Unchanged: 
 Data sizes:     COMRAM   BANK0   BANK1   BANK2
      Params:         0       2       0       0
      Locals:         0      13       0       0
      Temps:          0       0       0       0
      Totals:         0      15       0       0
Total ram usage:       15 bytes
 Hardware stack levels used:    1
 Hardware stack levels required when called:    5
 This function calls:
		___awdiv
		___awmod
 This function is called by:
		_testeAD
 This function uses a non-reentrant model


 *************** function ___awmod *****************
 Defined at:
		line 7 in file "C:\Program Files (x86)\Microchip\xc8\v2.10\pic\sources\c99\common\awmod.c"
 Parameters:    Size  Location     Type
  dividend        2   23[COMRAM] int 
  divisor         2   25[COMRAM] int 
 Auto vars:     Size  Location     Type
  sign            1   28[COMRAM] unsigned char 
  counter         1   27[COMRAM] unsigned char 
 Return value:  Size  Location     Type
                  2   23[COMRAM] int 
 Registers used:
		wreg, status,2, status,0
 Tracked objects:
		On entry : 
		On exit  : 
		Unchanged: 
 Data sizes:     COMRAM   BANK0   BANK1   BANK2
      Params:         4       0       0       0
      Locals:         2       0       0       0
      Temps:          0       0       0       0
      Totals:         6       0       0       0
Total ram usage:        6 bytes
 Hardware stack levels used:    1
 Hardware stack levels required when called:    4
 This function calls:
		Nothing
 This function is called by:
		_valorConvUART
 This function uses a non-reentrant model


 *************** function ___awdiv *****************
 Defined at:
		line 7 in file "C:\Program Files (x86)\Microchip\xc8\v2.10\pic\sources\c99\common\awdiv.c"
 Parameters:    Size  Location     Type
  dividend        2   15[COMRAM] int 
  divisor         2   17[COMRAM] int 
 Auto vars:     Size  Location     Type
  quotient        2   21[COMRAM] int 
  sign            1   20[COMRAM] unsigned char 
  counter         1   19[COMRAM] unsigned char 
 Return value:  Size  Location     Type
                  2   15[COMRAM] int 
 Registers used:
		wreg, status,2, status,0
 Tracked objects:
		On entry : 
		On exit  : 
		Unchanged: 
 Data sizes:     COMRAM   BANK0   BANK1   BANK2
      Params:         4       0       0       0
      Locals:         4       0       0       0
      Temps:          0       0       0       0
      Totals:         8       0       0       0
Total ram usage:        8 bytes
 Hardware stack levels used:    1
 Hardware stack levels required when called:    4
 This function calls:
		Nothing
 This function is called by:
		_valorConvUART
 This function uses a non-reentrant model


 *************** function _getAD_AN *****************
 Defined at:
		line 62 in file "./ADC.h"
 Parameters:    Size  Location     Type
  porta           2   62[COMRAM] int 
 Auto vars:     Size  Location     Type
  ANread          4   64[COMRAM] float 
 Return value:  Size  Location     Type
                  2   62[COMRAM] int 
 Registers used:
		wreg, status,2, status,0, prodl, prodh, cstack
 Tracked objects:
		On entry : 
		On exit  : 
		Unchanged: 
 Data sizes:     COMRAM   BANK0   BANK1   BANK2
      Params:         2       0       0       0
      Locals:         4       0       0       0
      Temps:          0       0       0       0
      Totals:         6       0       0       0
Total ram usage:        6 bytes
 Hardware stack levels used:    1
 Hardware stack levels required when called:    6
 This function calls:
		___fltol
		_bitExtract
		_readAD_AN
 This function is called by:
		_testeAD
 This function uses a non-reentrant model


 *************** function _readAD_AN *****************
 Defined at:
		line 51 in file "./ADC.h"
 Parameters:    Size  Location     Type
		None
 Auto vars:     Size  Location     Type
		None
 Return value:  Size  Location     Type
                  4   54[COMRAM] float 
 Registers used:
		wreg, status,2, status,0, prodl, prodh, cstack
 Tracked objects:
		On entry : 
		On exit  : 
		Unchanged: 
 Data sizes:     COMRAM   BANK0   BANK1   BANK2
      Params:         4       0       0       0
      Locals:         4       0       0       0
      Temps:          0       0       0       0
      Totals:         8       0       0       0
Total ram usage:        8 bytes
 Hardware stack levels used:    1
 Hardware stack levels required when called:    5
 This function calls:
		___flmul
		___xxtofl
 This function is called by:
		_getAD_AN
 This function uses a non-reentrant model


 *************** function ___xxtofl *****************
 Defined at:
		line 10 in file "C:\Program Files (x86)\Microchip\xc8\v2.10\pic\sources\c99\common\xxtofl.c"
 Parameters:    Size  Location     Type
  sign            1    wreg     unsigned char 
  val             4   15[COMRAM] long 
 Auto vars:     Size  Location     Type
  sign            1   23[COMRAM] unsigned char 
  arg             4   25[COMRAM] unsigned long 
  exp             1   24[COMRAM] unsigned char 
 Return value:  Size  Location     Type
                  4   15[COMRAM] unsigned char 
 Registers used:
		wreg, status,2, status,0
 Tracked objects:
		On entry : 
		On exit  : 
		Unchanged: 
 Data sizes:     COMRAM   BANK0   BANK1   BANK2
      Params:         4       0       0       0
      Locals:         6       0       0       0
      Temps:          4       0       0       0
      Totals:        14       0       0       0
Total ram usage:       14 bytes
 Hardware stack levels used:    1
 Hardware stack levels required when called:    4
 This function calls:
		Nothing
 This function is called by:
		_readAD_AN
 This function uses a non-reentrant model


 *************** function ___flmul *****************
 Defined at:
		line 8 in file "C:\Program Files (x86)\Microchip\xc8\v2.10\pic\sources\c99\common\sprcmul.c"
 Parameters:    Size  Location     Type
  b               4   29[COMRAM] unsigned char 
  a               4   33[COMRAM] unsigned char 
 Auto vars:     Size  Location     Type
  prod            4   48[COMRAM] struct .
  grs             4   42[COMRAM] unsigned long 
  temp            2   52[COMRAM] struct .
  bexp            1   47[COMRAM] unsigned char 
  aexp            1   46[COMRAM] unsigned char 
  sign            1   41[COMRAM] unsigned char 
 Return value:  Size  Location     Type
                  4   29[COMRAM] unsigned char 
 Registers used:
		wreg, status,2, status,0, prodl, prodh
 Tracked objects:
		On entry : 
		On exit  : 
		Unchanged: 
 Data sizes:     COMRAM   BANK0   BANK1   BANK2
      Params:         8       0       0       0
      Locals:        13       0       0       0
      Temps:          4       0       0       0
      Totals:        25       0       0       0
Total ram usage:       25 bytes
 Hardware stack levels used:    1
 Hardware stack levels required when called:    4
 This function calls:
		Nothing
 This function is called by:
		_readAD_AN
 This function uses a non-reentrant model


 *************** function _bitExtract *****************
 Defined at:
		line 71 in file "./geral.h"
 Parameters:    Size  Location     Type
  numero          2   15[COMRAM] int 
  k               2   17[COMRAM] int 
  p               2   19[COMRAM] int 
 Auto vars:     Size  Location     Type
		None
 Return value:  Size  Location     Type
                  2   15[COMRAM] int 
 Registers used:
		wreg, status,2, status,0
 Tracked objects:
		On entry : 
		On exit  : 
		Unchanged: 
 Data sizes:     COMRAM   BANK0   BANK1   BANK2
      Params:         6       0       0       0
      Locals:         0       0       0       0
      Temps:          8       0       0       0
      Totals:        14       0       0       0
Total ram usage:       14 bytes
 Hardware stack levels used:    1
 Hardware stack levels required when called:    4
 This function calls:
		Nothing
 This function is called by:
		_getAD_AN
		_testeLampadas
 This function uses a non-reentrant model


 *************** function ___fltol *****************
 Defined at:
		line 43 in file "C:\Program Files (x86)\Microchip\xc8\v2.10\pic\sources\c99\common\fltol.c"
 Parameters:    Size  Location     Type
  f1              4   15[COMRAM] int 
 Auto vars:     Size  Location     Type
  exp1            1   24[COMRAM] unsigned char 
  sign1           1   23[COMRAM] unsigned char 
 Return value:  Size  Location     Type
                  4   15[COMRAM] long 
 Registers used:
		wreg, status,2, status,0
 Tracked objects:
		On entry : 
		On exit  : 
		Unchanged: 
 Data sizes:     COMRAM   BANK0   BANK1   BANK2
      Params:         4       0       0       0
      Locals:         2       0       0       0
      Temps:          4       0       0       0
      Totals:        10       0       0       0
Total ram usage:       10 bytes
 Hardware stack levels used:    1
 Hardware stack levels required when called:    4
 This function calls:
		Nothing
 This function is called by:
		_getAD_AN
 This function uses a non-reentrant model


 *************** function _UARTSendString *****************
 Defined at:
		line 53 in file "./bluetooth.h"
 Parameters:    Size  Location     Type
  str             2   15[BANK0 ] PTR unsigned char 
		 -> STR_19(7), STR_18(2), STR_17(11), STR_16(2), 
		 -> STR_15(6), STR_14(2), STR_13(6), STR_12(2), 
		 -> STR_11(6), STR_10(2), STR_9(6), STR_8(2), 
		 -> STR_7(6), STR_6(2), STR_5(6), STR_4(2), 
		 -> STR_3(6), STR_2(2), STR_1(6), valorConvUART@string(5), 
  max_length      2   17[BANK0 ] const int 
 Auto vars:     Size  Location     Type
  i               2   21[BANK0 ] int 
 Return value:  Size  Location     Type
                  1    wreg      void 
 Registers used:
		wreg, fsr0l, fsr0h, status,2, status,0, tblptrl, tblptrh, tblptru, cstack
 Tracked objects:
		On entry : 
		On exit  : 
		Unchanged: 
 Data sizes:     COMRAM   BANK0   BANK1   BANK2
      Params:         0       4       0       0
      Locals:         0       2       0       0
      Temps:          0       2       0       0
      Totals:         0       8       0       0
Total ram usage:        8 bytes
 Hardware stack levels used:    1
 Hardware stack levels required when called:    6
 This function calls:
		_UARTSendChar
		_UARTWriteTest
 This function is called by:
		_testeAD
 This function uses a non-reentrant model


 *************** function _UARTSendChar *****************
 Defined at:
		line 48 in file "./bluetooth.h"
 Parameters:    Size  Location     Type
  c               1    wreg     unsigned char 
 Auto vars:     Size  Location     Type
  c               1   15[COMRAM] unsigned char 
 Return value:  Size  Location     Type
                  1    wreg      void 
 Registers used:
		wreg, cstack
 Tracked objects:
		On entry : 
		On exit  : 
		Unchanged: 
 Data sizes:     COMRAM   BANK0   BANK1   BANK2
      Params:         0       0       0       0
      Locals:         1       0       0       0
      Temps:          0       0       0       0
      Totals:         1       0       0       0
Total ram usage:        1 bytes
 Hardware stack levels used:    1
 Hardware stack levels required when called:    5
 This function calls:
		_UARTWriteTest
 This function is called by:
		_UARTSendString
 This function uses a non-reentrant model


 *************** function _UARTWriteTest *****************
 Defined at:
		line 44 in file "./bluetooth.h"
 Parameters:    Size  Location     Type
		None
 Auto vars:     Size  Location     Type
		None
 Return value:  Size  Location     Type
                  1    wreg      void 
 Registers used:
		None
 Tracked objects:
		On entry : 
		On exit  : 
		Unchanged: 
 Data sizes:     COMRAM   BANK0   BANK1   BANK2
      Params:         0       0       0       0
      Locals:         0       0       0       0
      Temps:          0       0       0       0
      Totals:         0       0       0       0
Total ram usage:        0 bytes
 Hardware stack levels used:    1
 Hardware stack levels required when called:    4
 This function calls:
		Nothing
 This function is called by:
		_UARTSendChar
		_UARTSendString
 This function uses a non-reentrant model


 *************** function _configUSART *****************
 Defined at:
		line 9 in file "./bluetooth.h"
 Parameters:    Size  Location     Type
		None
 Auto vars:     Size  Location     Type
		None
 Return value:  Size  Location     Type
                  1    wreg      void 
 Registers used:
		wreg, status,2
 Tracked objects:
		On entry : 
		On exit  : 
		Unchanged: 
 Data sizes:     COMRAM   BANK0   BANK1   BANK2
      Params:         0       0       0       0
      Locals:         0       0       0       0
      Temps:          0       0       0       0
      Totals:         0       0       0       0
Total ram usage:        0 bytes
 Hardware stack levels used:    1
 Hardware stack levels required when called:    4
 This function calls:
		Nothing
 This function is called by:
		_main
 This function uses a non-reentrant model


 *************** function _configPWM *****************
 Defined at:
		line 9 in file "./PWM.h"
 Parameters:    Size  Location     Type
		None
 Auto vars:     Size  Location     Type
		None
 Return value:  Size  Location     Type
                  1    wreg      void 
 Registers used:
		wreg, status,2
 Tracked objects:
		On entry : 
		On exit  : 
		Unchanged: 
 Data sizes:     COMRAM   BANK0   BANK1   BANK2
      Params:         0       0       0       0
      Locals:         0       0       0       0
      Temps:          0       0       0       0
      Totals:         0       0       0       0
Total ram usage:        0 bytes
 Hardware stack levels used:    1
 Hardware stack levels required when called:    4
 This function calls:
		Nothing
 This function is called by:
		_main
 This function uses a non-reentrant model


 *************** function _configBits *****************
 Defined at:
		line 10 in file "./geral.h"
 Parameters:    Size  Location     Type
		None
 Auto vars:     Size  Location     Type
		None
 Return value:  Size  Location     Type
                  1    wreg      void 
 Registers used:
		None
 Tracked objects:
		On entry : 
		On exit  : 
		Unchanged: 
 Data sizes:     COMRAM   BANK0   BANK1   BANK2
      Params:         0       0       0       0
      Locals:         0       0       0       0
      Temps:          0       0       0       0
      Totals:         0       0       0       0
Total ram usage:        0 bytes
 Hardware stack levels used:    1
 Hardware stack levels required when called:    4
 This function calls:
		Nothing
 This function is called by:
		_main
 This function uses a non-reentrant model


 *************** function _configAD *****************
 Defined at:
		line 8 in file "./ADC.h"
 Parameters:    Size  Location     Type
		None
 Auto vars:     Size  Location     Type
		None
 Return value:  Size  Location     Type
                  1    wreg      void 
 Registers used:
		wreg, status,2
 Tracked objects:
		On entry : 
		On exit  : 
		Unchanged: 
 Data sizes:     COMRAM   BANK0   BANK1   BANK2
      Params:         0       0       0       0
      Locals:         0       0       0       0
      Temps:          0       0       0       0
      Totals:         0       0       0       0
Total ram usage:        0 bytes
 Hardware stack levels used:    1
 Hardware stack levels required when called:    4
 This function calls:
		Nothing
 This function is called by:
		_main
 This function uses a non-reentrant model


 *************** function _ISR *****************
 Defined at:
		line 17 in file "main.c"
 Parameters:    Size  Location     Type
		None
 Auto vars:     Size  Location     Type
		None
 Return value:  Size  Location     Type
                  1    wreg      void 
 Registers used:
		wreg, fsr0l, fsr0h, status,2, status,0, tblptrl, tblptrh, tblptru, cstack
 Tracked objects:
		On entry : 
		On exit  : 
		Unchanged: 
 Data sizes:     COMRAM   BANK0   BANK1   BANK2
      Params:         0       0       0       0
      Locals:         0       0       0       0
      Temps:          6       0       0       0
      Totals:         6       0       0       0
Total ram usage:        6 bytes
 Hardware stack levels used:    1
 Hardware stack levels required when called:    3
 This function calls:
		_UARTReadChar
		i2_UARTSendString
 This function is called by:
		Interrupt level 2
 This function uses a non-reentrant model


 *************** function i2_UARTSendString *****************
 Defined at:
		line 53 in file "./bluetooth.h"
 Parameters:    Size  Location     Type
  str             2    1[COMRAM] PTR unsigned char 
		 -> STR_19(7), STR_18(2), STR_17(11), STR_16(2), 
		 -> STR_15(6), STR_14(2), STR_13(6), STR_12(2), 
		 -> STR_11(6), STR_10(2), STR_9(6), STR_8(2), 
		 -> STR_7(6), STR_6(2), STR_5(6), STR_4(2), 
		 -> STR_3(6), STR_2(2), STR_1(6), valorConvUART@string(5), 
  max_length      2    3[COMRAM] const int 
 Auto vars:     Size  Location     Type
  UARTSendStri    2    7[COMRAM] int 
 Return value:  Size  Location     Type
                  1    wreg      void 
 Registers used:
		wreg, fsr0l, fsr0h, status,2, status,0, tblptrl, tblptrh, tblptru, cstack
 Tracked objects:
		On entry : 
		On exit  : 
		Unchanged: 
 Data sizes:     COMRAM   BANK0   BANK1   BANK2
      Params:         4       0       0       0
      Locals:         2       0       0       0
      Temps:          2       0       0       0
      Totals:         8       0       0       0
Total ram usage:        8 bytes
 Hardware stack levels used:    1
 Hardware stack levels required when called:    2
 This function calls:
		i2_UARTSendChar
		i2_UARTWriteTest
 This function is called by:
		_ISR
 This function uses a non-reentrant model


 *************** function i2_UARTSendChar *****************
 Defined at:
		line 48 in file "./bluetooth.h"
 Parameters:    Size  Location     Type
  c               1    wreg     unsigned char 
 Auto vars:     Size  Location     Type
  c               1    0[COMRAM] unsigned char 
 Return value:  Size  Location     Type
                  1    wreg      void 
 Registers used:
		wreg, cstack
 Tracked objects:
		On entry : 
		On exit  : 
		Unchanged: 
 Data sizes:     COMRAM   BANK0   BANK1   BANK2
      Params:         0       0       0       0
      Locals:         1       0       0       0
      Temps:          0       0       0       0
      Totals:         1       0       0       0
Total ram usage:        1 bytes
 Hardware stack levels used:    1
 Hardware stack levels required when called:    1
 This function calls:
		i2_UARTWriteTest
 This function is called by:
		i2_UARTSendString
 This function uses a non-reentrant model


 *************** function i2_UARTWriteTest *****************
 Defined at:
		line 44 in file "./bluetooth.h"
 Parameters:    Size  Location     Type
		None
 Auto vars:     Size  Location     Type
		None
 Return value:  Size  Location     Type
                  1    wreg      void 
 Registers used:
		None
 Tracked objects:
		On entry : 
		On exit  : 
		Unchanged: 
 Data sizes:     COMRAM   BANK0   BANK1   BANK2
      Params:         0       0       0       0
      Locals:         0       0       0       0
      Temps:          0       0       0       0
      Totals:         0       0       0       0
Total ram usage:        0 bytes
 Hardware stack levels used:    1
 This function calls:
		Nothing
 This function is called by:
		i2_UARTSendChar
		i2_UARTSendString
 This function uses a non-reentrant model


 *************** function _UARTReadChar *****************
 Defined at:
		line 39 in file "./bluetooth.h"
 Parameters:    Size  Location     Type
		None
 Auto vars:     Size  Location     Type
  ler             1    0[COMRAM] unsigned char 
 Return value:  Size  Location     Type
                  1    wreg      unsigned char 
 Registers used:
		wreg, status,2
 Tracked objects:
		On entry : 
		On exit  : 
		Unchanged: 
 Data sizes:     COMRAM   BANK0   BANK1   BANK2
      Params:         0       0       0       0
      Locals:         1       0       0       0
      Temps:          0       0       0       0
      Totals:         1       0       0       0
Total ram usage:        1 bytes
 Hardware stack levels used:    1
 This function calls:
		Nothing
 This function is called by:
		_ISR
 This function uses a non-reentrant model



MODULE INFORMATION

Module		Function		Class		Link	Load	Size
./geral.h
		_bitExtract    		CODE           	1302	0000	91
		_testeAD       		CODE           	0770	0000	793
		_configBits    		CODE           	141C	0000	3

./geral.h estimated size: 887

./bluetooth.h
		_configUSART   		CODE           	13A4	0000	31
		_UARTSendString		CODE           	0E56	0000	205
		_UARTWriteTest 		CODE           	13DC	0000	17
		_UARTReadChar  		CODE           	1414	0000	9
		_UARTSendChar  		CODE           	13FC	0000	13

./bluetooth.h estimated size: 275

./PWM.h
		_configPWM     		CODE           	135C	0000	37

./PWM.h estimated size: 37

C:\Program Files (x86)\Microchip\xc8\v2.10\pic\sources\c99\common\xxtofl.c
		___xxtofl      		CODE           	0A88	0000	437

C:\Program Files (x86)\Microchip\xc8\v2.10\pic\sources\c99\common\xxtofl.c estimated size: 437

./ADC.h
		_getAD_AN      		CODE           	0C3C	0000	277
		_readAD_AN     		CODE           	11F8	0000	167
		_configAD      		CODE           	1380	0000	37
		_valorConvUART 		CODE           	0FE6	0000	179

./ADC.h estimated size: 660

C:\Program Files (x86)\Microchip\xc8\v2.10\pic\sources\c99\common\awdiv.c
		___awdiv       		CODE           	0F22	0000	197

C:\Program Files (x86)\Microchip\xc8\v2.10\pic\sources\c99\common\awdiv.c estimated size: 197

C:\Program Files (x86)\Microchip\xc8\v2.10\pic\sources\c99\common\fltol.c
		___fltol       		CODE           	0D50	0000	263

C:\Program Files (x86)\Microchip\xc8\v2.10\pic\sources\c99\common\fltol.c estimated size: 263

C:\Program Files (x86)\Microchip\xc8\v2.10\pic\sources\c99\common\sprcmul.c
		___flmul       		CODE           	0346	0000	1067

C:\Program Files (x86)\Microchip\xc8\v2.10\pic\sources\c99\common\sprcmul.c estimated size: 1067

shared
		i2_UARTSendString		CODE           	1148	0000	177
		i2_UARTSendChar		CODE           	1408	0000	13
		i2_UARTWriteTest		CODE           	13EC	0000	17
		__initialization		CODE           	13C2	0000	13

shared estimated size: 220

C:\Program Files (x86)\Microchip\xc8\v2.10\pic\sources\c99\common\awmod.c
		___awmod       		CODE           	1098	0000	177

C:\Program Files (x86)\Microchip\xc8\v2.10\pic\sources\c99\common\awmod.c estimated size: 177

main.c
		_ISR           		CODE           	0008	0000	145
		_main          		CODE           	129E	0000	101

main.c estimated size: 246

