Microchip MPLAB XC8 Compiler V2.32

Linker command line:

-W-3 --edf=C:\Program Files\Microchip\xc8\v2.32\pic\dat\en_msgs.txt -cn \
  -h+dist/default/production\robouvc.X.production.sym \
  --cmf=dist/default/production\robouvc.X.production.cmf -z -Q18F4431 \
  -oC:\Users\rapha\AppData\Local\Temp\xcAs32c.4 --defsym=__MPLAB_BUILD=1 \
  -Mdist/default/production/robouvc.X.production.map -E1 -ver=XC8 Compiler \
  --acfsm=1493 -ASTACK=066h-02FFh -pstack=STACK -ACODE=00h-03FFFh \
  -ACONST=00h-03FFFh -ASMALLCONST=0300h-03FFhx61 -AMEDIUMCONST=0300h-03FFFh \
  -ACOMRAM=01h-05Fh -AABS1=00h-02FFh -ABIGRAM=01h-02FFh \
  -ARAM=060h-0FFh,0100h-01FFhx2 -ABANK0=060h-0FFh -ABANK1=0100h-01FFh \
  -ABANK2=0200h-02FFh -ASFR=0F60h-0FFFh -ACONFIG=0300000h-030000Dh \
  -AIDLOC=0200000h-0200007h -AEEDATA=0F00000h-0F000FFh -peeprom_data=EEDATA \
  -preset_vec=00h,intcode=08h,intcodelo,powerup,init -pramtop=0300h \
  -psmallconst=SMALLCONST -pmediumconst=MEDIUMCONST -pconst=CONST \
  -AFARRAM=00h-00h \
  -prdata=COMRAM,nvrram=COMRAM,nvbit=COMRAM,rbss=COMRAM,rbit=COMRAM \
  -pfarbss=FARRAM,fardata=FARRAM,nvFARRAM=FARRAM \
  -pintsave_regs=BIGRAM,bigbss=BIGRAM,bigdata=BIGRAM -pbss=RAM \
  -pidata=CODE,irdata=CODE,ibigdata=CODE,ifardata=CODE -prparam=COMRAM \
  C:\Users\rapha\AppData\Local\Temp\xcAs32c.o \
  dist/default/production\robouvc.X.production.o 

Object code version is 3.11

Machine type is 18F4431



                Name                               Link     Load   Length Selector   Space Scale
C:\Users\rapha\AppData\Local\Temp\xcAs32c.o
                idloc                            200000   200000        8        0       5
                config                           300000   300000        E        0       4
                init                                 98       98        4        4       0
                reset_vec                             0        0        4        0       0
dist/default/production\robouvc.X.production.o
                intcode                               8        8       90        4       0
                idloc                            200000   200000        8        0       5
                config                           300000   300000        E        0       4
                temp                                 50       50        1        1       1
                smallconst                          300      300        A      180       0
                text21                             1128     1128        8      185       0
                text20                             1100     1100       10      185       0
                text19                             111C     111C        C      185       0
                text18                              BC8      BC8       C6      185       0
                text16                             10F0     10F0       10      185       0
                text15                             1110     1110        C      185       0
                text14                              B02      B02       C6      185       0
                text13                             1094     1094       24      185       0
                text12                             1130     1130        2      185       0
                text11                             1070     1070       24      185       0
                text10                             10B8     10B8       1E      185       0
                text9                               9FC      9FC      106      185       0
                text8                              1016     1016       5A      185       0
                text7                               30A      30A      42A      185       0
                text6                               734      734      1B4      185       0
                text5                               F70      F70       A6      185       0
                text4                               8E8      8E8      114      185       0
                text3                               C8E      C8E       C4      185       0
                text2                               EC0      EC0       B0      185       0
                text1                               E10      E10       B0      185       0
                text0                               D52      D52       BE      185       0
                cstackCOMRAM                          1        1       44        1       1
                cstackBANK0                          60       60        6       60       1
                bssCOMRAM                            45       45        B        1       1
                cinit                              10D6     10D6       1A      185       0

TOTAL           Name                               Link     Load   Length     Space
        CLASS   STACK          

        CLASS   CODE           
                intcode                               8        8       90         0
                init                                 98       98        4         0
                reset_vec                             0        0        4         0
                text21                             1128     1128        8         0
                text20                             1100     1100       10         0
                text19                             111C     111C        C         0
                text18                              BC8      BC8       C6         0
                text16                             10F0     10F0       10         0
                text15                             1110     1110        C         0
                text14                              B02      B02       C6         0
                text13                             1094     1094       24         0
                text12                             1130     1130        2         0
                text11                             1070     1070       24         0
                text10                             10B8     10B8       1E         0
                text9                               9FC      9FC      106         0
                text8                              1016     1016       5A         0
                text7                               30A      30A      42A         0
                text6                               734      734      1B4         0
                text5                               F70      F70       A6         0
                text4                               8E8      8E8      114         0
                text3                               C8E      C8E       C4         0
                text2                               EC0      EC0       B0         0
                text1                               E10      E10       B0         0
                text0                               D52      D52       BE         0
                cinit                              10D6     10D6       1A         0

        CLASS   CONST          

        CLASS   SMALLCONST     
                smallconst                          300      300        A         0

        CLASS   MEDIUMCONST    

        CLASS   COMRAM         
                temp                                 50       50        1         1
                cstackCOMRAM                          1        1       44         1
                bssCOMRAM                            45       45        B         1

        CLASS   ABS1           

        CLASS   BIGRAM         

        CLASS   RAM            

        CLASS   BANK0          
                cstackBANK0                          60       60        6         1

        CLASS   BANK1          

        CLASS   BANK2          

        CLASS   SFR            

        CLASS   CONFIG         
                config                           300000   300000        E         4

        CLASS   IDLOC          
                idloc                            200000   200000        8         5

        CLASS   EEDATA         

        CLASS   FARRAM         



SEGMENTS        Name                           Load    Length   Top    Selector   Space  Class

                reset_vec                      000000  000004  000004         0       0  CODE    
                cstackCOMRAM                   000001  000050  000051         1       1  COMRAM  
                intcode                        000008  000094  00009C         4       0  CODE    
                cstackBANK0                    000060  000006  000066        60       1  BANK0   
                smallconst                     000300  00000A  00030A       180       0  SMALLCON
                text7                          00030A  000E28  001132       185       0  CODE    


UNUSED ADDRESS RANGES

        Name                Unused          Largest block    Delta
        BANK0            000066-0000FF               9A
        BANK1            000100-0001FF              100
        BANK2            000200-0002FF              100
        BIGRAM           000051-00005F                F
                         000066-0002FF              29A
        CODE             000004-000007                4
                         00009C-0002FF              264
                         001132-003FFF             2ECE
        COMRAM           000051-00005F                F
        CONST            000004-000007                4
                         00009C-0002FF              264
                         001132-003FFF             2ECE
        EEDATA           F00000-F000FF              100
        MEDIUMCONST      001132-003FFF             2ECE
        RAM              000066-0002FF              100
        SFR              000F60-000FFF               A0
        SMALLCONST       001132-003FFF              100
        STACK            000066-0002FF              29A

                                  Symbol Table

?___awdiv                   cstackCOMRAM 000010
?___awmod                   cstackCOMRAM 000018
?___flmul                   cstackCOMRAM 00001E
?___fltol                   cstackCOMRAM 000010
?___xxtofl                  cstackCOMRAM 000010
?_bitExtract                cstackCOMRAM 000010
?_getAD_AN                  cstackCOMRAM 00003F
?_readAD_AN                 cstackCOMRAM 000037
?_valorConvUART             cstackCOMRAM 00001E
UARTReadChar@ler            cstackCOMRAM 000001
UARTSendChar@c              cstackCOMRAM 000010
UARTSendString@i            cstackCOMRAM 000017
UARTSendString@max_length   cstackCOMRAM 000013
UARTSendString@str          cstackCOMRAM 000011
_ADCHS                      (abs)        000F99
_ADCHSbits                  (abs)        000F99
_ADCON0bits                 (abs)        000FC2
_ADCON1bits                 (abs)        000FC1
_ADCON2bits                 (abs)        000FC0
_ADCON3                     (abs)        000F9A
_ADRESH                     (abs)        000FC4
_ADRESL                     (abs)        000FC3
_ANSEL0                     (abs)        000FB8
_ANSEL1                     (abs)        000FB9
_DTCON                      (abs)        000F6D
_INTCONbits                 (abs)        000FF2
_ISR                        intcode      000008
_OVDCOND                    (abs)        000F6B
_OVDCONS                    (abs)        000F6A
_PDC0H                      (abs)        000F78
_PDC0L                      (abs)        000F79
_PDC1H                      (abs)        000F76
_PDC1L                      (abs)        000F77
_PDC2H                      (abs)        000F74
_PDC2L                      (abs)        000F75
_PDC3H                      (abs)        000F72
_PDC3L                      (abs)        000F73
_PIE1bits                   (abs)        000F9D
_PIR1bits                   (abs)        000F9E
_PORTB                      (abs)        000F81
_PORTC                      (abs)        000F82
_PORTD                      (abs)        000F83
_PORTE                      (abs)        000F84
_PTCON0                     (abs)        000F7F
_PTCON1                     (abs)        000F7E
_PTPERH                     (abs)        000F7A
_PTPERL                     (abs)        000F7B
_PWMCON0                    (abs)        000F6F
_PWMCON1                    (abs)        000F6E
_RCREG                      (abs)        000FAE
_RCSTAbits                  (abs)        000FAB
_SPBRG                      (abs)        000FAF
_TRISA                      (abs)        000F92
_TRISB                      (abs)        000F93
_TRISC                      (abs)        000F94
_TRISCbits                  (abs)        000F94
_TRISD                      (abs)        000F95
_TRISE                      (abs)        000F96
_TRMT                       (abs)        007D61
_TXREG                      (abs)        000FAD
_TXSTAbits                  (abs)        000FAC
_UARTReadChar               text21       001128
_UARTSendChar               text15       001110
_UARTSendString             text14       000B02
_UARTWriteTest              text16       0010F0
__HRAM                      (abs)        000000
__Habs1                     abs1         000000
__Hbank0                    bank0        000000
__Hbank1                    bank1        000000
__Hbank2                    bank2        000000
__Hbigbss                   bigbss       000000
__Hbigdata                  bigdata      000000
__Hbigram                   bigram       000000
__Hbss                      bss          000000
__HbssCOMRAM                bssCOMRAM    000000
__Hcinit                    cinit        000000
__Hclrtext                  clrtext      000000
__Hcomram                   comram       000000
__Hconfig                   config       30000E
__Hconst                    const        000000
__HcstackBANK0              cstackBANK0  000000
__HcstackCOMRAM             cstackCOMRAM 000000
__Hdata                     data         000000
__Heeprom_data              eeprom_data  000000
__Hfarbss                   farbss       000000
__Hfardata                  fardata      000000
__Hibigdata                 ibigdata     000000
__Hidata                    idata        000000
__Hidloc                    idloc        200008
__Hifardata                 ifardata     000000
__Hinit                     init         00009C
__Hintcode                  intcode      000098
__Hintcode_body             intcode_body 000000
__Hintcodelo                intcodelo    000098
__Hintentry                 intentry     000000
__Hintret                   intret       000000
__Hintsave_regs             intsave_regs 000000
__Hirdata                   irdata       000000
__Hmediumconst              mediumconst  000000
__HnvFARRAM                 nvFARRAM     000000
__Hnvbit                    nvbit        000000
__Hnvrram                   nvrram       000000
__Hparam                    rparam       000000
__Hpowerup                  powerup      000098
__Hram                      ram          000000
__Hramtop                   ramtop       000300
__Hrbit                     rbit         000000
__Hrbss                     rbss         000000
__Hrdata                    rdata        000000
__Hreset_vec                reset_vec    000004
__Hrparam                   rparam       000000
__Hsfr                      sfr          000000
__Hsmallconst               smallconst   00030A
__Hspace_0                  (abs)        001132
__Hspace_1                  (abs)        000066
__Hspace_2                  (abs)        000000
__Hspace_4                  (abs)        60000E
__Hstack                    stack        000000
__Hstruct                   struct       000000
__Htemp                     temp         000051
__Htext                     text         000000
__Htext0                    text0        000000
__Htext1                    text1        000000
__Htext10                   text10       000000
__Htext11                   text11       000000
__Htext12                   text12       000000
__Htext13                   text13       000000
__Htext14                   text14       000000
__Htext15                   text15       000000
__Htext16                   text16       000000
__Htext18                   text18       000000
__Htext19                   text19       000000
__Htext2                    text2        000000
__Htext20                   text20       000000
__Htext21                   text21       000000
__Htext3                    text3        000000
__Htext4                    text4        000000
__Htext5                    text5        000000
__Htext6                    text6        000000
__Htext7                    text7        000000
__Htext8                    text8        000000
__Htext9                    text9        000000
__LRAM                      (abs)        000001
__Labs1                     abs1         000000
__Lbank0                    bank0        000000
__Lbank1                    bank1        000000
__Lbank2                    bank2        000000
__Lbigbss                   bigbss       000000
__Lbigdata                  bigdata      000000
__Lbigram                   bigram       000000
__Lbss                      bss          000000
__LbssCOMRAM                bssCOMRAM    000000
__Lcinit                    cinit        000000
__Lclrtext                  clrtext      000000
__Lcomram                   comram       000000
__Lconfig                   config       000000
__Lconst                    const        000000
__LcstackBANK0              cstackBANK0  000000
__LcstackCOMRAM             cstackCOMRAM 000000
__Ldata                     data         000000
__Leeprom_data              eeprom_data  000000
__Lfarbss                   farbss       000000
__Lfardata                  fardata      000000
__Libigdata                 ibigdata     000000
__Lidata                    idata        000000
__Lidloc                    idloc        000000
__Lifardata                 ifardata     000000
__Linit                     init         000098
__Lintcode                  intcode      000008
__Lintcode_body             intcode_body 000000
__Lintcodelo                intcodelo    000098
__Lintentry                 intentry     000000
__Lintret                   intret       000000
__Lintsave_regs             intsave_regs 000000
__Lirdata                   irdata       000000
__Lmediumconst              mediumconst  000000
__LnvFARRAM                 nvFARRAM     000000
__Lnvbit                    nvbit        000000
__Lnvrram                   nvrram       000000
__Lparam                    rparam       000000
__Lpowerup                  powerup      000098
__Lram                      ram          000000
__Lramtop                   ramtop       000300
__Lrbit                     rbit         000000
__Lrbss                     rbss         000000
__Lrdata                    rdata        000000
__Lreset_vec                reset_vec    000000
__Lrparam                   rparam       000000
__Lsfr                      sfr          000000
__Lsmallconst               smallconst   000300
__Lspace_0                  (abs)        000000
__Lspace_1                  (abs)        000000
__Lspace_2                  (abs)        000000
__Lspace_4                  (abs)        000000
__Lstack                    stack        000000
__Lstruct                   struct       000000
__Ltemp                     temp         000050
__Ltext                     text         000000
__Ltext0                    text0        000000
__Ltext1                    text1        000000
__Ltext10                   text10       000000
__Ltext11                   text11       000000
__Ltext12                   text12       000000
__Ltext13                   text13       000000
__Ltext14                   text14       000000
__Ltext15                   text15       000000
__Ltext16                   text16       000000
__Ltext18                   text18       000000
__Ltext19                   text19       000000
__Ltext2                    text2        000000
__Ltext20                   text20       000000
__Ltext21                   text21       000000
__Ltext3                    text3        000000
__Ltext4                    text4        000000
__Ltext5                    text5        000000
__Ltext6                    text6        000000
__Ltext7                    text7        000000
__Ltext8                    text8        000000
__Ltext9                    text9        000000
__S0                        (abs)        001132
__S1                        (abs)        000066
__S2                        (abs)        000000
__S4                        (abs)        000000
__S5                        (abs)        000000
___awdiv                    text3        000C8E
___awdiv@counter            cstackCOMRAM 000014
___awdiv@dividend           cstackCOMRAM 000010
___awdiv@divisor            cstackCOMRAM 000012
___awdiv@quotient           cstackCOMRAM 000016
___awdiv@sign               cstackCOMRAM 000015
___awmod                    text2        000EC0
___awmod@counter            cstackCOMRAM 00001C
___awmod@dividend           cstackCOMRAM 000018
___awmod@divisor            cstackCOMRAM 00001A
___awmod@sign               cstackCOMRAM 00001D
___flmul                    text7        00030A
___flmul@a                  cstackCOMRAM 000022
___flmul@aexp               cstackCOMRAM 00002B
___flmul@b                  cstackCOMRAM 00001E
___flmul@bexp               cstackCOMRAM 000030
___flmul@grs                cstackCOMRAM 00002C
___flmul@prod               cstackCOMRAM 000031
___flmul@sign               cstackCOMRAM 00002A
___flmul@temp               cstackCOMRAM 000035
___fltol                    text9        0009FC
___fltol@exp1               cstackCOMRAM 000019
___fltol@f1                 cstackCOMRAM 000010
___fltol@sign1              cstackCOMRAM 000018
___inthi_sp                 stack        000000
___intlo_sp                 stack        000000
___param_bank               (abs)        000000
___rparam_used              (abs)        000001
___sp                       stack        000000
___xxtofl                   text6        000734
___xxtofl@arg               cstackCOMRAM 00001A
___xxtofl@exp               cstackCOMRAM 000019
___xxtofl@sign              cstackCOMRAM 000018
___xxtofl@val               cstackCOMRAM 000010
__accesstop                 (abs)        000060
__activetblptr              (abs)        000002
__end_of_ISR                intcode      000098
__end_of_UARTReadChar       text21       001130
__end_of_UARTSendChar       text15       00111C
__end_of_UARTSendString     text14       000BC8
__end_of_UARTWriteTest      text16       001100
__end_of___awdiv            text3        000D52
__end_of___awmod            text2        000F70
__end_of___flmul            text7        000734
__end_of___fltol            text9        000B02
__end_of___xxtofl           text6        0008E8
__end_of__initialization    cinit        0010E2
__end_of_bitExtract         text8        001070
__end_of_configADtest       text13       0010B8
__end_of_configBits         text12       001132
__end_of_configPWM          text11       001094
__end_of_configUSART        text10       0010D6
__end_of_getAD_AN           text4        0009FC
__end_of_main               text0        000E10
__end_of_readAD_AN          text5        001016
__end_of_valorConvUART      text1        000EC0
__end_ofi2_UARTSendChar     text19       001128
__end_ofi2_UARTSendString   text18       000C8E
__end_ofi2_UARTWriteTest    text20       001110
__initialization            cinit        0010D6
__mediumconst               mediumconst  000000
__pbssCOMRAM                bssCOMRAM    000045
__pcinit                    cinit        0010D6
__pcstackBANK0              cstackBANK0  000060
__pcstackCOMRAM             cstackCOMRAM 000001
__pintcode                  intcode      000008
__psmallconst               smallconst   000300
__ptext0                    text0        000D52
__ptext1                    text1        000E10
__ptext10                   text10       0010B8
__ptext11                   text11       001070
__ptext12                   text12       001130
__ptext13                   text13       001094
__ptext14                   text14       000B02
__ptext15                   text15       001110
__ptext16                   text16       0010F0
__ptext18                   text18       000BC8
__ptext19                   text19       00111C
__ptext2                    text2        000EC0
__ptext20                   text20       001100
__ptext21                   text21       001128
__ptext3                    text3        000C8E
__ptext4                    text4        0008E8
__ptext5                    text5        000F70
__ptext6                    text6        000734
__ptext7                    text7        00030A
__ptext8                    text8        001016
__ptext9                    text9        0009FC
__ramtop                    ramtop       000300
__size_of_ISR               (abs)        000000
__size_of_UARTReadChar      (abs)        000000
__size_of_UARTSendChar      (abs)        000000
__size_of_UARTSendString    (abs)        000000
__size_of_UARTWriteTest     (abs)        000000
__size_of___awdiv           (abs)        000000
__size_of___awmod           (abs)        000000
__size_of___flmul           (abs)        000000
__size_of___fltol           (abs)        000000
__size_of___xxtofl          (abs)        000000
__size_of_bitExtract        (abs)        000000
__size_of_configADtest      (abs)        000000
__size_of_configBits        (abs)        000000
__size_of_configPWM         (abs)        000000
__size_of_configUSART       (abs)        000000
__size_of_getAD_AN          (abs)        000000
__size_of_main              (abs)        000000
__size_of_readAD_AN         (abs)        000000
__size_of_valorConvUART     (abs)        000000
__size_ofi2_UARTSendChar    (abs)        000000
__size_ofi2_UARTSendString  (abs)        000000
__size_ofi2_UARTWriteTest   (abs)        000000
__smallconst                smallconst   000300
_bitExtract                 text8        001016
_configADtest               text13       001094
_configBits                 text12       001130
_configPWM                  text11       001070
_configUSART                text10       0010B8
_getAD_AN                   text4        0008E8
_main                       text0        000D52
_readAD_AN                  text5        000F70
_readAD_AN$1320             cstackCOMRAM 00003B
_valorConvUART              text1        000E10
_valorConvUART$1319         cstackCOMRAM 000026
_vanal_AN                   bssCOMRAM    00004A
_vdig_AN                    bssCOMRAM    00004E
bitExtract@k                cstackCOMRAM 000012
bitExtract@numero           cstackCOMRAM 000010
bitExtract@p                cstackCOMRAM 000014
btemp                       temp         000050
end_of_initialization       cinit        0010E2
getAD_AN@ANread             cstackCOMRAM 000041
getAD_AN@porta              cstackCOMRAM 00003F
i2UARTSendChar@c            cstackCOMRAM 000001
i2UARTSendString@i          cstackCOMRAM 000008
i2UARTSendString@max_length cstackCOMRAM 000004
i2UARTSendString@str        cstackCOMRAM 000002
i2_UARTSendChar             text19       00111C
i2_UARTSendString           text18       000BC8
i2_UARTWriteTest            text20       001100
int$flags                   temp         000050
intlevel0                   text         000000
intlevel1                   text         000000
intlevel2                   text         000000
intlevel3                   text         000000
isa$std                     (abs)        000001
isa$xinst                   (abs)        000000
main@AN1                    cstackBANK0  000062
main@string                 cstackBANK0  000064
stackhi                     (abs)        0002FF
stacklo                     (abs)        000066
start                       init         000098
start_initialization        cinit        0010D6
ttemp5                      temp         000051
ttemp6                      temp         000054
ttemp7                      temp         000058
valorConvUART@centena       cstackCOMRAM 000020
valorConvUART@dezena        cstackCOMRAM 000022
valorConvUART@string        cstackCOMRAM 000028
valorConvUART@unidade       cstackCOMRAM 000024
valorConvUART@valor         cstackCOMRAM 00001E
wtemp8                      temp         000051


MODULE INFORMATION

Module		Function		Class		Link	Load	Size
C:\Program Files\Microchip\xc8\v2.32\pic\sources\c99\common\awdiv.c
		___awdiv       		CODE           	0C8E	0000	196

C:\Program Files\Microchip\xc8\v2.32\pic\sources\c99\common\awdiv.c estimated size: 196

./geral.h
		_getAD_AN      		CODE           	08E8	0000	276
		_readAD_AN     		CODE           	0F70	0000	166
		_bitExtract    		CODE           	1016	0000	90
		_configADtest  		CODE           	1094	0000	36
		_valorConvUART 		CODE           	0E10	0000	176
		_configBits    		CODE           	1130	0000	2

./geral.h estimated size: 746

./bluetooth.h
		_configUSART   		CODE           	10B8	0000	30
		_UARTSendString		CODE           	0B02	0000	198
		_UARTWriteTest 		CODE           	10F0	0000	16
		_UARTReadChar  		CODE           	1128	0000	8
		_UARTSendChar  		CODE           	1110	0000	12

./bluetooth.h estimated size: 264

./PWM.h
		_configPWM     		CODE           	1070	0000	36

./PWM.h estimated size: 36

shared
		i2_UARTSendString		CODE           	0BC8	0000	198
		i2_UARTSendChar		CODE           	111C	0000	12
		i2_UARTWriteTest		CODE           	1100	0000	16
		__initialization		CODE           	10D6	0000	12

shared estimated size: 238

C:\Program Files\Microchip\xc8\v2.32\pic\sources\c99\common\sprcmul.c
		___flmul       		CODE           	030A	0000	1066

C:\Program Files\Microchip\xc8\v2.32\pic\sources\c99\common\sprcmul.c estimated size: 1066

C:\Program Files\Microchip\xc8\v2.32\pic\sources\c99\common\awmod.c
		___awmod       		CODE           	0EC0	0000	176

C:\Program Files\Microchip\xc8\v2.32\pic\sources\c99\common\awmod.c estimated size: 176

C:\Program Files\Microchip\xc8\v2.32\pic\sources\c99\common\fltol.c
		___fltol       		CODE           	09FC	0000	262

C:\Program Files\Microchip\xc8\v2.32\pic\sources\c99\common\fltol.c estimated size: 262

C:\Program Files\Microchip\xc8\v2.32\pic\sources\c99\common\xxtofl.c
		___xxtofl      		CODE           	0734	0000	436

C:\Program Files\Microchip\xc8\v2.32\pic\sources\c99\common\xxtofl.c estimated size: 436

main.c
		_ISR           		CODE           	0008	0000	144
		_main          		CODE           	0D52	0000	190

main.c estimated size: 334

