Microchip MPLAB XC8 Compiler V2.10 ()

Linker command line:

-W-3 --edf=C:\Program Files (x86)\Microchip\xc8\v2.10\pic\dat\en_msgs.txt \
  -cs -h+dist/default/production\robouvc.X.production.sym \
  --cmf=dist/default/production\robouvc.X.production.cmf -z -Q18F4431 \
  -oD:\usuarios\Hiro\AppData\Local\Temp\s8co.2 --defsym=__MPLAB_BUILD=1 \
  -Mdist/default/production/robouvc.X.production.map -E1 -ver=XC8 \
  --acfsm=1493 -ASTACK=060h-02FFh -pstack=STACK -ACODE=00h-03FFFh \
  -ACONST=00h-03FFFh -ASMALLCONST=0300h-03FFhx61 -AMEDIUMCONST=0300h-03FFFh \
  -ACOMRAM=01h-05Fh -AABS1=00h-02FFh -ABIGRAM=01h-02FFh \
  -ARAM=060h-0FFh,0100h-01FFhx2 -ABANK0=060h-0FFh -ABANK1=0100h-01FFh \
  -ABANK2=0200h-02FFh -ASFR=0F60h-0FFFh \
  -preset_vec=00h,intcode=08h,intcodelo,powerup,init -pramtop=0300h \
  -psmallconst=SMALLCONST -pmediumconst=MEDIUMCONST -pconst=CONST \
  -AFARRAM=00h-00h -ACONFIG=0300000h-030000Dh -pconfig=CONFIG \
  -AIDLOC=0200000h-0200007h -pidloc=IDLOC -AEEDATA=0F00000h-0F000FFh \
  -peeprom_data=EEDATA \
  -prdata=COMRAM,nvrram=COMRAM,nvbit=COMRAM,rbss=COMRAM,rbit=COMRAM \
  -pfarbss=FARRAM,fardata=FARRAM,nvFARRAM=FARRAM \
  -pintsave_regs=BIGRAM,bigbss=BIGRAM,bigdata=BIGRAM -pbss=RAM \
  -pidata=CODE,irdata=CODE,ibigdata=CODE,ifardata=CODE -prparam=COMRAM \
  D:\usuarios\Hiro\AppData\Local\Temp\s8co.o \
  dist/default/production\robouvc.X.production.o 

Object code version is 3.11

Machine type is 18F4431

Call graph: (short form)




                Name                               Link     Load   Length Selector   Space Scale
D:\usuarios\Hiro\AppData\Local\Temp\s8co.o
                init                                1EC      1EC        4        4       0
                reset_vec                             0        0        4        0       0
                idloc                            200000   200000        8   200000       0
                config                           300000   300000        E   300000       0
dist/default/production\robouvc.X.production.o
                intcode                               8        8      1E4        4       0
                temp                                 25       25        1        1       1
                smallconst                          300      300       E4      180       0
                text13                              616      616        8      1F2       0
                text12                              5E6      5E6       10      1F2       0
                text11                              5F6      5F6        C      1F2       0
                text10                              3E4      3E4       C6      1F2       0
                text9                               622      622        4      1F2       0
                text8                               61E      61E        4      1F2       0
                text7                               60C      60C        A      1F2       0
                text5                               5A4      5A4       24      1F2       0
                text4                               628      628        2      1F2       0
                text3                               580      580       24      1F2       0
                text2                               5C8      5C8       1E      1F2       0
                text1                               602      602        A      1F2       0
                text0                               4AA      4AA       A4      1F2       0
                cstackCOMRAM                          1        1       13        1       1
                dataCOMRAM                           23       23        2        1       1
                bssCOMRAM                            14       14        F        1       1
                cinit                               54E      54E       32      1F2       0
                idataCOMRAM                         626      626        2      1F2       0

TOTAL           Name                               Link     Load   Length     Space
        CLASS   STACK          

        CLASS   CODE           
                intcode                               8        8      1E4         0
                init                                1EC      1EC        4         0
                reset_vec                             0        0        4         0
                text13                              616      616        8         0
                text12                              5E6      5E6       10         0
                text11                              5F6      5F6        C         0
                text10                              3E4      3E4       C6         0
                text9                               622      622        4         0
                text8                               61E      61E        4         0
                text7                               60C      60C        A         0
                text5                               5A4      5A4       24         0
                text4                               628      628        2         0
                text3                               580      580       24         0
                text2                               5C8      5C8       1E         0
                text1                               602      602        A         0
                text0                               4AA      4AA       A4         0
                cinit                               54E      54E       32         0
                idataCOMRAM                         626      626        2         0

        CLASS   CONST          

        CLASS   SMALLCONST     
                smallconst                          300      300       E4         0

        CLASS   MEDIUMCONST    

        CLASS   COMRAM         
                temp                                 25       25        1         1
                cstackCOMRAM                          1        1       13         1
                dataCOMRAM                           23       23        2         1
                bssCOMRAM                            14       14        F         1

        CLASS   ABS1           

        CLASS   BIGRAM         

        CLASS   RAM            

        CLASS   BANK0          

        CLASS   BANK1          

        CLASS   BANK2          

        CLASS   SFR            

        CLASS   FARRAM         

        CLASS   CONFIG         
                config                           300000   300000        E         0

        CLASS   IDLOC          
                idloc                            200000   200000        8         0

        CLASS   EEDATA         



SEGMENTS        Name                           Load    Length   Top    Selector   Space  Class

                reset_vec                      000000  000004  000004         0       0  CODE    
                cstackCOMRAM                   000001  000025  000026         1       1  COMRAM  
                intcode                        000008  0001E8  0001F0         4       0  CODE    
                smallconst                     000300  0000E4  0003E4       180       0  SMALLCON
                text10                         0003E4  000246  00062A       1F2       0  CODE    
                idloc                          200000  000008  200008    200000       0  IDLOC   
                config                         300000  00000E  30000E    300000       0  CONFIG  


UNUSED ADDRESS RANGES

        Name                Unused          Largest block    Delta
        BANK0            000060-0000FF               A0
        BANK1            000100-0001FF              100
        BANK2            000200-0002FF              100
        BIGRAM           000026-0002FF              2DA
        CODE             000004-000007                4
                         0001F0-0002FF              110
                         00062A-003FFF             39D6
        COMRAM           000026-00005F               3A
        CONST            000004-000007                4
                         0001F0-0002FF              110
                         00062A-003FFF             39D6
        EEDATA           F00000-F000FF              100
        MEDIUMCONST      00062A-003FFF             39D6
        RAM              000060-0002FF              100
        SFR              000F60-000FFF               A0
        SMALLCONST       00062A-003FFF              100
        STACK            000060-0002FF              2A0

                                  Symbol Table

UARTReadChar@ler          cstackCOMRAM 000001
UARTSendChar@c            cstackCOMRAM 000001
UARTSendString@i          cstackCOMRAM 000008
UARTSendString@max_length cstackCOMRAM 000004
UARTSendString@str        cstackCOMRAM 000002
_ADCHSbits                (abs)        000F99
_ADCON0bits               (abs)        000FC2
_ADCON1bits               (abs)        000FC1
_ADCON2bits               (abs)        000FC0
_ADCON3                   (abs)        000F9A
_ADRESH                   (abs)        000FC4
_ADRESL                   (abs)        000FC3
_ANSEL0                   (abs)        000FB8
_ANSEL1                   (abs)        000FB9
_DTCON                    (abs)        000F6D
_INTCONbits               (abs)        000FF2
_ISR                      intcode      000008
_OVDCOND                  (abs)        000F6B
_OVDCONS                  (abs)        000F6A
_PDC0H                    (abs)        000F78
_PDC0L                    (abs)        000F79
_PDC1H                    (abs)        000F76
_PDC1L                    (abs)        000F77
_PDC2H                    (abs)        000F74
_PDC2L                    (abs)        000F75
_PDC3H                    (abs)        000F72
_PDC3L                    (abs)        000F73
_PIE1bits                 (abs)        000F9D
_PIR1bits                 (abs)        000F9E
_PORTB                    (abs)        000F81
_PORTBbits                (abs)        000F81
_PORTC                    (abs)        000F82
_PORTD                    (abs)        000F83
_PORTE                    (abs)        000F84
_PTCON0                   (abs)        000F7F
_PTCON1                   (abs)        000F7E
_PTPERH                   (abs)        000F7A
_PTPERL                   (abs)        000F7B
_PWMCON0                  (abs)        000F6F
_PWMCON1                  (abs)        000F6E
_RC0                      (abs)        007C10
_RC1                      (abs)        007C11
_RC2                      (abs)        007C12
_RC3                      (abs)        007C13
_RCREG                    (abs)        000FAE
_RCSTAbits                (abs)        000FAB
_SPBRG                    (abs)        000FAF
_T0CON                    (abs)        000FD5
_TMR0IF                   (abs)        007F92
_TMR0L                    (abs)        000FD6
_TMR0ON                   (abs)        007EAF
_TRISA                    (abs)        000F92
_TRISB                    (abs)        000F93
_TRISC                    (abs)        000F94
_TRISCbits                (abs)        000F94
_TRISD                    (abs)        000F95
_TRISE                    (abs)        000F96
_TRMT                     (abs)        007D61
_TXREG                    (abs)        000FAD
_TXSTAbits                (abs)        000FAC
_UARTReadChar             text13       000616
_UARTSendChar             text11       0005F6
_UARTSendString           text10       0003E4
_UARTWriteTest            text12       0005E6
__CFG_BOREN$OFF           (abs)        000000
__CFG_CP0$OFF             (abs)        000000
__CFG_CP1$OFF             (abs)        000000
__CFG_CP2$OFF             (abs)        000000
__CFG_CP3$OFF             (abs)        000000
__CFG_CPB$OFF             (abs)        000000
__CFG_CPD$OFF             (abs)        000000
__CFG_EBTR0$OFF           (abs)        000000
__CFG_EBTR1$OFF           (abs)        000000
__CFG_EBTR2$OFF           (abs)        000000
__CFG_EBTR3$OFF           (abs)        000000
__CFG_EBTRB$OFF           (abs)        000000
__CFG_FCMEN$ON            (abs)        000000
__CFG_HPOL$HIGH           (abs)        000000
__CFG_IESO$ON             (abs)        000000
__CFG_LPOL$HIGH           (abs)        000000
__CFG_LVP$ON              (abs)        000000
__CFG_MCLRE$ON            (abs)        000000
__CFG_OSC$HS              (abs)        000000
__CFG_PWMPIN$OFF          (abs)        000000
__CFG_PWRTEN$OFF          (abs)        000000
__CFG_STVREN$ON           (abs)        000000
__CFG_T1OSCMX$ON          (abs)        000000
__CFG_WDPS$32768          (abs)        000000
__CFG_WDTEN$OFF           (abs)        000000
__CFG_WINEN$OFF           (abs)        000000
__CFG_WRT0$OFF            (abs)        000000
__CFG_WRT1$OFF            (abs)        000000
__CFG_WRT2$OFF            (abs)        000000
__CFG_WRT3$OFF            (abs)        000000
__CFG_WRTB$OFF            (abs)        000000
__CFG_WRTC$OFF            (abs)        000000
__CFG_WRTD$OFF            (abs)        000000
__HRAM                    (abs)        000000
__Habs1                   abs1         000000
__Hbank0                  bank0        000000
__Hbank1                  bank1        000000
__Hbank2                  bank2        000000
__Hbigbss                 bigbss       000000
__Hbigdata                bigdata      000000
__Hbigram                 bigram       000000
__Hbss                    bss          000000
__HbssCOMRAM              bssCOMRAM    000000
__Hcinit                  cinit        000000
__Hclrtext                clrtext      000000
__Hcomram                 comram       000000
__Hconfig                 config       30000E
__Hconst                  const        000000
__HcstackCOMRAM           cstackCOMRAM 000000
__Hdata                   data         000000
__HdataCOMRAM             dataCOMRAM   000000
__Heeprom_data            eeprom_data  000000
__Hfarbss                 farbss       000000
__Hfardata                fardata      000000
__Hibigdata               ibigdata     000000
__Hidata                  idata        000000
__HidataCOMRAM            idataCOMRAM  000000
__Hidloc                  idloc        200008
__Hifardata               ifardata     000000
__Hinit                   init         0001F0
__Hintcode                intcode      0001EC
__Hintcode_body           intcode_body 000000
__Hintcodelo              intcodelo    0001EC
__Hintentry               intentry     000000
__Hintret                 intret       000000
__Hintsave_regs           intsave_regs 000000
__Hirdata                 irdata       000000
__Hmediumconst            mediumconst  000000
__HnvFARRAM               nvFARRAM     000000
__Hnvbit                  nvbit        000000
__Hnvrram                 nvrram       000000
__Hparam                  rparam       000000
__Hpowerup                powerup      0001EC
__Hram                    ram          000000
__Hramtop                 ramtop       000300
__Hrbit                   rbit         000000
__Hrbss                   rbss         000000
__Hrdata                  rdata        000000
__Hreset_vec              reset_vec    000004
__Hrparam                 rparam       000000
__Hsfr                    sfr          000000
__Hsmallconst             smallconst   0003E4
__Hspace_0                (abs)        30000E
__Hspace_1                (abs)        000026
__Hspace_2                (abs)        000000
__Hstack                  stack        000000
__Hstruct                 struct       000000
__Htemp                   temp         000026
__Htext                   text         000000
__Htext0                  text0        000000
__Htext1                  text1        000000
__Htext10                 text10       000000
__Htext11                 text11       000000
__Htext12                 text12       000000
__Htext13                 text13       000000
__Htext2                  text2        000000
__Htext3                  text3        000000
__Htext4                  text4        000000
__Htext5                  text5        000000
__Htext7                  text7        000000
__Htext8                  text8        000000
__Htext9                  text9        000000
__LRAM                    (abs)        000001
__Labs1                   abs1         000000
__Lbank0                  bank0        000000
__Lbank1                  bank1        000000
__Lbank2                  bank2        000000
__Lbigbss                 bigbss       000000
__Lbigdata                bigdata      000000
__Lbigram                 bigram       000000
__Lbss                    bss          000000
__LbssCOMRAM              bssCOMRAM    000000
__Lcinit                  cinit        000000
__Lclrtext                clrtext      000000
__Lcomram                 comram       000000
__Lconfig                 config       300000
__Lconst                  const        000000
__LcstackCOMRAM           cstackCOMRAM 000000
__Ldata                   data         000000
__LdataCOMRAM             dataCOMRAM   000000
__Leeprom_data            eeprom_data  000000
__Lfarbss                 farbss       000000
__Lfardata                fardata      000000
__Libigdata               ibigdata     000000
__Lidata                  idata        000000
__LidataCOMRAM            idataCOMRAM  000000
__Lidloc                  idloc        200000
__Lifardata               ifardata     000000
__Linit                   init         0001EC
__Lintcode                intcode      000008
__Lintcode_body           intcode_body 000000
__Lintcodelo              intcodelo    0001EC
__Lintentry               intentry     000000
__Lintret                 intret       000000
__Lintsave_regs           intsave_regs 000000
__Lirdata                 irdata       000000
__Lmediumconst            mediumconst  000000
__LnvFARRAM               nvFARRAM     000000
__Lnvbit                  nvbit        000000
__Lnvrram                 nvrram       000000
__Lparam                  rparam       000000
__Lpowerup                powerup      0001EC
__Lram                    ram          000000
__Lramtop                 ramtop       000300
__Lrbit                   rbit         000000
__Lrbss                   rbss         000000
__Lrdata                  rdata        000000
__Lreset_vec              reset_vec    000000
__Lrparam                 rparam       000000
__Lsfr                    sfr          000000
__Lsmallconst             smallconst   000300
__Lspace_0                (abs)        000000
__Lspace_1                (abs)        000000
__Lspace_2                (abs)        000000
__Lstack                  stack        000000
__Lstruct                 struct       000000
__Ltemp                   temp         000025
__Ltext                   text         000000
__Ltext0                  text0        000000
__Ltext1                  text1        000000
__Ltext10                 text10       000000
__Ltext11                 text11       000000
__Ltext12                 text12       000000
__Ltext13                 text13       000000
__Ltext2                  text2        000000
__Ltext3                  text3        000000
__Ltext4                  text4        000000
__Ltext5                  text5        000000
__Ltext7                  text7        000000
__Ltext8                  text8        000000
__Ltext9                  text9        000000
__S0                      (abs)        30000E
__S1                      (abs)        000026
__S2                      (abs)        000000
___inthi_sp               stack        000000
___intlo_sp               stack        000000
___param_bank             (abs)        000000
___rparam_used            (abs)        000001
___sp                     stack        000000
__accesstop               (abs)        000060
__activetblptr            (abs)        000002
__end_of_ISR              intcode      0001EC
__end_of_UARTReadChar     text13       00061E
__end_of_UARTSendChar     text11       000602
__end_of_UARTSendString   text10       0004AA
__end_of_UARTWriteTest    text12       0005F6
__end_of__initialization  cinit        000572
__end_of_configAD         text5        0005C8
__end_of_configBits       text4        00062A
__end_of_configPWM        text3        0005A4
__end_of_configUSART      text2        0005E6
__end_of_desligaTimer0    text9        000626
__end_of_initTimer0       text1        00060C
__end_of_ligaTimer0       text8        000622
__end_of_main             text0        00054E
__end_of_setEstrategia    text7        000616
__initialization          cinit        00054E
__mediumconst             mediumconst  000000
__pbssCOMRAM              bssCOMRAM    000014
__pcinit                  cinit        00054E
__pcstackCOMRAM           cstackCOMRAM 000001
__pdataCOMRAM             dataCOMRAM   000023
__pidataCOMRAM            idataCOMRAM  000626
__pintcode                intcode      000008
__psmallconst             smallconst   000300
__ptext0                  text0        0004AA
__ptext1                  text1        000602
__ptext10                 text10       0003E4
__ptext11                 text11       0005F6
__ptext12                 text12       0005E6
__ptext13                 text13       000616
__ptext2                  text2        0005C8
__ptext3                  text3        000580
__ptext4                  text4        000628
__ptext5                  text5        0005A4
__ptext7                  text7        00060C
__ptext8                  text8        00061E
__ptext9                  text9        000622
__ramtop                  ramtop       000300
__size_of_ISR             (abs)        000000
__size_of_UARTReadChar    (abs)        000000
__size_of_UARTSendChar    (abs)        000000
__size_of_UARTSendString  (abs)        000000
__size_of_UARTWriteTest   (abs)        000000
__size_of_configAD        (abs)        000000
__size_of_configBits      (abs)        000000
__size_of_configPWM       (abs)        000000
__size_of_configUSART     (abs)        000000
__size_of_desligaTimer0   (abs)        000000
__size_of_initTimer0      (abs)        000000
__size_of_ligaTimer0      (abs)        000000
__size_of_main            (abs)        000000
__size_of_setEstrategia   (abs)        000000
__smallconst              smallconst   000300
_comando                  dataCOMRAM   000023
_configAD                 text5        0005A4
_configBits               text4        000628
_configPWM                text3        000580
_configUSART              text2        0005C8
_desligaTimer0            text9        000622
_initTimer0               text1        000602
_ligaTimer0               text8        00061E
_main                     text0        0004AA
_millis                   bssCOMRAM    000019
_setEstrategia            text7        00060C
_vanal_AN                 bssCOMRAM    00001D
_vdig_AN                  bssCOMRAM    000021
btemp                     temp         000025
end_of_initialization     cinit        000572
initTimer0@tempoInicial   cstackCOMRAM 000010
int$flags                 temp         000025
intlevel0                 text         000000
intlevel1                 text         000000
intlevel2                 text         000000
intlevel3                 text         000000
setEstrategia@c           cstackCOMRAM 000001
stackhi                   (abs)        0002FF
stacklo                   (abs)        000060
start                     init         0001EC
start_initialization      cinit        00054E
ttemp5                    temp         000026
ttemp6                    temp         000029
ttemp7                    temp         00002D
wtemp8                    temp         000026


FUNCTION INFORMATION:

 *************** function _main *****************
 Defined at:
		line 78 in file "main.c"
 Parameters:    Size  Location     Type
		None
 Auto vars:     Size  Location     Type
  AN6             2    0        int 
  AN5             2    0        int 
  AN4             2    0        int 
  AN3             2    0        int 
  AN2             2    0        int 
  AN1             2    0        int 
  AN0             2    0        int 
 Return value:  Size  Location     Type
                  1    wreg      void 
 Registers used:
		wreg, status,2, status,0, cstack
 Tracked objects:
		On entry : 
		On exit  : 
		Unchanged: 
 Data sizes:     COMRAM   BANK0   BANK1   BANK2
      Params:         0       0       0       0
      Locals:         0       0       0       0
      Temps:          2       0       0       0
      Totals:         2       0       0       0
Total ram usage:        2 bytes
 Hardware stack levels required when called:    5
 This function calls:
		_configAD
		_configBits
		_configPWM
		_configUSART
		_initTimer0
 This function is called by:
		Startup code after reset
 This function uses a non-reentrant model


 *************** function _initTimer0 *****************
 Defined at:
		line 10 in file "./Timer0.h"
 Parameters:    Size  Location     Type
  tempoInicial    2   15[COMRAM] int 
 Auto vars:     Size  Location     Type
		None
 Return value:  Size  Location     Type
                  1    wreg      void 
 Registers used:
		wreg, status,2
 Tracked objects:
		On entry : 
		On exit  : 
		Unchanged: 
 Data sizes:     COMRAM   BANK0   BANK1   BANK2
      Params:         2       0       0       0
      Locals:         0       0       0       0
      Temps:          0       0       0       0
      Totals:         2       0       0       0
Total ram usage:        2 bytes
 Hardware stack levels used:    1
 Hardware stack levels required when called:    4
 This function calls:
		Nothing
 This function is called by:
		_main
 This function uses a non-reentrant model


 *************** function _configUSART *****************
 Defined at:
		line 9 in file "./bluetooth.h"
 Parameters:    Size  Location     Type
		None
 Auto vars:     Size  Location     Type
		None
 Return value:  Size  Location     Type
                  1    wreg      void 
 Registers used:
		wreg, status,2
 Tracked objects:
		On entry : 
		On exit  : 
		Unchanged: 
 Data sizes:     COMRAM   BANK0   BANK1   BANK2
      Params:         0       0       0       0
      Locals:         0       0       0       0
      Temps:          0       0       0       0
      Totals:         0       0       0       0
Total ram usage:        0 bytes
 Hardware stack levels used:    1
 Hardware stack levels required when called:    4
 This function calls:
		Nothing
 This function is called by:
		_main
 This function uses a non-reentrant model


 *************** function _configPWM *****************
 Defined at:
		line 9 in file "./PWM.h"
 Parameters:    Size  Location     Type
		None
 Auto vars:     Size  Location     Type
		None
 Return value:  Size  Location     Type
                  1    wreg      void 
 Registers used:
		wreg, status,2
 Tracked objects:
		On entry : 
		On exit  : 
		Unchanged: 
 Data sizes:     COMRAM   BANK0   BANK1   BANK2
      Params:         0       0       0       0
      Locals:         0       0       0       0
      Temps:          0       0       0       0
      Totals:         0       0       0       0
Total ram usage:        0 bytes
 Hardware stack levels used:    1
 Hardware stack levels required when called:    4
 This function calls:
		Nothing
 This function is called by:
		_main
 This function uses a non-reentrant model


 *************** function _configBits *****************
 Defined at:
		line 12 in file "./geral.h"
 Parameters:    Size  Location     Type
		None
 Auto vars:     Size  Location     Type
		None
 Return value:  Size  Location     Type
                  1    wreg      void 
 Registers used:
		None
 Tracked objects:
		On entry : 
		On exit  : 
		Unchanged: 
 Data sizes:     COMRAM   BANK0   BANK1   BANK2
      Params:         0       0       0       0
      Locals:         0       0       0       0
      Temps:          0       0       0       0
      Totals:         0       0       0       0
Total ram usage:        0 bytes
 Hardware stack levels used:    1
 Hardware stack levels required when called:    4
 This function calls:
		Nothing
 This function is called by:
		_main
 This function uses a non-reentrant model


 *************** function _configAD *****************
 Defined at:
		line 8 in file "./ADC.h"
 Parameters:    Size  Location     Type
		None
 Auto vars:     Size  Location     Type
		None
 Return value:  Size  Location     Type
                  1    wreg      void 
 Registers used:
		wreg, status,2
 Tracked objects:
		On entry : 
		On exit  : 
		Unchanged: 
 Data sizes:     COMRAM   BANK0   BANK1   BANK2
      Params:         0       0       0       0
      Locals:         0       0       0       0
      Temps:          0       0       0       0
      Totals:         0       0       0       0
Total ram usage:        0 bytes
 Hardware stack levels used:    1
 Hardware stack levels required when called:    4
 This function calls:
		Nothing
 This function is called by:
		_main
 This function uses a non-reentrant model


 *************** function _ISR *****************
 Defined at:
		line 22 in file "main.c"
 Parameters:    Size  Location     Type
		None
 Auto vars:     Size  Location     Type
		None
 Return value:  Size  Location     Type
                  1    wreg      void 
 Registers used:
		wreg, fsr0l, fsr0h, status,2, status,0, tblptrl, tblptrh, tblptru, cstack
 Tracked objects:
		On entry : 
		On exit  : 
		Unchanged: 
 Data sizes:     COMRAM   BANK0   BANK1   BANK2
      Params:         0       0       0       0
      Locals:         0       0       0       0
      Temps:          6       0       0       0
      Totals:         6       0       0       0
Total ram usage:        6 bytes
 Hardware stack levels used:    1
 Hardware stack levels required when called:    3
 This function calls:
		_UARTReadChar
		_UARTSendString
		_desligaTimer0
		_ligaTimer0
		_setEstrategia
 This function is called by:
		Interrupt level 2
 This function uses a non-reentrant model


 *************** function _setEstrategia *****************
 Defined at:
		line 39 in file "./bluetooth.h"
 Parameters:    Size  Location     Type
  c               2    0[COMRAM] PTR unsigned char 
		 -> STR_32(9), STR_30(9), STR_28(9), STR_26(9), 
		 -> STR_24(11), 
 Auto vars:     Size  Location     Type
		None
 Return value:  Size  Location     Type
                  1    wreg      void 
 Registers used:
		wreg, status,2, status,0
 Tracked objects:
		On entry : 
		On exit  : 
		Unchanged: 
 Data sizes:     COMRAM   BANK0   BANK1   BANK2
      Params:         2       0       0       0
      Locals:         0       0       0       0
      Temps:          0       0       0       0
      Totals:         2       0       0       0
Total ram usage:        2 bytes
 Hardware stack levels used:    1
 This function calls:
		Nothing
 This function is called by:
		_ISR
 This function uses a non-reentrant model


 *************** function _ligaTimer0 *****************
 Defined at:
		line 19 in file "./Timer0.h"
 Parameters:    Size  Location     Type
		None
 Auto vars:     Size  Location     Type
		None
 Return value:  Size  Location     Type
                  1    wreg      void 
 Registers used:
		None
 Tracked objects:
		On entry : 
		On exit  : 
		Unchanged: 
 Data sizes:     COMRAM   BANK0   BANK1   BANK2
      Params:         0       0       0       0
      Locals:         0       0       0       0
      Temps:          0       0       0       0
      Totals:         0       0       0       0
Total ram usage:        0 bytes
 Hardware stack levels used:    1
 This function calls:
		Nothing
 This function is called by:
		_ISR
 This function uses a non-reentrant model


 *************** function _desligaTimer0 *****************
 Defined at:
		line 15 in file "./Timer0.h"
 Parameters:    Size  Location     Type
		None
 Auto vars:     Size  Location     Type
		None
 Return value:  Size  Location     Type
                  1    wreg      void 
 Registers used:
		None
 Tracked objects:
		On entry : 
		On exit  : 
		Unchanged: 
 Data sizes:     COMRAM   BANK0   BANK1   BANK2
      Params:         0       0       0       0
      Locals:         0       0       0       0
      Temps:          0       0       0       0
      Totals:         0       0       0       0
Total ram usage:        0 bytes
 Hardware stack levels used:    1
 This function calls:
		Nothing
 This function is called by:
		_ISR
 This function uses a non-reentrant model


 *************** function _UARTSendString *****************
 Defined at:
		line 57 in file "./bluetooth.h"
 Parameters:    Size  Location     Type
  str             2    1[COMRAM] PTR unsigned char 
		 -> STR_33(12), STR_31(12), STR_29(12), STR_27(12), 
		 -> STR_25(19), STR_23(10), STR_22(11), STR_21(2), 
		 -> STR_20(11), STR_19(2), STR_18(6), STR_17(2), 
		 -> STR_16(6), STR_15(2), STR_14(6), STR_13(2), 
		 -> STR_12(6), STR_11(2), STR_10(6), STR_9(2), 
		 -> STR_8(6), STR_7(2), STR_6(6), STR_5(2), 
		 -> STR_4(6), STR_3(15), STR_2(14), valorConvUART@string(5), 
  max_length      2    3[COMRAM] const int 
 Auto vars:     Size  Location     Type
  i               2    7[COMRAM] int 
 Return value:  Size  Location     Type
                  1    wreg      void 
 Registers used:
		wreg, fsr0l, fsr0h, status,2, status,0, tblptrl, tblptrh, tblptru, cstack
 Tracked objects:
		On entry : 
		On exit  : 
		Unchanged: 
 Data sizes:     COMRAM   BANK0   BANK1   BANK2
      Params:         4       0       0       0
      Locals:         2       0       0       0
      Temps:          2       0       0       0
      Totals:         8       0       0       0
Total ram usage:        8 bytes
 Hardware stack levels used:    1
 Hardware stack levels required when called:    2
 This function calls:
		_UARTSendChar
		_UARTWriteTest
 This function is called by:
		_ISR
		_testeMotores
		_testeAD
 This function uses a non-reentrant model


 *************** function _UARTSendChar *****************
 Defined at:
		line 52 in file "./bluetooth.h"
 Parameters:    Size  Location     Type
  c               1    wreg     unsigned char 
 Auto vars:     Size  Location     Type
  c               1    0[COMRAM] unsigned char 
 Return value:  Size  Location     Type
                  1    wreg      void 
 Registers used:
		wreg, cstack
 Tracked objects:
		On entry : 
		On exit  : 
		Unchanged: 
 Data sizes:     COMRAM   BANK0   BANK1   BANK2
      Params:         0       0       0       0
      Locals:         1       0       0       0
      Temps:          0       0       0       0
      Totals:         1       0       0       0
Total ram usage:        1 bytes
 Hardware stack levels used:    1
 Hardware stack levels required when called:    1
 This function calls:
		_UARTWriteTest
 This function is called by:
		_UARTSendString
 This function uses a non-reentrant model


 *************** function _UARTWriteTest *****************
 Defined at:
		line 48 in file "./bluetooth.h"
 Parameters:    Size  Location     Type
		None
 Auto vars:     Size  Location     Type
		None
 Return value:  Size  Location     Type
                  1    wreg      void 
 Registers used:
		None
 Tracked objects:
		On entry : 
		On exit  : 
		Unchanged: 
 Data sizes:     COMRAM   BANK0   BANK1   BANK2
      Params:         0       0       0       0
      Locals:         0       0       0       0
      Temps:          0       0       0       0
      Totals:         0       0       0       0
Total ram usage:        0 bytes
 Hardware stack levels used:    1
 This function calls:
		Nothing
 This function is called by:
		_UARTSendChar
		_UARTSendString
 This function uses a non-reentrant model


 *************** function _UARTReadChar *****************
 Defined at:
		line 43 in file "./bluetooth.h"
 Parameters:    Size  Location     Type
		None
 Auto vars:     Size  Location     Type
  ler             1    0[COMRAM] unsigned char 
 Return value:  Size  Location     Type
                  1    wreg      unsigned char 
 Registers used:
		wreg, status,2
 Tracked objects:
		On entry : 
		On exit  : 
		Unchanged: 
 Data sizes:     COMRAM   BANK0   BANK1   BANK2
      Params:         0       0       0       0
      Locals:         1       0       0       0
      Temps:          0       0       0       0
      Totals:         1       0       0       0
Total ram usage:        1 bytes
 Hardware stack levels used:    1
 This function calls:
		Nothing
 This function is called by:
		_ISR
 This function uses a non-reentrant model



MODULE INFORMATION

Module		Function		Class		Link	Load	Size
./bluetooth.h
		_configUSART   		CODE           	05C8	0000	31
		_UARTSendString		CODE           	03E4	0000	199
		_setEstrategia 		CODE           	060C	0000	11
		_UARTWriteTest 		CODE           	05E6	0000	17
		_UARTReadChar  		CODE           	0616	0000	9
		_UARTSendChar  		CODE           	05F6	0000	13

./bluetooth.h estimated size: 280

./geral.h
		_configBits    		CODE           	0628	0000	3

./geral.h estimated size: 3

./PWM.h
		_configPWM     		CODE           	0580	0000	37

./PWM.h estimated size: 37

./ADC.h
		_configAD      		CODE           	05A4	0000	37

./ADC.h estimated size: 37

./Timer0.h
		_initTimer0    		CODE           	0602	0000	11
		_ligaTimer0    		CODE           	061E	0000	5
		_desligaTimer0 		CODE           	0622	0000	5

./Timer0.h estimated size: 21

shared
		__initialization		CODE           	054E	0000	37

shared estimated size: 37

main.c
		_ISR           		CODE           	0008	0000	485
		_main          		CODE           	04AA	0000	165

main.c estimated size: 650

