Microchip MPLAB XC8 Compiler V2.36

Linker command line:

-W-3 --edf=C:\Program Files\Microchip\xc8\v2.36\pic\dat\en_msgs.txt -cn \
  -h+dist/default/production\robouvc.X.production.sym \
  --cmf=dist/default/production\robouvc.X.production.cmf -z -Q18F4431 \
  -oC:\Users\Roberto\AppData\Local\Temp\xcAs7o8.4 --defsym=__MPLAB_BUILD=1 \
  -Mdist/default/production/robouvc.X.production.map \
  --md=C:\Users\Roberto\AppData\Local\Temp\xcAs7o8.dat -E1 \
  -ver=XC8 Compiler --acfsm=1493 -ACODE=00h-03FFFh -ACONST=00h-03FFFh \
  -ASMALLCONST=0300h-03FFhx61 -AMEDIUMCONST=0300h-03FFFh -ACOMRAM=01h-05Fh \
  -AABS1=00h-02FFh -ABIGRAM=01h-02FFh -ARAM=060h-0FFh,0100h-01FFhx2 \
  -ABANK0=060h-0FFh -ABANK1=0100h-01FFh -ABANK2=0200h-02FFh \
  -ASFR=0F60h-0FFFh -ABIGSFR=0F60h-0FFFh -ACONFIG=0300000h-030000Dh \
  -AIDLOC=0200000h-0200007h -AEEDATA=0F00000h-0F000FFh -peeprom_data=EEDATA \
  -preset_vec=00h,intcode=08h,intcodelo,powerup,init -pramtop=0300h \
  -psmallconst=SMALLCONST -pmediumconst=MEDIUMCONST -pconst=CONST \
  -AFARRAM=00h-00h \
  -prdata=COMRAM,nvrram=COMRAM,nvbit=COMRAM,rbss=COMRAM,rbit=COMRAM \
  -pfarbss=FARRAM,fardata=FARRAM,nvFARRAM=FARRAM \
  -pintsave_regs=BIGRAM,bigbss=BIGRAM,bigdata=BIGRAM -pbss=RAM \
  -pidata=CODE,irdata=CODE,ibigdata=CODE,ifardata=CODE -prparam=COMRAM \
  C:\Users\Roberto\AppData\Local\Temp\xcAs7o8.o \
  dist/default/production\robouvc.X.production.o 

Object code version is 3.11

Machine type is 18F4431



                Name                               Link     Load   Length Selector   Space Scale
C:\Users\Roberto\AppData\Local\Temp\xcAs7o8.o
                idloc                            200000   200000        8        0       5
                config                           300000   300000        E        0       4
                init                                2E0      2E0        4        4       0
                reset_vec                             0        0        4        0       0
dist/default/production\robouvc.X.production.o
                intcode                               8        8      2D8        4       0
                idloc                            200000   200000        8        0       5
                config                           300000   300000        E        0       4
                temp                                 4D       4D        1        1       1
                mediumconst                        3EA4     3EA4      15C     1F52       0
                text55                             34B8     34B8        4        4       0
                text54                             349E     349E        A        4       0
                text53                             34B0     34B0        8        4       0
                text52                             3460     3460       10        4       0
                text51                             3488     3488        C        4       0
                text50                             2C0C     2C0C       C6        4       0
                text49                             33A4     33A4       26        4       0
                text48                             337E     337E       26        4       0
                text47                             3358     3358       26        4       0
                text46                             3332     3332       26        4       0
                text45                             330C     330C       26        4       0
                text43                             3450     3450       10        4       0
                text42                             347C     347C        C        4       0
                text41                             2B40     2B40       CC        4       0
                text40                             2EF8     2EF8       AA        4       0
                text39                             2680     2680      108        4       0
                text38                             311E     311E       5A        4       0
                text37                              C18      C18      42C        4       0
                text36                             1E9C     1E9C      1B4        4       0
                text35                             2FA2     2FA2       A8        4       0
                text34                             2464     2464      114        4       0
                text33                             2CD2     2CD2       C4        4       0
                text32                             2E48     2E48       B0        4       0
                text31                             2D96     2D96       B2        4       0
                text30                             19D4     19D4      2B4        4       0
                text29                             34A8     34A8        8        4       0
                text28                             33EE     33EE       24        4       0
                text27                             34BC     34BC        2        4       0
                text26                             33CA     33CA       24        4       0
                text25                             3432     3432       1E        4       0
                text24                             3494     3494        A        4       0
                text23                              2E4      2E4      4C2        4       0
                text22                             31CA     31CA       48        4       0
                text21                             2788     2788      104        4       0
                text20                             3412     3412       20        4       0
                text19                             288C     288C       F8        4       0
                text18                             2202     2202      134        4       0
                text17                             32E6     32E6       26        4       0
                text16                             32C0     32C0       26        4       0
                text15                             329A     329A       26        4       0
                text14                             3274     3274       26        4       0
                text13                             324E     324E       26        4       0
                text12                             30C2     30C2       5C        4       0
                text11                             2A66     2A66       DA        4       0
                text10                             1044     1044      39C        4       0
                text9                              2050     2050      1B2        4       0
                text8                              16F2     16F2      2E2        4       0
                text7                              1C88     1C88      214        4       0
                text6                              2984     2984       E2        4       0
                text5                              2578     2578      108        4       0
                text4                              304A     304A       78        4       0
                text3                              3212     3212       3C        4       0
                text2                              2336     2336      12E        4       0
                text1                               7A6      7A6      472        4       0
                text0                              13E0     13E0      312        4       0
                cstackCOMRAM                          1        1       3B        1       1
                cstackBANK0                          60       60       52       60       1
                cstackBANK1                         128      128        F      100       1
                bssBANK1                            100      100       28      100       1
                dataBANK0                            F4       F4        C       60       1
                bssBANK0                             B2       B2       42       60       1
                bssCOMRAM                            3C       3C       11        1       1
                cinit                              3178     3178       52        4       0
                idataBANK0                         3470     3470        C        4       0

TOTAL           Name                               Link     Load   Length     Space
        CLASS   CODE           
                intcode                               8        8      2D8         0
                init                                2E0      2E0        4         0
                reset_vec                             0        0        4         0
                text55                             34B8     34B8        4         0
                text54                             349E     349E        A         0
                text53                             34B0     34B0        8         0
                text52                             3460     3460       10         0
                text51                             3488     3488        C         0
                text50                             2C0C     2C0C       C6         0
                text49                             33A4     33A4       26         0
                text48                             337E     337E       26         0
                text47                             3358     3358       26         0
                text46                             3332     3332       26         0
                text45                             330C     330C       26         0
                text43                             3450     3450       10         0
                text42                             347C     347C        C         0
                text41                             2B40     2B40       CC         0
                text40                             2EF8     2EF8       AA         0
                text39                             2680     2680      108         0
                text38                             311E     311E       5A         0
                text37                              C18      C18      42C         0
                text36                             1E9C     1E9C      1B4         0
                text35                             2FA2     2FA2       A8         0
                text34                             2464     2464      114         0
                text33                             2CD2     2CD2       C4         0
                text32                             2E48     2E48       B0         0
                text31                             2D96     2D96       B2         0
                text30                             19D4     19D4      2B4         0
                text29                             34A8     34A8        8         0
                text28                             33EE     33EE       24         0
                text27                             34BC     34BC        2         0
                text26                             33CA     33CA       24         0
                text25                             3432     3432       1E         0
                text24                             3494     3494        A         0
                text23                              2E4      2E4      4C2         0
                text22                             31CA     31CA       48         0
                text21                             2788     2788      104         0
                text20                             3412     3412       20         0
                text19                             288C     288C       F8         0
                text18                             2202     2202      134         0
                text17                             32E6     32E6       26         0
                text16                             32C0     32C0       26         0
                text15                             329A     329A       26         0
                text14                             3274     3274       26         0
                text13                             324E     324E       26         0
                text12                             30C2     30C2       5C         0
                text11                             2A66     2A66       DA         0
                text10                             1044     1044      39C         0
                text9                              2050     2050      1B2         0
                text8                              16F2     16F2      2E2         0
                text7                              1C88     1C88      214         0
                text6                              2984     2984       E2         0
                text5                              2578     2578      108         0
                text4                              304A     304A       78         0
                text3                              3212     3212       3C         0
                text2                              2336     2336      12E         0
                text1                               7A6      7A6      472         0
                text0                              13E0     13E0      312         0
                cinit                              3178     3178       52         0
                idataBANK0                         3470     3470        C         0

        CLASS   CONST          

        CLASS   SMALLCONST     

        CLASS   MEDIUMCONST    
                mediumconst                        3EA4     3EA4      15C         0

        CLASS   COMRAM         
                temp                                 4D       4D        1         1
                cstackCOMRAM                          1        1       3B         1
                bssCOMRAM                            3C       3C       11         1

        CLASS   ABS1           

        CLASS   BIGRAM         

        CLASS   RAM            

        CLASS   BANK0          
                cstackBANK0                          60       60       52         1
                dataBANK0                            F4       F4        C         1
                bssBANK0                             B2       B2       42         1

        CLASS   BANK1          
                cstackBANK1                         128      128        F         1
                bssBANK1                            100      100       28         1

        CLASS   BANK2          

        CLASS   SFR            

        CLASS   BIGSFR         

        CLASS   CONFIG         
                config                           300000   300000        E         4

        CLASS   IDLOC          
                idloc                            200000   200000        8         5

        CLASS   EEDATA         

        CLASS   FARRAM         

        CLASS   HEAP           

        CLASS   STACK          



SEGMENTS        Name                           Load    Length   Top    Selector   Space  Class

                reset_vec                      000000  000004  000004         0       0  CODE    
                cstackCOMRAM                   000001  00004D  00004E         1       1  COMRAM  
                intcode                        000008  0034B6  0034BE         4       0  CODE    
                cstackBANK0                    000060  0000A0  000100        60       1  BANK0   
                bssBANK1                       000100  000037  000137       100       1  BANK1   
                mediumconst                    003EA4  00015C  004000      1F52       0  MEDIUMCO


UNUSED ADDRESS RANGES

        Name                Unused          Largest block    Delta
        BANK1            000137-0001FF               C9
        BANK2            000200-0002FF              100
        BIGRAM           00004E-00005F               12
                         000137-0002FF              1C9
        BIGSFR           000F60-000FFF               A0
        CODE             000004-000007                4
                         0034BE-003EA3              9E6
        COMRAM           00004E-00005F               12
        CONST            000004-000007                4
                         0034BE-003EA3              9E6
        EEDATA           F00000-F000FF              100
        MEDIUMCONST      0034BE-003EA3              9E6
        RAM              000137-0002FF               C9
        SFR              000F60-000FFF               A0
        SMALLCONST       0034BE-003EA3              100

                                  Symbol Table

?___awdiv                   cstackCOMRAM 000013
?___awmod                   cstackCOMRAM 00001B
?___fladd                   cstackBANK0  000071
?___fldiv                   cstackBANK0  000089
?___flmul                   cstackCOMRAM 000033
?___flsub                   cstackBANK0  000081
?___fltol                   cstackBANK0  000081
?___wmul                    cstackCOMRAM 000013
?___xxtofl                  cstackCOMRAM 000025
?_bitExtract                cstackCOMRAM 000013
?_getAD_AN                  cstackBANK0  00008B
?_getAD_ANbit               cstackCOMRAM 000021
?_myStrncmp                 cstackCOMRAM 000018
?_posicao                   cstackBANK0  0000A2
?_readAD_AN                 cstackBANK0  000071
?_readAD_ANbit              cstackCOMRAM 000013
?_strcmp                    cstackCOMRAM 000013
?_valorConvUART             cstackBANK0  000091
?_valorConvUARTbit          cstackCOMRAM 000025
?i2___wmul                  cstackCOMRAM 000001
PrintSensores@millisAtual   cstackBANK0  0000AC
UARTReadChar@ler            cstackCOMRAM 000013
UARTSendChar@c              cstackCOMRAM 000013
UARTSendString@i            cstackBANK0  0000A6
UARTSendString@max_length   cstackBANK0  0000A2
UARTSendString@str          cstackBANK0  0000A0
_ADCHSbits                  (abs)        000F99
_ADCON0bits                 (abs)        000FC2
_ADCON1bits                 (abs)        000FC1
_ADCON2bits                 (abs)        000FC0
_ADCON3                     (abs)        000F9A
_ADRESH                     (abs)        000FC4
_ADRESL                     (abs)        000FC3
_ANSEL0                     (abs)        000FB8
_ANSEL1                     (abs)        000FB9
_D                          bssBANK0     0000CE
_DTCON                      (abs)        000F6D
_I                          bssBANK0     0000D2
_INTCONbits                 (abs)        000FF2
_ISR                        intcode      000008
_OVDCOND                    (abs)        000F6B
_OVDCONS                    (abs)        000F6A
_P                          bssBANK0     0000D6
_PDC0H                      (abs)        000F78
_PDC0L                      (abs)        000F79
_PDC1H                      (abs)        000F76
_PDC1L                      (abs)        000F77
_PDC2H                      (abs)        000F74
_PDC2L                      (abs)        000F75
_PDC3H                      (abs)        000F72
_PDC3L                      (abs)        000F73
_PID                        bssBANK0     0000CA
_PID_int                    bssBANK0     0000EE
_PIE1bits                   (abs)        000F9D
_PIR1bits                   (abs)        000F9E
_PORTB                      (abs)        000F81
_PORTBbits                  (abs)        000F81
_PORTC                      (abs)        000F82
_PORTD                      (abs)        000F83
_PORTE                      (abs)        000F84
_PTCON0                     (abs)        000F7F
_PTCON1                     (abs)        000F7E
_PTPERH                     (abs)        000F7A
_PTPERL                     (abs)        000F7B
_PWMCON0                    (abs)        000F6F
_PWMCON1                    (abs)        000F6E
_PrintSensores              text30       0019D4
_RC0                        (abs)        007C10
_RC1                        (abs)        007C11
_RC2                        (abs)        007C12
_RC3                        (abs)        007C13
_RCREG                      (abs)        000FAE
_RCSTAbits                  (abs)        000FAB
_SPBRG                      (abs)        000FAF
_T0CON                      (abs)        000FD5
_TMR0IF                     (abs)        007F92
_TMR0L                      (abs)        000FD6
_TMR0ON                     (abs)        007EAF
_TRISA                      (abs)        000F92
_TRISB                      (abs)        000F93
_TRISC                      (abs)        000F94
_TRISCbits                  (abs)        000F94
_TRISD                      (abs)        000F95
_TRISE                      (abs)        000F96
_TRMT                       (abs)        007D61
_TXREG                      (abs)        000FAD
_TXSTAbits                  (abs)        000FAC
_UARTReadChar               text29       0034A8
_UARTSendChar               text42       00347C
_UARTSendString             text41       002B40
_UARTWriteTest              text43       003450
__HRAM                      (abs)        000000
__Habs1                     abs1         000000
__Hbank0                    bank0        000000
__Hbank1                    bank1        000000
__Hbank2                    bank2        000000
__Hbigbss                   bigbss       000000
__Hbigdata                  bigdata      000000
__Hbigram                   bigram       000000
__Hbigsfr                   bigsfr       000000
__Hbss                      bss          000000
__HbssBANK0                 bssBANK0     000000
__HbssBANK1                 bssBANK1     000000
__HbssCOMRAM                bssCOMRAM    000000
__Hcinit                    cinit        000000
__Hclrtext                  clrtext      000000
__Hcomram                   comram       000000
__Hconfig                   config       30000E
__Hconst                    const        000000
__HcstackBANK0              cstackBANK0  000000
__HcstackBANK1              cstackBANK1  000000
__HcstackCOMRAM             cstackCOMRAM 000000
__Hdata                     data         000000
__HdataBANK0                dataBANK0    000000
__Heeprom_data              eeprom_data  000000
__Hfarbss                   farbss       000000
__Hfardata                  fardata      000000
__Hheap                     heap         000000
__Hibigdata                 ibigdata     000000
__Hidata                    idata        000000
__HidataBANK0               idataBANK0   000000
__Hidloc                    idloc        200008
__Hifardata                 ifardata     000000
__Hinit                     init         0002E4
__Hintcode                  intcode      0002E0
__Hintcode_body             intcode_body 000000
__Hintcodelo                intcodelo    0002E0
__Hintentry                 intentry     000000
__Hintret                   intret       000000
__Hintsave_regs             intsave_regs 000000
__Hirdata                   irdata       000000
__Hmediumconst              mediumconst  004000
__HnvFARRAM                 nvFARRAM     000000
__Hnvbit                    nvbit        000000
__Hnvrram                   nvrram       000000
__Hparam                    rparam       000000
__Hpowerup                  powerup      0002E0
__Hram                      ram          000000
__Hramtop                   ramtop       000300
__Hrbit                     rbit         000000
__Hrbss                     rbss         000000
__Hrdata                    rdata        000000
__Hreset_vec                reset_vec    000004
__Hrparam                   rparam       000000
__Hsfr                      sfr          000000
__Hsmallconst               smallconst   000000
__Hspace_0                  (abs)        004000
__Hspace_1                  (abs)        000137
__Hspace_2                  (abs)        000000
__Hspace_4                  (abs)        60000E
__Hstack                    stack        000000
__Hstruct                   struct       000000
__Htemp                     temp         00004E
__Htext                     text         000000
__Htext0                    text0        000000
__Htext1                    text1        000000
__Htext10                   text10       000000
__Htext11                   text11       000000
__Htext12                   text12       000000
__Htext13                   text13       000000
__Htext14                   text14       000000
__Htext15                   text15       000000
__Htext16                   text16       000000
__Htext17                   text17       000000
__Htext18                   text18       000000
__Htext19                   text19       000000
__Htext2                    text2        000000
__Htext20                   text20       000000
__Htext21                   text21       000000
__Htext22                   text22       000000
__Htext23                   text23       000000
__Htext24                   text24       000000
__Htext25                   text25       000000
__Htext26                   text26       000000
__Htext27                   text27       000000
__Htext28                   text28       000000
__Htext29                   text29       000000
__Htext3                    text3        000000
__Htext30                   text30       000000
__Htext31                   text31       000000
__Htext32                   text32       000000
__Htext33                   text33       000000
__Htext34                   text34       000000
__Htext35                   text35       000000
__Htext36                   text36       000000
__Htext37                   text37       000000
__Htext38                   text38       000000
__Htext39                   text39       000000
__Htext4                    text4        000000
__Htext40                   text40       000000
__Htext41                   text41       000000
__Htext42                   text42       000000
__Htext43                   text43       000000
__Htext45                   text45       000000
__Htext46                   text46       000000
__Htext47                   text47       000000
__Htext48                   text48       000000
__Htext49                   text49       000000
__Htext5                    text5        000000
__Htext50                   text50       000000
__Htext51                   text51       000000
__Htext52                   text52       000000
__Htext53                   text53       000000
__Htext54                   text54       000000
__Htext55                   text55       000000
__Htext6                    text6        000000
__Htext7                    text7        000000
__Htext8                    text8        000000
__Htext9                    text9        000000
__LRAM                      (abs)        000001
__Labs1                     abs1         000000
__Lbank0                    bank0        000000
__Lbank1                    bank1        000000
__Lbank2                    bank2        000000
__Lbigbss                   bigbss       000000
__Lbigdata                  bigdata      000000
__Lbigram                   bigram       000000
__Lbigsfr                   bigsfr       000000
__Lbss                      bss          000000
__LbssBANK0                 bssBANK0     000000
__LbssBANK1                 bssBANK1     000000
__LbssCOMRAM                bssCOMRAM    000000
__Lcinit                    cinit        000000
__Lclrtext                  clrtext      000000
__Lcomram                   comram       000000
__Lconfig                   config       000000
__Lconst                    const        000000
__LcstackBANK0              cstackBANK0  000000
__LcstackBANK1              cstackBANK1  000000
__LcstackCOMRAM             cstackCOMRAM 000000
__Ldata                     data         000000
__LdataBANK0                dataBANK0    000000
__Leeprom_data              eeprom_data  000000
__Lfarbss                   farbss       000000
__Lfardata                  fardata      000000
__Lheap                     heap         000000
__Libigdata                 ibigdata     000000
__Lidata                    idata        000000
__LidataBANK0               idataBANK0   000000
__Lidloc                    idloc        000000
__Lifardata                 ifardata     000000
__Linit                     init         0002E0
__Lintcode                  intcode      000008
__Lintcode_body             intcode_body 000000
__Lintcodelo                intcodelo    0002E0
__Lintentry                 intentry     000000
__Lintret                   intret       000000
__Lintsave_regs             intsave_regs 000000
__Lirdata                   irdata       000000
__Lmediumconst              mediumconst  003EA4
__LnvFARRAM                 nvFARRAM     000000
__Lnvbit                    nvbit        000000
__Lnvrram                   nvrram       000000
__Lparam                    rparam       000000
__Lpowerup                  powerup      0002E0
__Lram                      ram          000000
__Lramtop                   ramtop       000300
__Lrbit                     rbit         000000
__Lrbss                     rbss         000000
__Lrdata                    rdata        000000
__Lreset_vec                reset_vec    000000
__Lrparam                   rparam       000000
__Lsfr                      sfr          000000
__Lsmallconst               smallconst   000000
__Lspace_0                  (abs)        000000
__Lspace_1                  (abs)        000000
__Lspace_2                  (abs)        000000
__Lspace_4                  (abs)        000000
__Lstack                    stack        000000
__Lstruct                   struct       000000
__Ltemp                     temp         00004D
__Ltext                     text         000000
__Ltext0                    text0        000000
__Ltext1                    text1        000000
__Ltext10                   text10       000000
__Ltext11                   text11       000000
__Ltext12                   text12       000000
__Ltext13                   text13       000000
__Ltext14                   text14       000000
__Ltext15                   text15       000000
__Ltext16                   text16       000000
__Ltext17                   text17       000000
__Ltext18                   text18       000000
__Ltext19                   text19       000000
__Ltext2                    text2        000000
__Ltext20                   text20       000000
__Ltext21                   text21       000000
__Ltext22                   text22       000000
__Ltext23                   text23       000000
__Ltext24                   text24       000000
__Ltext25                   text25       000000
__Ltext26                   text26       000000
__Ltext27                   text27       000000
__Ltext28                   text28       000000
__Ltext29                   text29       000000
__Ltext3                    text3        000000
__Ltext30                   text30       000000
__Ltext31                   text31       000000
__Ltext32                   text32       000000
__Ltext33                   text33       000000
__Ltext34                   text34       000000
__Ltext35                   text35       000000
__Ltext36                   text36       000000
__Ltext37                   text37       000000
__Ltext38                   text38       000000
__Ltext39                   text39       000000
__Ltext4                    text4        000000
__Ltext40                   text40       000000
__Ltext41                   text41       000000
__Ltext42                   text42       000000
__Ltext43                   text43       000000
__Ltext45                   text45       000000
__Ltext46                   text46       000000
__Ltext47                   text47       000000
__Ltext48                   text48       000000
__Ltext49                   text49       000000
__Ltext5                    text5        000000
__Ltext50                   text50       000000
__Ltext51                   text51       000000
__Ltext52                   text52       000000
__Ltext53                   text53       000000
__Ltext54                   text54       000000
__Ltext55                   text55       000000
__Ltext6                    text6        000000
__Ltext7                    text7        000000
__Ltext8                    text8        000000
__Ltext9                    text9        000000
__S0                        (abs)        004000
__S1                        (abs)        000137
__S4                        (abs)        000000
__S5                        (abs)        000000
___awdiv                    text33       002CD2
___awdiv@counter            cstackCOMRAM 000017
___awdiv@dividend           cstackCOMRAM 000013
___awdiv@divisor            cstackCOMRAM 000015
___awdiv@quotient           cstackCOMRAM 000019
___awdiv@sign               cstackCOMRAM 000018
___awmod                    text32       002E48
___awmod@counter            cstackCOMRAM 00001F
___awmod@dividend           cstackCOMRAM 00001B
___awmod@divisor            cstackCOMRAM 00001D
___awmod@sign               cstackCOMRAM 000020
___fladd                    text23       0002E4
___fladd@a                  cstackBANK0  000075
___fladd@aexp               cstackBANK0  00007E
___fladd@b                  cstackBANK0  000071
___fladd@bexp               cstackBANK0  00007F
___fladd@grs                cstackBANK0  000080
___fladd@signs              cstackBANK0  00007D
___fldiv                    text10       001044
___fldiv@a                  cstackBANK0  00008D
___fldiv@aexp               cstackBANK0  0000A1
___fldiv@b                  cstackBANK0  000089
___fldiv@bexp               cstackBANK0  0000A0
___fldiv@grs                cstackBANK0  00009C
___fldiv@new_exp            cstackBANK0  00009A
___fldiv@rem                cstackBANK0  000095
___fldiv@sign               cstackBANK0  000099
___fleq                     text40       002EF8
___fleq@ff1                 cstackCOMRAM 000013
___fleq@ff2                 cstackCOMRAM 000017
___flge                     text21       002788
___flge@ff1                 cstackCOMRAM 000013
___flge@ff2                 cstackCOMRAM 000017
___flmul                    text37       000C18
___flmul@a                  cstackCOMRAM 000037
___flmul@aexp               cstackBANK0  000065
___flmul@b                  cstackCOMRAM 000033
___flmul@bexp               cstackBANK0  00006A
___flmul@grs                cstackBANK0  000066
___flmul@prod               cstackBANK0  00006B
___flmul@sign               cstackBANK0  000064
___flmul@temp               cstackBANK0  00006F
___flsub                    text22       0031CA
___flsub@a                  cstackBANK0  000085
___flsub@b                  cstackBANK0  000081
___fltol                    text39       002680
___fltol@exp1               cstackBANK0  00008A
___fltol@f1                 cstackBANK0  000081
___fltol@sign1              cstackBANK0  000089
___heap_hi                  (abs)        000000
___heap_lo                  (abs)        000000
___inthi_sp                 stack        000000
___intlo_sp                 stack        000000
___param_bank               (abs)        000000
___rparam_used              (abs)        000001
___sp                       stack        000000
___wmul                     text17       0032E6
___wmul@multiplicand        cstackCOMRAM 000015
___wmul@multiplier          cstackCOMRAM 000013
___wmul@product             cstackCOMRAM 000017
___xxtofl                   text36       001E9C
___xxtofl@arg               cstackCOMRAM 00002F
___xxtofl@exp               cstackCOMRAM 00002E
___xxtofl@sign              cstackCOMRAM 00002D
___xxtofl@val               cstackCOMRAM 000025
__accesstop                 (abs)        000060
__activetblptr              (abs)        000002
__end_of_ISR                intcode      0002E0
__end_of_PrintSensores      text30       001C88
__end_of_UARTReadChar       text29       0034B0
__end_of_UARTSendChar       text42       003488
__end_of_UARTSendString     text41       002C0C
__end_of_UARTWriteTest      text43       003460
__end_of___awdiv            text33       002D96
__end_of___awmod            text32       002EF8
__end_of___fladd            text23       0007A6
__end_of___fldiv            text10       0013E0
__end_of___fleq             text40       002FA2
__end_of___flge             text21       00288C
__end_of___flmul            text37       001044
__end_of___flsub            text22       003212
__end_of___fltol            text39       002788
__end_of___wmul             text17       00330C
__end_of___xxtofl           text36       002050
__end_of__initialization    cinit        0031BC
__end_of_bitExtract         text38       003178
__end_of_configAD           text28       003412
__end_of_configBits         text27       0034BE
__end_of_configDA           text18       002336
__end_of_configPWM          text26       0033EE
__end_of_configUSART        text25       003450
__end_of_getAD_AN           text34       002578
__end_of_getAD_ANbit        text19       002984
__end_of_initTimer0         text24       00349E
__end_of_lados              text12       00311E
__end_of_ligaTimer0         text55       0034BC
__end_of_main               text0        0016F2
__end_of_moverMotor         text11       002B40
__end_of_myStrncmp          text3        00324E
__end_of_posicao            text9        002202
__end_of_readAD_AN          text35       00304A
__end_of_readAD_ANbit       text20       003432
__end_of_setComando         text54       0034A8
__end_of_setDutyPWM0        text16       0032E6
__end_of_setDutyPWM2        text15       0032C0
__end_of_setDutyPWM4        text14       00329A
__end_of_setDutyPWM6        text13       003274
__end_of_setPID             text8        0019D4
__end_of_strcmp             text4        0030C2
__end_of_testeAD            text7        001E9C
__end_of_testeADbit         text5        002680
__end_of_testeLampadas      text2        002464
__end_of_testeMotores       text1        000C18
__end_of_valorConvUART      text31       002E48
__end_of_valorConvUARTbit   text6        002A66
__end_ofi2_UARTReadChar     text53       0034B8
__end_ofi2_UARTSendChar     text51       003494
__end_ofi2_UARTSendString   text50       002CD2
__end_ofi2_UARTWriteTest    text52       003470
__end_ofi2___wmul           text49       0033CA
__end_ofi2_setDutyPWM0      text48       0033A4
__end_ofi2_setDutyPWM2      text47       00337E
__end_ofi2_setDutyPWM4      text46       003358
__end_ofi2_setDutyPWM6      text45       003332
__initialization            cinit        003178
__mediumconst               mediumconst  003EA4
__pbssBANK0                 bssBANK0     0000B2
__pbssBANK1                 bssBANK1     000100
__pbssCOMRAM                bssCOMRAM    00003C
__pcinit                    cinit        003178
__pcstackBANK0              cstackBANK0  000060
__pcstackBANK1              cstackBANK1  000128
__pcstackCOMRAM             cstackCOMRAM 000001
__pdataBANK0                dataBANK0    0000F4
__pidataBANK0               idataBANK0   003470
__pintcode                  intcode      000008
__pmediumconst              mediumconst  003EA4
__ptext0                    text0        0013E0
__ptext1                    text1        0007A6
__ptext10                   text10       001044
__ptext11                   text11       002A66
__ptext12                   text12       0030C2
__ptext13                   text13       00324E
__ptext14                   text14       003274
__ptext15                   text15       00329A
__ptext16                   text16       0032C0
__ptext17                   text17       0032E6
__ptext18                   text18       002202
__ptext19                   text19       00288C
__ptext2                    text2        002336
__ptext20                   text20       003412
__ptext21                   text21       002788
__ptext22                   text22       0031CA
__ptext23                   text23       0002E4
__ptext24                   text24       003494
__ptext25                   text25       003432
__ptext26                   text26       0033CA
__ptext27                   text27       0034BC
__ptext28                   text28       0033EE
__ptext29                   text29       0034A8
__ptext3                    text3        003212
__ptext30                   text30       0019D4
__ptext31                   text31       002D96
__ptext32                   text32       002E48
__ptext33                   text33       002CD2
__ptext34                   text34       002464
__ptext35                   text35       002FA2
__ptext36                   text36       001E9C
__ptext37                   text37       000C18
__ptext38                   text38       00311E
__ptext39                   text39       002680
__ptext4                    text4        00304A
__ptext40                   text40       002EF8
__ptext41                   text41       002B40
__ptext42                   text42       00347C
__ptext43                   text43       003450
__ptext45                   text45       00330C
__ptext46                   text46       003332
__ptext47                   text47       003358
__ptext48                   text48       00337E
__ptext49                   text49       0033A4
__ptext5                    text5        002578
__ptext50                   text50       002C0C
__ptext51                   text51       003488
__ptext52                   text52       003460
__ptext53                   text53       0034B0
__ptext54                   text54       00349E
__ptext55                   text55       0034B8
__ptext6                    text6        002984
__ptext7                    text7        001C88
__ptext8                    text8        0016F2
__ptext9                    text9        002050
__ramtop                    ramtop       000300
__smallconst                smallconst   000000
_bitExtract                 text38       00311E
_comando                    dataBANK0    0000FE
_configAD                   text28       0033EE
_configBits                 text27       0034BC
_configDA                   text18       002202
_configPWM                  text26       0033CA
_configUSART                text25       003432
_de                         bssBANK0     0000BE
_dt                         bssBANK0     0000C2
_erro                       bssBANK0     0000DA
_erroi                      bssBANK0     0000B6
_getAD_AN                   text34       002464
_getAD_ANbit                text19       00288C
_i                          bssCOMRAM    00004A
_initTimer0                 text24       003494
_kd                         bssCOMRAM    000046
_ki                         bssBANK0     0000C6
_kp                         dataBANK0    0000F4
_lados                      text12       0030C2
_leitura                    bssBANK1     000100
_ligaTimer0                 text55       0034B8
_main                       text0        0013E0
_millis                     bssBANK0     0000E6
_millisPassado              bssBANK0     0000B2
_moverMotor                 text11       002A66
_myStrncmp                  text3        003212
_porcVelo                   dataBANK0    0000FC
_pos                        bssBANK0     0000DE
_posicao                    text9        002050
_posin                      bssBANK0     0000E2
_readAD_AN                  text35       002FA2
_readAD_AN$1588             cstackBANK0  000075
_readAD_ANbit               text20       003412
_recebidoChar               bssCOMRAM    00004C
_sensor                     bssBANK1     000114
_setComando                 text54       00349E
_setDutyPWM0                text16       0032C0
_setDutyPWM2                text15       00329A
_setDutyPWM4                text14       003274
_setDutyPWM6                text13       00324E
_setPID                     text8        0016F2
_setPID$1589                cstackBANK0  0000A8
_setPID$1590                cstackBANK0  0000AC
_setPID$1591                cstackBANK0  0000B0
_setpoint                   dataBANK0    0000F8
_strcmp                     text4        00304A
_testeAD                    text7        001C88
_testeADbit                 text5        002578
_testeLampadas              text2        002336
_testeMotores               text1        0007A6
_tf                         bssBANK0     0000BA
_valorConvUART              text31       002D96
_valorConvUART$1586         cstackBANK0  00009E
_valorConvUARTbit           text6        002984
_valorConvUARTbit$1587      cstackCOMRAM 000034
_vanal_AN                   bssBANK0     0000EA
_vdig_AN                    bssBANK0     0000F2
bitExtract@k                cstackCOMRAM 000015
bitExtract@numero           cstackCOMRAM 000013
bitExtract@posicao          cstackCOMRAM 000017
btemp                       temp         00004D
configDA@i                  cstackCOMRAM 000035
end_of_initialization       cinit        0031BC
getAD_AN@ANread             cstackBANK0  00008D
getAD_AN@porta              cstackBANK0  00008B
getAD_ANbit@ANread          cstackCOMRAM 000023
getAD_ANbit@porta           cstackCOMRAM 000021
i2UARTReadChar@ler          cstackCOMRAM 000001
i2UARTSendChar@c            cstackCOMRAM 000001
i2UARTSendString@i          cstackCOMRAM 000008
i2UARTSendString@max_length cstackCOMRAM 000004
i2UARTSendString@str        cstackCOMRAM 000002
i2_UARTReadChar             text53       0034B0
i2_UARTSendChar             text51       003488
i2_UARTSendString           text50       002C0C
i2_UARTWriteTest            text52       003460
i2___wmul                   text49       0033A4
i2___wmul@multiplicand      cstackCOMRAM 000003
i2___wmul@multiplier        cstackCOMRAM 000001
i2___wmul@product           cstackCOMRAM 000005
i2_setDutyPWM0              text48       00337E
i2_setDutyPWM2              text47       003358
i2_setDutyPWM4              text46       003332
i2_setDutyPWM6              text45       00330C
i2setDutyPWM0@porcVelo      cstackCOMRAM 000007
i2setDutyPWM0@velo          cstackCOMRAM 000009
i2setDutyPWM2@porcVelo      cstackCOMRAM 000007
i2setDutyPWM2@velo          cstackCOMRAM 000009
i2setDutyPWM4@porcVelo      cstackCOMRAM 000007
i2setDutyPWM4@velo          cstackCOMRAM 000009
i2setDutyPWM6@porcVelo      cstackCOMRAM 000007
i2setDutyPWM6@velo          cstackCOMRAM 000009
initTimer0@tempoInicial     cstackCOMRAM 000013
int$flags                   temp         00004D
intlevel0                   text         000000
intlevel1                   text         000000
intlevel2                   text         000000
intlevel3                   text         000000
isa$std                     (abs)        000001
isa$xinst                   (abs)        000000
lados@lado                  cstackCOMRAM 00003B
lados@porcVelo              cstackBANK0  00008B
moverMotor@PID              cstackBANK0  00008D
myStrncmp@str1              cstackCOMRAM 000018
myStrncmp@str2              cstackCOMRAM 00001A
posicao@i                   cstackBANK1  000134
posicao@local               cstackBANK1  000128
posicao@pos                 cstackBANK1  00012C
posicao@total               cstackBANK1  000130
setComando@c                cstackCOMRAM 000001
setDutyPWM0@porcVelo        cstackCOMRAM 000019
setDutyPWM0@velo            cstackCOMRAM 00001B
setDutyPWM2@porcVelo        cstackCOMRAM 000019
setDutyPWM2@velo            cstackCOMRAM 00001B
setDutyPWM4@porcVelo        cstackCOMRAM 000019
setDutyPWM4@velo            cstackCOMRAM 00001B
setDutyPWM6@porcVelo        cstackCOMRAM 000019
setDutyPWM6@velo            cstackCOMRAM 00001B
stackhi                     (abs)        000000
stacklo                     (abs)        000000
start                       init         0002E0
start_initialization        cinit        003178
strcmp@l                    cstackCOMRAM 000013
strcmp@r                    cstackCOMRAM 000015
testeADbit@i                cstackBANK0  0000AC
testeADbit@string           cstackBANK0  0000AA
testeLampadas@i             cstackCOMRAM 000023
testeMotores@i              cstackBANK0  0000A8
ttemp5                      temp         00004E
ttemp6                      temp         000051
ttemp7                      temp         000055
valorConvUART@centena       cstackBANK0  000098
valorConvUART@dezena        cstackBANK0  00009A
valorConvUART@string        cstackBANK0  000093
valorConvUART@unidade       cstackBANK0  00009C
valorConvUART@valor         cstackBANK0  000091
valorConvUARTbit@centena    cstackCOMRAM 00002E
valorConvUARTbit@dezena     cstackCOMRAM 000030
valorConvUARTbit@milhar     cstackCOMRAM 00002C
valorConvUARTbit@string     cstackCOMRAM 000027
valorConvUARTbit@unidade    cstackCOMRAM 000032
valorConvUARTbit@valor      cstackCOMRAM 000025
wtemp8                      temp         00004E


MODULE INFORMATION

Module		Function		Class		Link	Load	Size
./Seguidor.h
		_setPID        		CODE           	16F2	0000	738
		_configDA      		CODE           	2202	0000	308
		_posicao       		CODE           	2050	0000	434
		_PrintSensores 		CODE           	19D4	0000	692
		_moverMotor    		CODE           	2A66	0000	218
		_lados         		CODE           	30C2	0000	92

./Seguidor.h estimated size: 2482

./geral.h
		_bitExtract    		CODE           	311E	0000	90
		_testeMotores  		CODE           	07A6	0000	1138
		_testeLampadas 		CODE           	2336	0000	302
		_testeAD       		CODE           	1C88	0000	532
		_configBits    		CODE           	34BC	0000	2
		_testeADbit    		CODE           	2578	0000	264
		_myStrncmp     		CODE           	3212	0000	60

./geral.h estimated size: 2388

./bluetooth.h
		_configUSART   		CODE           	3432	0000	30
		_UARTSendString		CODE           	2B40	0000	204
		_setComando    		CODE           	349E	0000	10
		_UARTWriteTest 		CODE           	3450	0000	16
		_UARTReadChar  		CODE           	34A8	0000	8
		_UARTSendChar  		CODE           	347C	0000	12

./bluetooth.h estimated size: 280

./PWM.h
		_configPWM     		CODE           	33CA	0000	36
		_setDutyPWM0   		CODE           	32C0	0000	38
		_setDutyPWM2   		CODE           	329A	0000	38
		_setDutyPWM4   		CODE           	3274	0000	38
		_setDutyPWM6   		CODE           	324E	0000	38

./PWM.h estimated size: 188

C:\Program Files\Microchip\xc8\v2.36\pic\sources\c99\common\sprcmul.c
		___flmul       		CODE           	0C18	0000	1068

C:\Program Files\Microchip\xc8\v2.36\pic\sources\c99\common\sprcmul.c estimated size: 1068

./ADC.h
		_getAD_AN      		CODE           	2464	0000	276
		_getAD_ANbit   		CODE           	288C	0000	248
		_readAD_AN     		CODE           	2FA2	0000	168
		_configAD      		CODE           	33EE	0000	36
		_readAD_ANbit  		CODE           	3412	0000	32
		_valorConvUART 		CODE           	2D96	0000	178
		_valorConvUARTbit		CODE           	2984	0000	226

./ADC.h estimated size: 1164

C:\Program Files\Microchip\xc8\v2.36\pic\sources\c99\common\sprcdiv.c
		___fldiv       		CODE           	1044	0000	924

C:\Program Files\Microchip\xc8\v2.36\pic\sources\c99\common\sprcdiv.c estimated size: 924

C:\Program Files\Microchip\xc8\v2.36\pic\sources\c99\common\fleq.c
		___fleq        		CODE           	2EF8	0000	170

C:\Program Files\Microchip\xc8\v2.36\pic\sources\c99\common\fleq.c estimated size: 170

C:\Program Files\Microchip\xc8\v2.36\pic\sources\c99\common\awmod.c
		___awmod       		CODE           	2E48	0000	176

C:\Program Files\Microchip\xc8\v2.36\pic\sources\c99\common\awmod.c estimated size: 176

C:\Program Files\Microchip\xc8\v2.36\pic\sources\c99\common\xxtofl.c
		___xxtofl      		CODE           	1E9C	0000	436

C:\Program Files\Microchip\xc8\v2.36\pic\sources\c99\common\xxtofl.c estimated size: 436

C:\Program Files\Microchip\xc8\v2.36\pic\sources\c99\common\strcmp.c
		_strcmp        		CODE           	304A	0000	120

C:\Program Files\Microchip\xc8\v2.36\pic\sources\c99\common\strcmp.c estimated size: 120

./Timer0.h
		_initTimer0    		CODE           	3494	0000	10
		_ligaTimer0    		CODE           	34B8	0000	4

./Timer0.h estimated size: 14

C:\Program Files\Microchip\xc8\v2.36\pic\sources\c99\common\sprcadd.c
		___flsub       		CODE           	31CA	0000	72
		___fladd       		CODE           	02E4	0000	1218

C:\Program Files\Microchip\xc8\v2.36\pic\sources\c99\common\sprcadd.c estimated size: 1290

C:\Program Files\Microchip\xc8\v2.36\pic\sources\c99\common\awdiv.c
		___awdiv       		CODE           	2CD2	0000	196

C:\Program Files\Microchip\xc8\v2.36\pic\sources\c99\common\awdiv.c estimated size: 196

C:\Program Files\Microchip\xc8\v2.36\pic\sources\c99\common\fltol.c
		___fltol       		CODE           	2680	0000	264

C:\Program Files\Microchip\xc8\v2.36\pic\sources\c99\common\fltol.c estimated size: 264

shared
		i2_UARTSendString		CODE           	2C0C	0000	198
		i2_setDutyPWM0 		CODE           	337E	0000	38
		i2_setDutyPWM2 		CODE           	3358	0000	38
		i2_setDutyPWM4 		CODE           	3332	0000	38
		i2_setDutyPWM6 		CODE           	330C	0000	38
		i2_UARTSendChar		CODE           	3488	0000	12
		i2_UARTWriteTest		CODE           	3460	0000	16
		i2___wmul      		CODE           	33A4	0000	38
		__initialization		CODE           	3178	0000	68
		i2_UARTReadChar		CODE           	34B0	0000	8

shared estimated size: 492

C:\Program Files\Microchip\xc8\v2.36\pic\sources\c99\common\flge.c
		___flge        		CODE           	2788	0000	260

C:\Program Files\Microchip\xc8\v2.36\pic\sources\c99\common\flge.c estimated size: 260

main.c
		_ISR           		CODE           	0008	0000	728
		_main          		CODE           	13E0	0000	786

main.c estimated size: 1514

C:\Program Files\Microchip\xc8\v2.36\pic\sources\c99\common\Umul16.c
		___wmul        		CODE           	32E6	0000	38

C:\Program Files\Microchip\xc8\v2.36\pic\sources\c99\common\Umul16.c estimated size: 38

